Archive member included to satisfy reference by file (symbol)

c:/ti/msp430-gcc/bin/../lib/gcc/msp430-elf/9.2.0/large/full-memory-range\libgcc.a(lib2divHI.o)
                              ./schedulers/vtrr/vtrr.o (__mspabi_divu)
c:/ti/msp430-gcc/bin/../lib/gcc/msp430-elf/9.2.0/../../../../msp430-elf/lib/large/full-memory-range\libc.a(lib_a-snprintf.o)
                              ./arch/hal.o (snprintf)
c:/ti/msp430-gcc/bin/../lib/gcc/msp430-elf/9.2.0/../../../../msp430-elf/lib/large/full-memory-range\libc.a(lib_a-impure.o)
                              c:/ti/msp430-gcc/bin/../lib/gcc/msp430-elf/9.2.0/../../../../msp430-elf/lib/large/full-memory-range\libc.a(lib_a-snprintf.o) (_impure_ptr)
c:/ti/msp430-gcc/bin/../lib/gcc/msp430-elf/9.2.0/../../../../msp430-elf/lib/large/full-memory-range\libc.a(lib_a-nano-svfprintf.o)
                              c:/ti/msp430-gcc/bin/../lib/gcc/msp430-elf/9.2.0/../../../../msp430-elf/lib/large/full-memory-range\libc.a(lib_a-snprintf.o) (_svfprintf_r)
c:/ti/msp430-gcc/bin/../lib/gcc/msp430-elf/9.2.0/../../../../msp430-elf/lib/large/full-memory-range\libc.a(lib_a-nano-vfprintf_i.o)
                              c:/ti/msp430-gcc/bin/../lib/gcc/msp430-elf/9.2.0/../../../../msp430-elf/lib/large/full-memory-range\libc.a(lib_a-nano-svfprintf.o) (_printf_i)
c:/ti/msp430-gcc/bin/../lib/gcc/msp430-elf/9.2.0/../../../../msp430-elf/lib/large/full-memory-range\libc.a(lib_a-memchr.o)
                              c:/ti/msp430-gcc/bin/../lib/gcc/msp430-elf/9.2.0/../../../../msp430-elf/lib/large/full-memory-range\libc.a(lib_a-nano-svfprintf.o) (memchr)
c:/ti/msp430-gcc/bin/../lib/gcc/msp430-elf/9.2.0/../../../../msp430-elf/lib/large/full-memory-range\libc.a(lib_a-memcpy.o)
                              c:/ti/msp430-gcc/bin/../lib/gcc/msp430-elf/9.2.0/../../../../msp430-elf/lib/large/full-memory-range\libc.a(lib_a-nano-svfprintf.o) (memcpy)
c:/ti/msp430-gcc/bin/../lib/gcc/msp430-elf/9.2.0/../../../../msp430-elf/lib/large/full-memory-range\libc.a(lib_a-memmove.o)
                              c:/ti/msp430-gcc/bin/../lib/gcc/msp430-elf/9.2.0/../../../../msp430-elf/lib/large/full-memory-range\libc.a(lib_a-nano-svfprintf.o) (memmove)
c:/ti/msp430-gcc/bin/../lib/gcc/msp430-elf/9.2.0/../../../../msp430-elf/lib/large/full-memory-range\libc.a(lib_a-nano-freer.o)
                              c:/ti/msp430-gcc/bin/../lib/gcc/msp430-elf/9.2.0/../../../../msp430-elf/lib/large/full-memory-range\libc.a(lib_a-nano-svfprintf.o) (_free_r)
c:/ti/msp430-gcc/bin/../lib/gcc/msp430-elf/9.2.0/../../../../msp430-elf/lib/large/full-memory-range\libc.a(lib_a-nano-mallocr.o)
                              c:/ti/msp430-gcc/bin/../lib/gcc/msp430-elf/9.2.0/../../../../msp430-elf/lib/large/full-memory-range\libc.a(lib_a-nano-svfprintf.o) (_malloc_r)
c:/ti/msp430-gcc/bin/../lib/gcc/msp430-elf/9.2.0/../../../../msp430-elf/lib/large/full-memory-range\libc.a(lib_a-nano-reallocr.o)
                              c:/ti/msp430-gcc/bin/../lib/gcc/msp430-elf/9.2.0/../../../../msp430-elf/lib/large/full-memory-range\libc.a(lib_a-nano-svfprintf.o) (_realloc_r)
c:/ti/msp430-gcc/bin/../lib/gcc/msp430-elf/9.2.0/../../../../msp430-elf/lib/large/full-memory-range\libc.a(lib_a-sbrkr.o)
                              c:/ti/msp430-gcc/bin/../lib/gcc/msp430-elf/9.2.0/../../../../msp430-elf/lib/large/full-memory-range\libc.a(lib_a-nano-mallocr.o) (_sbrk_r)
c:/ti/msp430-gcc/bin/../lib/gcc/msp430-elf/9.2.0/../../../../msp430-elf/lib/large/full-memory-range\libc.a(lib_a-nano-msizer.o)
                              c:/ti/msp430-gcc/bin/../lib/gcc/msp430-elf/9.2.0/../../../../msp430-elf/lib/large/full-memory-range\libc.a(lib_a-nano-reallocr.o) (_malloc_usable_size_r)
c:/ti/msp430-gcc/bin/../lib/gcc/msp430-elf/9.2.0/../../../../msp430-elf/lib/large/full-memory-range\libc.a(lib_a-reent.o)
                              c:/ti/msp430-gcc/bin/../lib/gcc/msp430-elf/9.2.0/../../../../msp430-elf/lib/large/full-memory-range\libc.a(lib_a-sbrkr.o) (errno)
c:/ti/msp430-gcc/bin/../lib/gcc/msp430-elf/9.2.0/large/full-memory-range\libgcc.a(lib2divSI.o)
                              c:/ti/msp430-gcc/bin/../lib/gcc/msp430-elf/9.2.0/../../../../msp430-elf/lib/large/full-memory-range\libc.a(lib_a-nano-vfprintf_i.o) (__mspabi_divul)
c:/ti/msp430-gcc/bin/../lib/gcc/msp430-elf/9.2.0/large/full-memory-range\libgcc.a(slli.o)
                              c:/ti/msp430-gcc/bin/../lib/gcc/msp430-elf/9.2.0/../../../../msp430-elf/lib/large/full-memory-range\libc.a(lib_a-nano-svfprintf.o) (__mspabi_slli)
c:/ti/msp430-gcc/bin/../lib/gcc/msp430-elf/9.2.0/large/full-memory-range\libgcc.a(_udivdi3.o)
                              c:/ti/msp430-gcc/bin/../lib/gcc/msp430-elf/9.2.0/large/full-memory-range\libgcc.a(lib2divSI.o) (__mspabi_divull)
c:/ti/msp430-gcc/bin/../lib/gcc/msp430-elf/9.2.0/large/full-memory-range\libgcc.a(srli.o)
                              c:/ti/msp430-gcc/bin/../lib/gcc/msp430-elf/9.2.0/large/full-memory-range\libgcc.a(_udivdi3.o) (__mspabi_srlll)
[...]
Memory Configuration

Name             Origin             Length             Attributes
TINYRAM          0x0000000a         0x00000016
BSL              0x00001000         0x00000800
RAM              0x00001c00         0x00001000
LEARAM           0x00002c00         0x00000ec8
LEASTACK         0x00003ac8         0x00000138
INFOMEM          0x00001800         0x00000200
INFOD            0x00001800         0x00000080
INFOC            0x00001880         0x00000080
INFOB            0x00001900         0x00000080
INFOA            0x00001980         0x00000080
ROM              0x00004000         0x0000bf80         xr
HIFRAM           0x00010000         0x00033fff         xrw
JTAGSIGNATURE    0x0000ff80         0x00000004
BSLSIGNATURE     0x0000ff84         0x00000004
IPESIGNATURE     0x0000ff88         0x00000008
VECT0            0x0000ff90         0x00000002
VECT1            0x0000ff92         0x00000002
VECT2            0x0000ff94         0x00000002
VECT3            0x0000ff96         0x00000002
VECT4            0x0000ff98         0x00000002
VECT5            0x0000ff9a         0x00000002
VECT6            0x0000ff9c         0x00000002
VECT7            0x0000ff9e         0x00000002
VECT8            0x0000ffa0         0x00000002
VECT9            0x0000ffa2         0x00000002
VECT10           0x0000ffa4         0x00000002
VECT11           0x0000ffa6         0x00000002
VECT12           0x0000ffa8         0x00000002
VECT13           0x0000ffaa         0x00000002
VECT14           0x0000ffac         0x00000002
VECT15           0x0000ffae         0x00000002
VECT16           0x0000ffb0         0x00000002
VECT17           0x0000ffb2         0x00000002
VECT18           0x0000ffb4         0x00000002
VECT19           0x0000ffb6         0x00000002
VECT20           0x0000ffb8         0x00000002
VECT21           0x0000ffba         0x00000002
VECT22           0x0000ffbc         0x00000002
VECT23           0x0000ffbe         0x00000002
VECT24           0x0000ffc0         0x00000002
VECT25           0x0000ffc2         0x00000002
VECT26           0x0000ffc4         0x00000002
VECT27           0x0000ffc6         0x00000002
VECT28           0x0000ffc8         0x00000002
VECT29           0x0000ffca         0x00000002
VECT30           0x0000ffcc         0x00000002
VECT31           0x0000ffce         0x00000002
VECT32           0x0000ffd0         0x00000002
VECT33           0x0000ffd2         0x00000002
VECT34           0x0000ffd4         0x00000002
VECT35           0x0000ffd6         0x00000002
VECT36           0x0000ffd8         0x00000002
VECT37           0x0000ffda         0x00000002
VECT38           0x0000ffdc         0x00000002
VECT39           0x0000ffde         0x00000002
VECT40           0x0000ffe0         0x00000002
VECT41           0x0000ffe2         0x00000002
VECT42           0x0000ffe4         0x00000002
VECT43           0x0000ffe6         0x00000002
VECT44           0x0000ffe8         0x00000002
VECT45           0x0000ffea         0x00000002
VECT46           0x0000ffec         0x00000002
VECT47           0x0000ffee         0x00000002
VECT48           0x0000fff0         0x00000002
VECT49           0x0000fff2         0x00000002
VECT50           0x0000fff4         0x00000002
VECT51           0x0000fff6         0x00000002
VECT52           0x0000fff8         0x00000002
VECT53           0x0000fffa         0x00000002
VECT54           0x0000fffc         0x00000002
RESETVEC         0x0000fffe         0x00000002
*default*        0x00000000         0xffffffff

Linker script and memory map

LOAD c:/ti/msp430-gcc/bin/../lib/gcc/msp430-elf/9.2.0/../../../../msp430-elf/lib/large/full-memory-range/crt0.o
LOAD c:/ti/msp430-gcc/bin/../lib/gcc/msp430-elf/9.2.0/large/full-memory-range/crtbegin_no_eh.o
LOAD ./main.o
LOAD ./arch/hal.o
LOAD ./core/irq.o
LOAD ./core/panic.o
LOAD ./core/sched.o
LOAD ./core/thread.o
LOAD ./ds/rbtree.o
LOAD ./private/sched_impl.o
LOAD ./private/sleep_queue.o
LOAD ./private/thread_impl.o
LOAD ./schedulers/lottery/lottery.o
LOAD ./schedulers/vtrr/vtrr.o
START GROUP
LOAD c:/ti/msp430-gcc/bin/../lib/gcc/msp430-elf/9.2.0/large/full-memory-range\libgcc.a
LOAD c:/ti/msp430-gcc/bin/../lib/gcc/msp430-elf/9.2.0/../../../../msp430-elf/lib/large/full-memory-range\libc.a
END GROUP
LOAD c:/ti/msp430-gcc/bin/../lib/gcc/msp430-elf/9.2.0/large/full-memory-range\libgcc.a
START GROUP
LOAD c:/ti/msp430-gcc/bin/../lib/gcc/msp430-elf/9.2.0/large/full-memory-range\libmul_f5.a
LOAD c:/ti/msp430-gcc/bin/../lib/gcc/msp430-elf/9.2.0/../../../../msp430-elf/lib/large/full-memory-range\libc.a
LOAD c:/ti/msp430-gcc/bin/../lib/gcc/msp430-elf/9.2.0/large/full-memory-range\libgcc.a
LOAD c:/ti/msp430-gcc/bin/../lib/gcc/msp430-elf/9.2.0/../../../../msp430-elf/lib/large/full-memory-range\libcrt.a
LOAD c:/ti/msp430-gcc/bin/../lib/gcc/msp430-elf/9.2.0/../../../../msp430-elf/lib/large/full-memory-range\libnosys.a
END GROUP
LOAD c:/ti/msp430-gcc/bin/../lib/gcc/msp430-elf/9.2.0/large/full-memory-range\libgcc.a
LOAD c:/ti/msp430-gcc/bin/../lib/gcc/msp430-elf/9.2.0/large/full-memory-range/crtend_no_eh.o
LOAD c:/ti/msp430-gcc/bin/../lib/gcc/msp430-elf/9.2.0/large/full-memory-range\libgcc.a

.leaRAM

.jtagsignature

.bslsignature

.ipe
 *(.ipesignature)
 *(.jtagpassword)

__interrupt_vector_0
 *(__interrupt_vector_0)

__interrupt_vector_1
 *(__interrupt_vector_1)

__interrupt_vector_2
 *(__interrupt_vector_2)

__interrupt_vector_3
 *(__interrupt_vector_3)

__interrupt_vector_4
 *(__interrupt_vector_4)

__interrupt_vector_5
 *(__interrupt_vector_5)

__interrupt_vector_6
 *(__interrupt_vector_6)

__interrupt_vector_7
 *(__interrupt_vector_7)

__interrupt_vector_8
 *(__interrupt_vector_8)

__interrupt_vector_9
 *(__interrupt_vector_9)

__interrupt_vector_10
 *(__interrupt_vector_10)

__interrupt_vector_11
 *(__interrupt_vector_11)

__interrupt_vector_12
 *(__interrupt_vector_12)

__interrupt_vector_13
 *(__interrupt_vector_13)

__interrupt_vector_14
 *(__interrupt_vector_14)

__interrupt_vector_15
 *(__interrupt_vector_15)

__interrupt_vector_16
 *(__interrupt_vector_16)

__interrupt_vector_17
 *(__interrupt_vector_17)

__interrupt_vector_18
 *(__interrupt_vector_18)
 *(__interrupt_vector_lea)

__interrupt_vector_19
 *(__interrupt_vector_19)
 *(__interrupt_vector_port8)

__interrupt_vector_20
 *(__interrupt_vector_20)
 *(__interrupt_vector_port7)

__interrupt_vector_21
 *(__interrupt_vector_21)
 *(__interrupt_vector_eusci_b3)

__interrupt_vector_22
 *(__interrupt_vector_22)
 *(__interrupt_vector_eusci_b2)

__interrupt_vector_23
 *(__interrupt_vector_23)
 *(__interrupt_vector_eusci_b1)

__interrupt_vector_24
 *(__interrupt_vector_24)
 *(__interrupt_vector_eusci_a3)

__interrupt_vector_25
 *(__interrupt_vector_25)
 *(__interrupt_vector_eusci_a2)

__interrupt_vector_26
 *(__interrupt_vector_26)
 *(__interrupt_vector_port6)

__interrupt_vector_27
 *(__interrupt_vector_27)
 *(__interrupt_vector_port5)

__interrupt_vector_28
 *(__interrupt_vector_28)
 *(__interrupt_vector_timer4_a1)

__interrupt_vector_29
 *(__interrupt_vector_29)
 *(__interrupt_vector_timer4_a0)

__interrupt_vector_30
 *(__interrupt_vector_30)
 *(__interrupt_vector_aes256)

__interrupt_vector_31
 *(__interrupt_vector_31)
 *(__interrupt_vector_rtc_c)

__interrupt_vector_32
 *(__interrupt_vector_32)
 *(__interrupt_vector_port4)

__interrupt_vector_33
 *(__interrupt_vector_33)
 *(__interrupt_vector_port3)

__interrupt_vector_34
 *(__interrupt_vector_34)
 *(__interrupt_vector_timer3_a1)

__interrupt_vector_35
 *(__interrupt_vector_35)
 *(__interrupt_vector_timer3_a0)

__interrupt_vector_36
 *(__interrupt_vector_36)
 *(__interrupt_vector_port2)

__interrupt_vector_37
 *(__interrupt_vector_37)
 *(__interrupt_vector_timer2_a1)

__interrupt_vector_38
 *(__interrupt_vector_38)
 *(__interrupt_vector_timer2_a0)

__interrupt_vector_39
 *(__interrupt_vector_39)
 *(__interrupt_vector_port1)

__interrupt_vector_40
 *(__interrupt_vector_40)
 *(__interrupt_vector_timer1_a1)

__interrupt_vector_41
 *(__interrupt_vector_41)
 *(__interrupt_vector_timer1_a0)

__interrupt_vector_42
 *(__interrupt_vector_42)
 *(__interrupt_vector_dma)

__interrupt_vector_43
 *(__interrupt_vector_43)
 *(__interrupt_vector_eusci_a1)

__interrupt_vector_44
                0x0000ffe8        0x2
 *(__interrupt_vector_44)
 __interrupt_vector_44
                0x0000ffe8        0x2 ./arch/hal.o
 *(__interrupt_vector_timer0_a1)

__interrupt_vector_45
                0x0000ffea        0x2
 *(__interrupt_vector_45)
 __interrupt_vector_45
                0x0000ffea        0x2 ./arch/hal.o
 *(__interrupt_vector_timer0_a0)

__interrupt_vector_46
 *(__interrupt_vector_46)
 *(__interrupt_vector_adc12_b)

__interrupt_vector_47
 *(__interrupt_vector_47)
 *(__interrupt_vector_eusci_b0)

__interrupt_vector_48
 *(__interrupt_vector_48)
 *(__interrupt_vector_eusci_a0)

__interrupt_vector_49
 *(__interrupt_vector_49)
 *(__interrupt_vector_wdt)

__interrupt_vector_50
 *(__interrupt_vector_50)
 *(__interrupt_vector_timer0_b1)

__interrupt_vector_51
 *(__interrupt_vector_51)
 *(__interrupt_vector_timer0_b0)

__interrupt_vector_52
 *(__interrupt_vector_52)
 *(__interrupt_vector_comp_e)

__interrupt_vector_53
 *(__interrupt_vector_53)
 *(__interrupt_vector_unmi)

__interrupt_vector_54
 *(__interrupt_vector_54)
 *(__interrupt_vector_sysnmi)

__reset_vector  0x0000fffe        0x2
 *(__interrupt_vector_55)
 *(__interrupt_vector_reset)
 *(.resetvec)
 .resetvec      0x0000fffe        0x2 c:/ti/msp430-gcc/bin/../lib/gcc/msp430-elf/9.2.0/../../../../msp430-elf/lib/large/full-memory-range/crt0.o

.lower.rodata   0x00004000        0x0
                0x00004000                . = ALIGN (0x2)
 *(.lower.rodata.* .lower.rodata)

.rodata         0x00004000      0x122
                0x00004000                . = ALIGN (0x2)
 *(.plt)
 *(.rodata .rodata.* .gnu.linkonce.r.* .const .const:*)
 .rodata.arch_thread_exit.str1.1
                0x00004000       0x18 ./arch/hal.o
 .rodata.arch_panic.str1.1
                0x00004018        0x8 ./arch/hal.o
 .rodata.arch_yield.str1.1
                0x00004020       0x1a ./arch/hal.o
 .rodata.arch_sleep_for.str1.1
                0x0000403a       0x4e ./arch/hal.o
 .rodata.str1.1
                0x00004088       0x2d ./arch/hal.o
 .rodata.vtrr_run.str1.1
                0x000040b5       0x1e ./schedulers/vtrr/vtrr.o
 .rodata.str1.1
                0x000040d3        0x2 c:/ti/msp430-gcc/bin/../lib/gcc/msp430-elf/9.2.0/../../../../msp430-elf/lib/large/full-memory-range\libc.a(lib_a-impure.o)
 .rodata._svfprintf_r.str1.1
                0x000040d5       0x11 c:/ti/msp430-gcc/bin/../lib/gcc/msp430-elf/9.2.0/../../../../msp430-elf/lib/large/full-memory-range\libc.a(lib_a-nano-svfprintf.o)
 .rodata._printf_i.str1.1
                0x000040e6       0x22 c:/ti/msp430-gcc/bin/../lib/gcc/msp430-elf/9.2.0/../../../../msp430-elf/lib/large/full-memory-range\libc.a(lib_a-nano-vfprintf_i.o)
 .rodata._sbrk.str1.1
                0x00004108       0x1a c:/ti/msp430-gcc/bin/../lib/gcc/msp430-elf/9.2.0/../../../../msp430-elf/lib/large/full-memory-range\libnosys.a(sbrk.o)
 *(.rodata1)
 *(.gcc_except_table)
 *(.gcc_except_table.*)
                [!provide]                PROVIDE (__preinit_array_start = .)
 *(.preinit_array)
                [!provide]                PROVIDE (__preinit_array_end = .)
                [!provide]                PROVIDE (__init_array_start = .)
 *(SORT_BY_NAME(.init_array.*))
 *(.init_array)
                [!provide]                PROVIDE (__init_array_end = .)
                [!provide]                PROVIDE (__fini_array_start = .)
 *(.fini_array)
 *(SORT_BY_NAME(.fini_array.*))
                [!provide]                PROVIDE (__fini_array_end = .)

.rodata2        0x00004124       0x64
                0x00004124                . = ALIGN (0x2)
 *(.eh_frame_hdr)
 *(.eh_frame)
 .eh_frame      0x00004124       0x64 c:/ti/msp430-gcc/bin/../lib/gcc/msp430-elf/9.2.0/large/full-memory-range\libgcc.a(_udivdi3.o)
 *crtbegin*.o(.ctors)
 *(EXCLUDE_FILE(*crtend*.o) .ctors)
 *(SORT_BY_NAME(.ctors.*))
 *(.ctors)
 *crtbegin*.o(.dtors)
 *(EXCLUDE_FILE(*crtend*.o) .dtors)
 *(SORT_BY_NAME(.dtors.*))
 *(.dtors)

.persistent     0x00004188        0x0
                0x00004188                . = ALIGN (0x2)
                [!provide]                PROVIDE (__persistent_start = .)
 *(.persistent)
                0x00004188                . = ALIGN (0x2)
                [!provide]                PROVIDE (__persistent_end = .)

.upper.rodata
 *(.upper.rodata.* .upper.rodata)

.tinyram

.lower.data     0x00001c00        0x0 load address 0x00004188
                0x00001c00                . = ALIGN (0x2)
                0x00001c00                PROVIDE (__datastart = .)
 *(.lower.data.* .lower.data)

.data           0x00001c00      0x134 load address 0x00004188
                0x00001c00                . = ALIGN (0x2)
                [!provide]                PROVIDE (__datastart = .)
 *(.jcr)
 *(.data.rel.ro.local)
 *(.data.rel.ro*)
 *(.dynamic)
 *(.data .data.* .gnu.linkonce.d.*)
 .data._impure_ptr
                0x00001c00        0x4 c:/ti/msp430-gcc/bin/../lib/gcc/msp430-elf/9.2.0/../../../../msp430-elf/lib/large/full-memory-range\libc.a(lib_a-impure.o)
                0x00001c00                _impure_ptr
 .data.impure_data
                0x00001c04       0xe0 c:/ti/msp430-gcc/bin/../lib/gcc/msp430-elf/9.2.0/../../../../msp430-elf/lib/large/full-memory-range\libc.a(lib_a-impure.o)
 .data.heap.1412
                0x00001ce4        0x4 c:/ti/msp430-gcc/bin/../lib/gcc/msp430-elf/9.2.0/../../../../msp430-elf/lib/large/full-memory-range\libnosys.a(sbrk.o)
 .data          0x00001ce8       0x4b c:/ti/msp430-gcc/bin/../lib/gcc/msp430-elf/9.2.0/../../../../msp430-elf/lib/large/full-memory-range\libnosys.a(cio.o)
                0x00001ce8                _CIOBUF_
                0x00001ce8                __CIOBUF__
 *(.gnu.linkonce.d.*personality*)
 *(.data1)
 *(.got.plt)
 *(.got)
                0x00001d34                . = ALIGN (0x2)
 *fill*         0x00001d33        0x1 
 *(.sdata .sdata.* .gnu.linkonce.s.* D_2 D_1)
                0x00001d34                . = ALIGN (0x2)
                0x00001d34                _edata = .
                [!provide]                PROVIDE (edata = .)
                [!provide]                PROVIDE (__dataend = .)
                0x00004188                PROVIDE (__romdatastart = LOADADDR (.lower.data))
                0x00000134                PROVIDE (__romdatacopysize = (SIZEOF (.lower.data) + SIZEOF (.data)))

.upper.data     0x00010000        0x2 load address 0x000042bc
                0x000042bc                __upper_data_init = LOADADDR (.upper.data)
                0x00010000        0x2 SHORT 0x1
                0x00010002                __high_datastart = .
 *(.upper.data.* .upper.data)
                0x00010002                __high_dataend = .
                0x00000000                __rom_highdatacopysize = (SIZEOF (.upper.data) - 0x2)
                0x000042be                __rom_highdatastart = (LOADADDR (.upper.data) + 0x2)

.lower.bss      0x00001d34        0x0
                0x00001d34                . = ALIGN (0x2)
                0x00001d34                PROVIDE (__bssstart = .)
 *(.lower.bss.* .lower.bss)

.bss            0x00001d34      0x9a2
                0x00001d34                . = ALIGN (0x2)
                [!provide]                PROVIDE (__bssstart = .)
 *(.dynbss)
 *(.sbss .sbss.*)
 *(.bss .bss.* .gnu.linkonce.b.*)
 .bss.fns       0x00001d34       0x18 ./main.o
                0x00001d34                fns
 .bss.run_counts
                0x00001d4c       0x18 ./main.o
                0x00001d4c                run_counts
 .bss.sched_test_stacks
                0x00001d64      0x600 ./main.o
                0x00001d64                sched_test_stacks
 .bss.tcbs      0x00002364      0x108 ./main.o
                0x00002364                tcbs
 .bss.panic_log
                0x0000246c       0x80 ./arch/hal.o
 .bss.sched_p   0x000024ec      0x136 ./private/sched_impl.o
                0x000024ec                sched_p
 .bss.idle_stack
                0x00002622       0x80 ./private/sched_impl.o
                0x00002622                idle_stack
 *fill*         0x000026a2        0x2 
 .bss.sched_idle_thread
                0x000026a4       0x28 ./private/sched_impl.o
 .bss.__malloc_sbrk_start
                0x000026cc        0x4 c:/ti/msp430-gcc/bin/../lib/gcc/msp430-elf/9.2.0/../../../../msp430-elf/lib/large/full-memory-range\libc.a(lib_a-nano-mallocr.o)
                0x000026cc                __malloc_sbrk_start
 .bss.__malloc_free_list
                0x000026d0        0x4 c:/ti/msp430-gcc/bin/../lib/gcc/msp430-elf/9.2.0/../../../../msp430-elf/lib/large/full-memory-range\libc.a(lib_a-nano-mallocr.o)
                0x000026d0                __malloc_free_list
 .bss.errno     0x000026d4        0x2 c:/ti/msp430-gcc/bin/../lib/gcc/msp430-elf/9.2.0/../../../../msp430-elf/lib/large/full-memory-range\libc.a(lib_a-reent.o)
                0x000026d4                errno
                0x000026d6                . = ALIGN (0x2)
 *(COMMON)
                [!provide]                PROVIDE (__bssend = .)
                0x000009a2                PROVIDE (__bsssize = (SIZEOF (.lower.bss) + SIZEOF (.bss)))

.noinit         0x000026d6        0x0
                0x000026d6                . = ALIGN (0x2)
                [!provide]                PROVIDE (__noinit_start = .)
 *(.noinit)
                0x000026d6                . = ALIGN (0x2)
                [!provide]                PROVIDE (__noinit_end = .)

.upper.bss      0x00010002        0x0
                0x00010002                . = ALIGN (0x2)
                0x00010002                __high_bssstart = .
 *(.upper.bss.* .upper.bss)
                0x00010002                . = ALIGN (0x2)
                0x00010002                __high_bssend = .
                0x00000000                __high_bsssize = SIZEOF (.upper.bss)

.heap           0x000026d6        0x4
                0x000026d6                . = ALIGN (0x2)
                0x000026d6                __heap_start__ = .
                0x000026d6                _end = __heap_start__
                0x000026d6                PROVIDE (end = .)
 *(.heap)
                0x000026d6                _end = .
                [!provide]                PROVIDE (end = .)
                0x000026d6        0x4 LONG 0x0
                0x000026da                __heap_end__ = .
                0x000026da                __HeapLimit = __heap_end__

.stack          0x00002c00        0x0
                0x00002c00                PROVIDE (__stack = .)
 *(.stack)

.lower.text     0x000042be        0x0
                0x000042be                . = ALIGN (0x2)
 *(.lower.text.* .lower.text)

.text           0x000042be     0x2c3c
                0x000042be                PROVIDE (_start = .)
                0x000042be                . = ALIGN (0x2)
 *(SORT_BY_NAME(.crt_*))
 .crt_0000start
                0x000042be        0x4 c:/ti/msp430-gcc/bin/../lib/gcc/msp430-elf/9.2.0/../../../../msp430-elf/lib/large/full-memory-range/crt0.o
                0x000042be                __crt0_start
 .crt_0100init_bss
                0x000042c2       0x10 c:/ti/msp430-gcc/bin/../lib/gcc/msp430-elf/9.2.0/../../../../msp430-elf/lib/large/full-memory-range\libcrt.a(crt_bss.o)
                0x000042c2                __crt0_init_bss
 .crt_0300movedata
                0x000042d2       0x14 c:/ti/msp430-gcc/bin/../lib/gcc/msp430-elf/9.2.0/../../../../msp430-elf/lib/large/full-memory-range\libcrt.a(crt_movedata.o)
                0x000042d2                __crt0_movedata
 .crt_0800call_main
                0x000042e6        0x6 c:/ti/msp430-gcc/bin/../lib/gcc/msp430-elf/9.2.0/../../../../msp430-elf/lib/large/full-memory-range\libcrt.a(crt_main.o)
                0x000042e6                __crt0_call_main
                0x000042ec                . = ALIGN (0x2)
 *(.lower.text.* .lower.text)
                0x000042ec                . = ALIGN (0x2)
 *(.text .stub .text.* .gnu.linkonce.t.* .text:*)
 .text.a        0x000042ec       0x30 ./main.o
                0x000042ec                a
 .text.d        0x0000431c       0x32 ./main.o
                0x0000431c                d
 .text.e        0x0000434e       0x32 ./main.o
                0x0000434e                e
 .text.f        0x00004380       0x32 ./main.o
                0x00004380                f
 .text.b        0x000043b2       0x3a ./main.o
                0x000043b2                b
 .text.c        0x000043ec       0x44 ./main.o
                0x000043ec                c
 .text.startup.main
                0x00004430       0xd8 ./main.o
                0x00004430                main
 .text.arch_thread_exit
                0x00004508       0x22 ./arch/hal.o
 .text.arch_idle
                0x0000452a        0xa ./arch/hal.o
                0x0000452a                arch_idle
 .text.arch_init_stack
                0x00004534       0x98 ./arch/hal.o
                0x00004534                arch_init_stack
 .text.arch_sched_start
                0x000045cc       0x48 ./arch/hal.o
                0x000045cc                arch_sched_start
 .text.arch_panic
                0x00004614       0x4e ./arch/hal.o
                0x00004614                arch_panic
 .text.arch_yield
                0x00004662       0x78 ./arch/hal.o
                0x00004662                arch_yield
 .text.arch_yield_higher
                0x000046da       0x78 ./arch/hal.o
                0x000046da                arch_yield_higher
 .text.arch_sleep_for
                0x00004752       0x3c ./arch/hal.o
                0x00004752                arch_sleep_for
 .text.irq_disable
                0x0000478e        0x6 ./core/irq.o
                0x0000478e                irq_disable
 .text.irq_enable
                0x00004794        0x8 ./core/irq.o
                0x00004794                irq_enable
 .text.irq_lock
                0x0000479c       0x2e ./core/irq.o
                0x0000479c                irq_lock
 .text.irq_unlock
                0x000047ca       0x26 ./core/irq.o
                0x000047ca                irq_unlock
 .text.panic    0x000047f0        0x8 ./core/panic.o
                0x000047f0                panic
 .text.sched_init
                0x000047f8        0xe ./core/sched.o
                0x000047f8                sched_init
 .text.sched_add
                0x00004806       0x24 ./core/sched.o
                0x00004806                sched_add
 .text.sched_start
                0x0000482a        0xe ./core/sched.o
                0x0000482a                sched_start
 .text.sched_yield
                0x00004838        0xe ./core/sched.o
                0x00004838                sched_yield
 .text.sched_yield_higher
                0x00004846        0xe ./core/sched.o
                0x00004846                sched_yield_higher
 .text.sched_sleep
                0x00004854       0x1c ./core/sched.o
                0x00004854                sched_sleep
 .text.__rb_inorder_foreach
                0x00004870       0x32 ./ds/rbtree.o
 .text.__rb_delete_rebalance
                0x000048a2      0x50e ./ds/rbtree.o
 .text.rb_delete.part.0
                0x00004db0      0x1be ./ds/rbtree.o
 .text.rbtree_lcached_init
                0x00004f6e       0x14 ./ds/rbtree.o
                0x00004f6e                rbtree_lcached_init
 .text.rbtree_rcached_init
                0x00004f82       0x14 ./ds/rbtree.o
                0x00004f82                rbtree_rcached_init
 .text.rbnode_init
                0x00004f96       0x14 ./ds/rbtree.o
                0x00004f96                rbnode_init
 .text.rb_insert
                0x00004faa      0x6c4 ./ds/rbtree.o
                0x00004faa                rb_insert
 .text.rb_lcached_insert
                0x0000566e       0x3e ./ds/rbtree.o
                0x0000566e                rb_lcached_insert
 .text.rb_rcached_insert
                0x000056ac       0x3e ./ds/rbtree.o
                0x000056ac                rb_rcached_insert
 .text.rb_prev  0x000056ea       0x68 ./ds/rbtree.o
                0x000056ea                rb_prev
 .text.rb_lcached_delete
                0x00005752       0xb2 ./ds/rbtree.o
                0x00005752                rb_lcached_delete
 .text.rb_rcached_delete
                0x00005804       0xb2 ./ds/rbtree.o
                0x00005804                rb_rcached_delete
 .text.rb_inorder_foreach
                0x000058b6       0x32 ./ds/rbtree.o
                0x000058b6                rb_inorder_foreach
 .text.idle     0x000058e8        0xe ./private/sched_impl.o
 .text.sched_impl_init
                0x000058f6       0x38 ./private/sched_impl.o
                0x000058f6                sched_impl_init
 .text.sched_impl_add
                0x0000592e       0x1c ./private/sched_impl.o
                0x0000592e                sched_impl_add
 .text.sched_impl_register
                0x0000594a       0x1a ./private/sched_impl.o
                0x0000594a                sched_impl_register
 .text.sched_impl_start
                0x00005964        0xa ./private/sched_impl.o
                0x00005964                sched_impl_start
 .text.sched_impl_run
                0x0000596e       0x30 ./private/sched_impl.o
                0x0000596e                sched_impl_run
 .text.sched_impl_yield
                0x0000599e       0x28 ./private/sched_impl.o
                0x0000599e                sched_impl_yield
 .text.sched_impl_yield_higher
                0x000059c6       0x28 ./private/sched_impl.o
                0x000059c6                sched_impl_yield_higher
 .text.sched_impl_sleep_until
                0x000059ee       0x2c ./private/sched_impl.o
                0x000059ee                sched_impl_sleep_until
 .text.sched_impl_thread_exit
                0x00005a1a        0x2 ./private/sched_impl.o
                0x00005a1a                sched_impl_thread_exit
 .text.sleepq_entry_cmp
                0x00005a1c       0x1c ./private/sleep_queue.o
 .text.sleepq_entry_copy
                0x00005a38       0x1c ./private/sleep_queue.o
 .text.sleep_queue_init
                0x00005a54        0x6 ./private/sleep_queue.o
                0x00005a54                sleep_queue_init
 .text.sleep_queue_push
                0x00005a5a       0x12 ./private/sleep_queue.o
                0x00005a5a                sleep_queue_push
 .text.sleep_queue_peek
                0x00005a6c       0x10 ./private/sleep_queue.o
                0x00005a6c                sleep_queue_peek
 .text.sleep_queue_pop
                0x00005a7c       0x18 ./private/sleep_queue.o
                0x00005a7c                sleep_queue_pop
 .text.thread_impl_init
                0x00005a94       0x16 ./private/thread_impl.o
                0x00005a94                thread_impl_init
 .text.vtrr_client_cmp
                0x00005aaa        0xa ./schedulers/vtrr/vtrr.o
 .text.vtrr_client_copy
                0x00005ab4       0x22 ./schedulers/vtrr/vtrr.o
 .text.vtrr_client_reset
                0x00005ad6        0x8 ./schedulers/vtrr/vtrr.o
 .text.vtrr_init
                0x00005ade       0x32 ./schedulers/vtrr/vtrr.o
                0x00005ade                vtrr_init
 .text.vtrr_start
                0x00005b10       0x24 ./schedulers/vtrr/vtrr.o
                0x00005b10                vtrr_start
 .text.vtrr_add
                0x00005b34       0xb2 ./schedulers/vtrr/vtrr.o
                0x00005b34                vtrr_add
 .text.vtrr_register
                0x00005be6       0x94 ./schedulers/vtrr/vtrr.o
                0x00005be6                vtrr_register
 .text.vtrr_deregister
                0x00005c7a       0x46 ./schedulers/vtrr/vtrr.o
                0x00005c7a                vtrr_deregister
 .text.vtrr_run
                0x00005cc0       0xea ./schedulers/vtrr/vtrr.o
                0x00005cc0                vtrr_run
 .text.vtrr_yield
                0x00005daa       0xea ./schedulers/vtrr/vtrr.o
                0x00005daa                vtrr_yield
 .text.vtrr_yield_higher
                0x00005e94       0xf6 ./schedulers/vtrr/vtrr.o
                0x00005e94                vtrr_yield_higher
 .text.udivmodhi4
                0x00005f8a       0x3c c:/ti/msp430-gcc/bin/../lib/gcc/msp430-elf/9.2.0/large/full-memory-range\libgcc.a(lib2divHI.o)
                0x00005f8a                udivmodhi4
 .text.__udivhi3
                0x00005fc6        0x8 c:/ti/msp430-gcc/bin/../lib/gcc/msp430-elf/9.2.0/large/full-memory-range\libgcc.a(lib2divHI.o)
                0x00005fc6                __mspabi_divu
 .text.snprintf
                0x00005fce       0x80 c:/ti/msp430-gcc/bin/../lib/gcc/msp430-elf/9.2.0/../../../../msp430-elf/lib/large/full-memory-range\libc.a(lib_a-snprintf.o)
                0x00005fce                sniprintf
                0x00005fce                snprintf
 .text.__ssputs_r
                0x0000604e      0x11a c:/ti/msp430-gcc/bin/../lib/gcc/msp430-elf/9.2.0/../../../../msp430-elf/lib/large/full-memory-range\libc.a(lib_a-nano-svfprintf.o)
                0x0000604e                __ssputs_r
 .text._svfprintf_r
                0x00006168      0x29c c:/ti/msp430-gcc/bin/../lib/gcc/msp430-elf/9.2.0/../../../../msp430-elf/lib/large/full-memory-range\libc.a(lib_a-nano-svfprintf.o)
                0x00006168                _svfiprintf_r
                0x00006168                _svfprintf_r
 .text._printf_common
                0x00006404      0x118 c:/ti/msp430-gcc/bin/../lib/gcc/msp430-elf/9.2.0/../../../../msp430-elf/lib/large/full-memory-range\libc.a(lib_a-nano-vfprintf_i.o)
                0x00006404                _printf_common
 .text._printf_i
                0x0000651c      0x392 c:/ti/msp430-gcc/bin/../lib/gcc/msp430-elf/9.2.0/../../../../msp430-elf/lib/large/full-memory-range\libc.a(lib_a-nano-vfprintf_i.o)
                0x0000651c                _printf_i
 .text.memchr   0x000068ae       0x24 c:/ti/msp430-gcc/bin/../lib/gcc/msp430-elf/9.2.0/../../../../msp430-elf/lib/large/full-memory-range\libc.a(lib_a-memchr.o)
                0x000068ae                memchr
 .text.memcpy   0x000068d2       0x30 c:/ti/msp430-gcc/bin/../lib/gcc/msp430-elf/9.2.0/../../../../msp430-elf/lib/large/full-memory-range\libc.a(lib_a-memcpy.o)
                0x000068d2                memcpy
 .text.memmove  0x00006902       0x66 c:/ti/msp430-gcc/bin/../lib/gcc/msp430-elf/9.2.0/../../../../msp430-elf/lib/large/full-memory-range\libc.a(lib_a-memmove.o)
                0x00006902                memmove
 .text._free_r  0x00006968      0x12a c:/ti/msp430-gcc/bin/../lib/gcc/msp430-elf/9.2.0/../../../../msp430-elf/lib/large/full-memory-range\libc.a(lib_a-nano-freer.o)
                0x00006968                _free_r
 .text._malloc_r
                0x00006a92      0x132 c:/ti/msp430-gcc/bin/../lib/gcc/msp430-elf/9.2.0/../../../../msp430-elf/lib/large/full-memory-range\libc.a(lib_a-nano-mallocr.o)
                0x00006a92                _malloc_r
 .text._realloc_r
                0x00006bc4       0x6a c:/ti/msp430-gcc/bin/../lib/gcc/msp430-elf/9.2.0/../../../../msp430-elf/lib/large/full-memory-range\libc.a(lib_a-nano-reallocr.o)
                0x00006bc4                _realloc_r
 .text._sbrk_r  0x00006c2e       0x28 c:/ti/msp430-gcc/bin/../lib/gcc/msp430-elf/9.2.0/../../../../msp430-elf/lib/large/full-memory-range\libc.a(lib_a-sbrkr.o)
                0x00006c2e                _sbrk_r
 .text._malloc_usable_size_r
                0x00006c56       0x32 c:/ti/msp430-gcc/bin/../lib/gcc/msp430-elf/9.2.0/../../../../msp430-elf/lib/large/full-memory-range\libc.a(lib_a-nano-msizer.o)
                0x00006c56                _malloc_usable_size_r
 .text.udivmodsi4
                0x00006c88       0x86 c:/ti/msp430-gcc/bin/../lib/gcc/msp430-elf/9.2.0/large/full-memory-range\libgcc.a(lib2divSI.o)
                0x00006c88                udivmodsi4
 .text.__udivsi3
                0x00006d0e       0x12 c:/ti/msp430-gcc/bin/../lib/gcc/msp430-elf/9.2.0/large/full-memory-range\libgcc.a(lib2divSI.o)
                0x00006d0e                __mspabi_divlu
                0x00006d0e                __mspabi_divul
 .text.__umodsi3
                0x00006d20       0x12 c:/ti/msp430-gcc/bin/../lib/gcc/msp430-elf/9.2.0/large/full-memory-range\libgcc.a(lib2divSI.o)
                0x00006d20                __mspabi_remul
 .text.__mspabi_slli
                0x00006d32        0xa c:/ti/msp430-gcc/bin/../lib/gcc/msp430-elf/9.2.0/large/full-memory-range\libgcc.a(slli.o)
                0x00006d36                __mspabi_slli
 .text._sbrk    0x00006d3c       0x3e c:/ti/msp430-gcc/bin/../lib/gcc/msp430-elf/9.2.0/../../../../msp430-elf/lib/large/full-memory-range\libnosys.a(sbrk.o)
                0x00006d3c                sbrk
                0x00006d3c                _sbrk
 .text.write    0x00006d7a       0x88 c:/ti/msp430-gcc/bin/../lib/gcc/msp430-elf/9.2.0/../../../../msp430-elf/lib/large/full-memory-range\libnosys.a(write.o)
                0x00006d7a                write
 .text          0x00006e02        0x4 c:/ti/msp430-gcc/bin/../lib/gcc/msp430-elf/9.2.0/../../../../msp430-elf/lib/large/full-memory-range\libnosys.a(cio.o)
                0x00006e02                _libgloss_cio_hook
                0x00006e02                C$$IO$$
 .text.abort    0x00006e06        0xe c:/ti/msp430-gcc/bin/../lib/gcc/msp430-elf/9.2.0/../../../../msp430-elf/lib/large/full-memory-range\libc.a(lib_a-abort.o)
                0x00006e06                abort
 .text.memset   0x00006e14       0x1a c:/ti/msp430-gcc/bin/../lib/gcc/msp430-elf/9.2.0/../../../../msp430-elf/lib/large/full-memory-range\libc.a(lib_a-memset.o)
                0x00006e14                memset
 .text._raise_r
                0x00006e2e       0x72 c:/ti/msp430-gcc/bin/../lib/gcc/msp430-elf/9.2.0/../../../../msp430-elf/lib/large/full-memory-range\libc.a(lib_a-signal.o)
                0x00006e2e                _raise_r
 .text.raise    0x00006ea0        0xc c:/ti/msp430-gcc/bin/../lib/gcc/msp430-elf/9.2.0/../../../../msp430-elf/lib/large/full-memory-range\libc.a(lib_a-signal.o)
                0x00006ea0                raise
 .text._kill_r  0x00006eac       0x28 c:/ti/msp430-gcc/bin/../lib/gcc/msp430-elf/9.2.0/../../../../msp430-elf/lib/large/full-memory-range\libc.a(lib_a-signalr.o)
                0x00006eac                _kill_r
 .text._getpid_r
                0x00006ed4        0x6 c:/ti/msp430-gcc/bin/../lib/gcc/msp430-elf/9.2.0/../../../../msp430-elf/lib/large/full-memory-range\libc.a(lib_a-signalr.o)
                0x00006ed4                _getpid_r
 .text.getpid   0x00006eda        0x6 c:/ti/msp430-gcc/bin/../lib/gcc/msp430-elf/9.2.0/../../../../msp430-elf/lib/large/full-memory-range\libnosys.a(ciosyscalls.o)
                0x00006eda                getpid
 .text.kill     0x00006ee0       0x10 c:/ti/msp430-gcc/bin/../lib/gcc/msp430-elf/9.2.0/../../../../msp430-elf/lib/large/full-memory-range\libnosys.a(ciosyscalls.o)
                0x00006ee0                kill
 .text.exit     0x00006ef0        0x4 c:/ti/msp430-gcc/bin/../lib/gcc/msp430-elf/9.2.0/../../../../msp430-elf/lib/large/full-memory-range\libnosys.a(exit.o)
                0x00006ef0                _exit
                0x00006ef0                exit
 .text.__errno  0x00006ef4        0x6 c:/ti/msp430-gcc/bin/../lib/gcc/msp430-elf/9.2.0/../../../../msp430-elf/lib/large/full-memory-range\libc.a(lib_a-errno.o)
                0x00006ef4                __errno
 *(.text.*personality*)
 *(.gnu.warning)
 *(.interp .hash .dynsym .dynstr .gnu.version*)
                [!provide]                PROVIDE (__etext = .)
                [!provide]                PROVIDE (_etext = .)
                [!provide]                PROVIDE (etext = .)
                0x00006efa                . = ALIGN (0x2)
 *(.init)
 *(.fini)
 *(.tm_clone_table)

.lowtext        0x00006efa      0x134
 .lowtext       0x00006efa      0x134 ./arch/hal.o
                0x00006efa                arch_tick_irq
                0x00006f78                arch_time_irq

.upper.text     0x00010002        0x0
                0x00010002                . = ALIGN (0x2)
 *(.upper.text.* .upper.text)

.infoD

.infoC

.infoB

.infoA

.MSP430.attributes
                0x00000000       0x26
 *(.MSP430.attributes)
 .MSP430.attributes
                0x00000000       0x26 c:/ti/msp430-gcc/bin/../lib/gcc/msp430-elf/9.2.0/../../../../msp430-elf/lib/large/full-memory-range/crt0.o
 .MSP430.attributes
                0x00000026       0x26 c:/ti/msp430-gcc/bin/../lib/gcc/msp430-elf/9.2.0/large/full-memory-range/crtbegin_no_eh.o
 .MSP430.attributes
                0x0000004c       0x26 ./main.o
 .MSP430.attributes
                0x00000072       0x26 ./arch/hal.o
 .MSP430.attributes
                0x00000098       0x26 ./core/irq.o
 .MSP430.attributes
                0x000000be       0x26 ./core/panic.o
 .MSP430.attributes
                0x000000e4       0x26 ./core/sched.o
 .MSP430.attributes
                0x0000010a       0x26 ./core/thread.o
 .MSP430.attributes
                0x00000130       0x26 ./ds/rbtree.o
 .MSP430.attributes
                0x00000156       0x26 ./private/sched_impl.o
 .MSP430.attributes
                0x0000017c       0x26 ./private/sleep_queue.o
 .MSP430.attributes
                0x000001a2       0x26 ./private/thread_impl.o
 .MSP430.attributes
                0x000001c8       0x26 ./schedulers/lottery/lottery.o
 .MSP430.attributes
                0x000001ee       0x26 ./schedulers/vtrr/vtrr.o
 .MSP430.attributes
                0x00000214       0x26 c:/ti/msp430-gcc/bin/../lib/gcc/msp430-elf/9.2.0/large/full-memory-range\libgcc.a(lib2divHI.o)
 .MSP430.attributes
                0x0000023a       0x26 c:/ti/msp430-gcc/bin/../lib/gcc/msp430-elf/9.2.0/../../../../msp430-elf/lib/large/full-memory-range\libc.a(lib_a-snprintf.o)
 .MSP430.attributes
                0x00000260       0x26 c:/ti/msp430-gcc/bin/../lib/gcc/msp430-elf/9.2.0/../../../../msp430-elf/lib/large/full-memory-range\libc.a(lib_a-impure.o)
 .MSP430.attributes
                0x00000286       0x26 c:/ti/msp430-gcc/bin/../lib/gcc/msp430-elf/9.2.0/../../../../msp430-elf/lib/large/full-memory-range\libc.a(lib_a-nano-svfprintf.o)
 .MSP430.attributes
                0x000002ac       0x26 c:/ti/msp430-gcc/bin/../lib/gcc/msp430-elf/9.2.0/../../../../msp430-elf/lib/large/full-memory-range\libc.a(lib_a-nano-vfprintf_i.o)
 .MSP430.attributes
                0x000002d2       0x26 c:/ti/msp430-gcc/bin/../lib/gcc/msp430-elf/9.2.0/../../../../msp430-elf/lib/large/full-memory-range\libc.a(lib_a-memchr.o)
 .MSP430.attributes
                0x000002f8       0x26 c:/ti/msp430-gcc/bin/../lib/gcc/msp430-elf/9.2.0/../../../../msp430-elf/lib/large/full-memory-range\libc.a(lib_a-memcpy.o)
 .MSP430.attributes
                0x0000031e       0x26 c:/ti/msp430-gcc/bin/../lib/gcc/msp430-elf/9.2.0/../../../../msp430-elf/lib/large/full-memory-range\libc.a(lib_a-memmove.o)
 .MSP430.attributes
                0x00000344       0x26 c:/ti/msp430-gcc/bin/../lib/gcc/msp430-elf/9.2.0/../../../../msp430-elf/lib/large/full-memory-range\libc.a(lib_a-nano-freer.o)
 .MSP430.attributes
                0x0000036a       0x26 c:/ti/msp430-gcc/bin/../lib/gcc/msp430-elf/9.2.0/../../../../msp430-elf/lib/large/full-memory-range\libc.a(lib_a-nano-mallocr.o)
 .MSP430.attributes
                0x00000390       0x26 c:/ti/msp430-gcc/bin/../lib/gcc/msp430-elf/9.2.0/../../../../msp430-elf/lib/large/full-memory-range\libc.a(lib_a-nano-reallocr.o)
 .MSP430.attributes
                0x000003b6       0x26 c:/ti/msp430-gcc/bin/../lib/gcc/msp430-elf/9.2.0/../../../../msp430-elf/lib/large/full-memory-range\libc.a(lib_a-sbrkr.o)
 .MSP430.attributes
                0x000003dc       0x26 c:/ti/msp430-gcc/bin/../lib/gcc/msp430-elf/9.2.0/../../../../msp430-elf/lib/large/full-memory-range\libc.a(lib_a-nano-msizer.o)
 .MSP430.attributes
                0x00000402       0x26 c:/ti/msp430-gcc/bin/../lib/gcc/msp430-elf/9.2.0/../../../../msp430-elf/lib/large/full-memory-range\libc.a(lib_a-reent.o)
 .MSP430.attributes
                0x00000428       0x26 c:/ti/msp430-gcc/bin/../lib/gcc/msp430-elf/9.2.0/large/full-memory-range\libgcc.a(lib2divSI.o)
 .MSP430.attributes
                0x0000044e       0x26 c:/ti/msp430-gcc/bin/../lib/gcc/msp430-elf/9.2.0/large/full-memory-range\libgcc.a(slli.o)
 .MSP430.attributes
                0x00000474       0x26 c:/ti/msp430-gcc/bin/../lib/gcc/msp430-elf/9.2.0/large/full-memory-range\libgcc.a(_udivdi3.o)
 .MSP430.attributes
                0x0000049a       0x26 c:/ti/msp430-gcc/bin/../lib/gcc/msp430-elf/9.2.0/large/full-memory-range\libgcc.a(srli.o)
 .MSP430.attributes
                0x000004c0       0x26 c:/ti/msp430-gcc/bin/../lib/gcc/msp430-elf/9.2.0/large/full-memory-range\libgcc.a(_clzdi2.o)
 .MSP430.attributes
                0x000004e6       0x26 c:/ti/msp430-gcc/bin/../lib/gcc/msp430-elf/9.2.0/large/full-memory-range\libgcc.a(_clz.o)
 .MSP430.attributes
                0x0000050c       0x26 c:/ti/msp430-gcc/bin/../lib/gcc/msp430-elf/9.2.0/../../../../msp430-elf/lib/large/full-memory-range\libcrt.a(crt_bss.o)
 .MSP430.attributes
                0x00000532       0x26 c:/ti/msp430-gcc/bin/../lib/gcc/msp430-elf/9.2.0/../../../../msp430-elf/lib/large/full-memory-range\libcrt.a(crt_movedata.o)
 .MSP430.attributes
                0x00000558       0x26 c:/ti/msp430-gcc/bin/../lib/gcc/msp430-elf/9.2.0/../../../../msp430-elf/lib/large/full-memory-range\libcrt.a(crt_main.o)
 .MSP430.attributes
                0x0000057e       0x26 c:/ti/msp430-gcc/bin/../lib/gcc/msp430-elf/9.2.0/../../../../msp430-elf/lib/large/full-memory-range\libnosys.a(sbrk.o)
 .MSP430.attributes
                0x000005a4       0x26 c:/ti/msp430-gcc/bin/../lib/gcc/msp430-elf/9.2.0/../../../../msp430-elf/lib/large/full-memory-range\libnosys.a(write.o)
 .MSP430.attributes
                0x000005ca       0x26 c:/ti/msp430-gcc/bin/../lib/gcc/msp430-elf/9.2.0/../../../../msp430-elf/lib/large/full-memory-range\libnosys.a(cio.o)
 .MSP430.attributes
                0x000005f0       0x26 c:/ti/msp430-gcc/bin/../lib/gcc/msp430-elf/9.2.0/../../../../msp430-elf/lib/large/full-memory-range\libc.a(lib_a-abort.o)
 .MSP430.attributes
                0x00000616       0x26 c:/ti/msp430-gcc/bin/../lib/gcc/msp430-elf/9.2.0/../../../../msp430-elf/lib/large/full-memory-range\libc.a(lib_a-memset.o)
 .MSP430.attributes
                0x0000063c       0x26 c:/ti/msp430-gcc/bin/../lib/gcc/msp430-elf/9.2.0/../../../../msp430-elf/lib/large/full-memory-range\libc.a(lib_a-signal.o)
 .MSP430.attributes
                0x00000662       0x26 c:/ti/msp430-gcc/bin/../lib/gcc/msp430-elf/9.2.0/../../../../msp430-elf/lib/large/full-memory-range\libc.a(lib_a-signalr.o)
 .MSP430.attributes
                0x00000688       0x26 c:/ti/msp430-gcc/bin/../lib/gcc/msp430-elf/9.2.0/../../../../msp430-elf/lib/large/full-memory-range\libnosys.a(ciosyscalls.o)
 .MSP430.attributes
                0x000006ae       0x26 c:/ti/msp430-gcc/bin/../lib/gcc/msp430-elf/9.2.0/../../../../msp430-elf/lib/large/full-memory-range\libnosys.a(exit.o)
 .MSP430.attributes
                0x000006d4       0x26 c:/ti/msp430-gcc/bin/../lib/gcc/msp430-elf/9.2.0/../../../../msp430-elf/lib/large/full-memory-range\libc.a(lib_a-errno.o)
 .MSP430.attributes
                0x000006fa       0x26 c:/ti/msp430-gcc/bin/../lib/gcc/msp430-elf/9.2.0/large/full-memory-range/crtend_no_eh.o
 *(.gnu.attributes)
 *(__TI_build_attributes)

.stab
 *(.stab)

.stabstr
 *(.stabstr)

.stab.excl
 *(.stab.excl)

.stab.exclstr
 *(.stab.exclstr)

.stab.index
 *(.stab.index)

.stab.indexstr
 *(.stab.indexstr)

.comment        0x00000000       0x39
 *(.comment)
 .comment       0x00000000       0x39 ./main.o
                                 0x3a (size before relaxing)
 .comment       0x00000039       0x3a ./arch/hal.o
 .comment       0x00000039       0x3a ./core/irq.o
 .comment       0x00000039       0x3a ./core/panic.o
 .comment       0x00000039       0x3a ./core/sched.o
 .comment       0x00000039       0x3a ./ds/rbtree.o
 .comment       0x00000039       0x3a ./private/sched_impl.o
 .comment       0x00000039       0x3a ./private/sleep_queue.o
 .comment       0x00000039       0x3a ./private/thread_impl.o
 .comment       0x00000039       0x3a ./schedulers/vtrr/vtrr.o
 .comment       0x00000039       0x3a c:/ti/msp430-gcc/bin/../lib/gcc/msp430-elf/9.2.0/large/full-memory-range\libgcc.a(lib2divHI.o)
 .comment       0x00000039       0x3a c:/ti/msp430-gcc/bin/../lib/gcc/msp430-elf/9.2.0/../../../../msp430-elf/lib/large/full-memory-range\libc.a(lib_a-snprintf.o)
 .comment       0x00000039       0x3a c:/ti/msp430-gcc/bin/../lib/gcc/msp430-elf/9.2.0/../../../../msp430-elf/lib/large/full-memory-range\libc.a(lib_a-impure.o)
 .comment       0x00000039       0x3a c:/ti/msp430-gcc/bin/../lib/gcc/msp430-elf/9.2.0/../../../../msp430-elf/lib/large/full-memory-range\libc.a(lib_a-nano-svfprintf.o)
 .comment       0x00000039       0x3a c:/ti/msp430-gcc/bin/../lib/gcc/msp430-elf/9.2.0/../../../../msp430-elf/lib/large/full-memory-range\libc.a(lib_a-nano-vfprintf_i.o)
 .comment       0x00000039       0x3a c:/ti/msp430-gcc/bin/../lib/gcc/msp430-elf/9.2.0/../../../../msp430-elf/lib/large/full-memory-range\libc.a(lib_a-memchr.o)
 .comment       0x00000039       0x3a c:/ti/msp430-gcc/bin/../lib/gcc/msp430-elf/9.2.0/../../../../msp430-elf/lib/large/full-memory-range\libc.a(lib_a-memcpy.o)
 .comment       0x00000039       0x3a c:/ti/msp430-gcc/bin/../lib/gcc/msp430-elf/9.2.0/../../../../msp430-elf/lib/large/full-memory-range\libc.a(lib_a-memmove.o)
 .comment       0x00000039       0x3a c:/ti/msp430-gcc/bin/../lib/gcc/msp430-elf/9.2.0/../../../../msp430-elf/lib/large/full-memory-range\libc.a(lib_a-nano-freer.o)
 .comment       0x00000039       0x3a c:/ti/msp430-gcc/bin/../lib/gcc/msp430-elf/9.2.0/../../../../msp430-elf/lib/large/full-memory-range\libc.a(lib_a-nano-mallocr.o)
 .comment       0x00000039       0x3a c:/ti/msp430-gcc/bin/../lib/gcc/msp430-elf/9.2.0/../../../../msp430-elf/lib/large/full-memory-range\libc.a(lib_a-nano-reallocr.o)
 .comment       0x00000039       0x3a c:/ti/msp430-gcc/bin/../lib/gcc/msp430-elf/9.2.0/../../../../msp430-elf/lib/large/full-memory-range\libc.a(lib_a-sbrkr.o)
 .comment       0x00000039       0x3a c:/ti/msp430-gcc/bin/../lib/gcc/msp430-elf/9.2.0/../../../../msp430-elf/lib/large/full-memory-range\libc.a(lib_a-nano-msizer.o)
 .comment       0x00000039       0x3a c:/ti/msp430-gcc/bin/../lib/gcc/msp430-elf/9.2.0/../../../../msp430-elf/lib/large/full-memory-range\libc.a(lib_a-reent.o)
 .comment       0x00000039       0x3a c:/ti/msp430-gcc/bin/../lib/gcc/msp430-elf/9.2.0/large/full-memory-range\libgcc.a(lib2divSI.o)
 .comment       0x00000039       0x3a c:/ti/msp430-gcc/bin/../lib/gcc/msp430-elf/9.2.0/large/full-memory-range\libgcc.a(_udivdi3.o)
 .comment       0x00000039       0x3a c:/ti/msp430-gcc/bin/../lib/gcc/msp430-elf/9.2.0/../../../../msp430-elf/lib/large/full-memory-range\libnosys.a(sbrk.o)
 .comment       0x00000039       0x3a c:/ti/msp430-gcc/bin/../lib/gcc/msp430-elf/9.2.0/../../../../msp430-elf/lib/large/full-memory-range\libnosys.a(write.o)
 .comment       0x00000039       0x3a c:/ti/msp430-gcc/bin/../lib/gcc/msp430-elf/9.2.0/../../../../msp430-elf/lib/large/full-memory-range\libc.a(lib_a-abort.o)
 .comment       0x00000039       0x3a c:/ti/msp430-gcc/bin/../lib/gcc/msp430-elf/9.2.0/../../../../msp430-elf/lib/large/full-memory-range\libc.a(lib_a-memset.o)
 .comment       0x00000039       0x3a c:/ti/msp430-gcc/bin/../lib/gcc/msp430-elf/9.2.0/../../../../msp430-elf/lib/large/full-memory-range\libc.a(lib_a-signal.o)
 .comment       0x00000039       0x3a c:/ti/msp430-gcc/bin/../lib/gcc/msp430-elf/9.2.0/../../../../msp430-elf/lib/large/full-memory-range\libc.a(lib_a-signalr.o)
 .comment       0x00000039       0x3a c:/ti/msp430-gcc/bin/../lib/gcc/msp430-elf/9.2.0/../../../../msp430-elf/lib/large/full-memory-range\libnosys.a(exit.o)
 .comment       0x00000039       0x3a c:/ti/msp430-gcc/bin/../lib/gcc/msp430-elf/9.2.0/../../../../msp430-elf/lib/large/full-memory-range\libc.a(lib_a-errno.o)

.debug
 *(.debug)

.line
 *(.line)

.debug_srcinfo
 *(.debug_srcinfo)

.debug_sfnames
 *(.debug_sfnames)

.debug_aranges  0x00000000      0x508
 *(.debug_aranges)
 .debug_aranges
                0x00000000       0x60 ./main.o
 .debug_aranges
                0x00000060       0x70 ./arch/hal.o
 .debug_aranges
                0x000000d0       0x48 ./core/irq.o
 .debug_aranges
                0x00000118       0x20 ./core/panic.o
 .debug_aranges
                0x00000138       0x80 ./core/sched.o
 .debug_aranges
                0x000001b8      0x110 ./ds/rbtree.o
 .debug_aranges
                0x000002c8       0x80 ./private/sched_impl.o
 .debug_aranges
                0x00000348       0x50 ./private/sleep_queue.o
 .debug_aranges
                0x00000398       0x20 ./private/thread_impl.o
 .debug_aranges
                0x000003b8       0x78 ./schedulers/vtrr/vtrr.o
 .debug_aranges
                0x00000430       0x20 c:/ti/msp430-gcc/bin/../lib/gcc/msp430-elf/9.2.0/../../../../msp430-elf/lib/large/full-memory-range\libnosys.a(sbrk.o)
 .debug_aranges
                0x00000450       0x20 c:/ti/msp430-gcc/bin/../lib/gcc/msp430-elf/9.2.0/../../../../msp430-elf/lib/large/full-memory-range\libnosys.a(write.o)
 .debug_aranges
                0x00000470       0x20 c:/ti/msp430-gcc/bin/../lib/gcc/msp430-elf/9.2.0/../../../../msp430-elf/lib/large/full-memory-range\libnosys.a(cio.o)
 .debug_aranges
                0x00000490       0x58 c:/ti/msp430-gcc/bin/../lib/gcc/msp430-elf/9.2.0/../../../../msp430-elf/lib/large/full-memory-range\libnosys.a(ciosyscalls.o)
 .debug_aranges
                0x000004e8       0x20 c:/ti/msp430-gcc/bin/../lib/gcc/msp430-elf/9.2.0/../../../../msp430-elf/lib/large/full-memory-range\libnosys.a(exit.o)

.debug_pubnames
 *(.debug_pubnames)

.debug_info     0x00000000    0x304a0
 *(.debug_info .gnu.linkonce.wi.*)
 .debug_info    0x00000000     0x5b02 ./main.o
 .debug_info    0x00005b02     0x69c5 ./arch/hal.o
 .debug_info    0x0000c4c7     0x6327 ./core/irq.o
 .debug_info    0x000127ee     0x614e ./core/panic.o
 .debug_info    0x0001893c     0x62e5 ./core/sched.o
 .debug_info    0x0001ec21     0x3496 ./ds/rbtree.o
 .debug_info    0x000220b7     0x63b0 ./private/sched_impl.o
 .debug_info    0x00028467      0x6d6 ./private/sleep_queue.o
 .debug_info    0x00028b3d     0x6127 ./private/thread_impl.o
 .debug_info    0x0002ec64      0xb8e ./schedulers/vtrr/vtrr.o
 .debug_info    0x0002f7f2      0x155 c:/ti/msp430-gcc/bin/../lib/gcc/msp430-elf/9.2.0/../../../../msp430-elf/lib/large/full-memory-range\libnosys.a(sbrk.o)
 .debug_info    0x0002f947      0xac2 c:/ti/msp430-gcc/bin/../lib/gcc/msp430-elf/9.2.0/../../../../msp430-elf/lib/large/full-memory-range\libnosys.a(write.o)
 .debug_info    0x00030409       0x26 c:/ti/msp430-gcc/bin/../lib/gcc/msp430-elf/9.2.0/../../../../msp430-elf/lib/large/full-memory-range\libnosys.a(cio.o)
 .debug_info    0x0003042f       0x22 c:/ti/msp430-gcc/bin/../lib/gcc/msp430-elf/9.2.0/../../../../msp430-elf/lib/large/full-memory-range\libnosys.a(ciosyscalls.o)
 .debug_info    0x00030451       0x4f c:/ti/msp430-gcc/bin/../lib/gcc/msp430-elf/9.2.0/../../../../msp430-elf/lib/large/full-memory-range\libnosys.a(exit.o)

.debug_abbrev   0x00000000     0x1d5a
 *(.debug_abbrev)
 .debug_abbrev  0x00000000      0x1c6 ./main.o
 .debug_abbrev  0x000001c6      0x423 ./arch/hal.o
 .debug_abbrev  0x000005e9      0x29f ./core/irq.o
 .debug_abbrev  0x00000888      0x1f0 ./core/panic.o
 .debug_abbrev  0x00000a78      0x275 ./core/sched.o
 .debug_abbrev  0x00000ced      0x2dc ./ds/rbtree.o
 .debug_abbrev  0x00000fc9      0x2ac ./private/sched_impl.o
 .debug_abbrev  0x00001275      0x227 ./private/sleep_queue.o
 .debug_abbrev  0x0000149c      0x1c1 ./private/thread_impl.o
 .debug_abbrev  0x0000165d      0x2bf ./schedulers/vtrr/vtrr.o
 .debug_abbrev  0x0000191c      0x16e c:/ti/msp430-gcc/bin/../lib/gcc/msp430-elf/9.2.0/../../../../msp430-elf/lib/large/full-memory-range\libnosys.a(sbrk.o)
 .debug_abbrev  0x00001a8a      0x25b c:/ti/msp430-gcc/bin/../lib/gcc/msp430-elf/9.2.0/../../../../msp430-elf/lib/large/full-memory-range\libnosys.a(write.o)
 .debug_abbrev  0x00001ce5       0x14 c:/ti/msp430-gcc/bin/../lib/gcc/msp430-elf/9.2.0/../../../../msp430-elf/lib/large/full-memory-range\libnosys.a(cio.o)
 .debug_abbrev  0x00001cf9       0x12 c:/ti/msp430-gcc/bin/../lib/gcc/msp430-elf/9.2.0/../../../../msp430-elf/lib/large/full-memory-range\libnosys.a(ciosyscalls.o)
 .debug_abbrev  0x00001d0b       0x4f c:/ti/msp430-gcc/bin/../lib/gcc/msp430-elf/9.2.0/../../../../msp430-elf/lib/large/full-memory-range\libnosys.a(exit.o)

.debug_line     0x00000000     0x6876
 *(.debug_line .debug_line.* .debug_line_end)
 .debug_line    0x00000000      0x1f5 ./main.o
 .debug_line.text.a
                0x000001f5       0x4a ./main.o
 .debug_line.text.d
                0x0000023f       0x4b ./main.o
 .debug_line.text.e
                0x0000028a       0x4b ./main.o
 .debug_line.text.f
                0x000002d5       0x4b ./main.o
 .debug_line.text.b
                0x00000320       0x50 ./main.o
 .debug_line.text.c
                0x00000370       0x6c ./main.o
 .debug_line.text.startup.main
                0x000003dc      0x187 ./main.o
 .debug_line_end
                0x00000563        0x0 ./main.o
 .debug_line    0x00000563      0x257 ./arch/hal.o
 .debug_line.text.arch_thread_exit
                0x000007ba       0x7b ./arch/hal.o
 .debug_line.text.arch_idle
                0x00000835       0x24 ./arch/hal.o
 .debug_line.text.arch_init_stack
                0x00000859      0x1c8 ./arch/hal.o
 .debug_line.text.arch_sched_start
                0x00000a21       0xe8 ./arch/hal.o
 .debug_line.text.arch_panic
                0x00000b09       0x7d ./arch/hal.o
 .debug_line.text.arch_yield
                0x00000b86      0x167 ./arch/hal.o
 .debug_line.text.arch_yield_higher
                0x00000ced      0x16a ./arch/hal.o
 .debug_line.text.arch_sleep_for
                0x00000e57       0xb7 ./arch/hal.o
 .debug_line.lowtext
                0x00000f0e      0x385 ./arch/hal.o
 .debug_line_end
                0x00001293        0x0 ./arch/hal.o
 .debug_line    0x00001293      0x28d ./core/irq.o
 .debug_line.text.irq_disable
                0x00001520       0x2f ./core/irq.o
 .debug_line.text.irq_enable
                0x0000154f       0x2f ./core/irq.o
 .debug_line.text.irq_lock
                0x0000157e       0xc9 ./core/irq.o
 .debug_line.text.irq_unlock
                0x00001647       0x8d ./core/irq.o
 .debug_line_end
                0x000016d4        0x0 ./core/irq.o
 .debug_line    0x000016d4      0x285 ./core/panic.o
 .debug_line.text.panic
                0x00001959       0x2c ./core/panic.o
 .debug_line_end
                0x00001985        0x0 ./core/panic.o
 .debug_line    0x00001985      0x25a ./core/sched.o
 .debug_line.text.sched_init
                0x00001bdf       0x2f ./core/sched.o
 .debug_line.text.sched_add
                0x00001c0e       0x2f ./core/sched.o
 .debug_line.text.sched_start
                0x00001c3d       0x2f ./core/sched.o
 .debug_line.text.sched_yield
                0x00001c6c       0x2f ./core/sched.o
 .debug_line.text.sched_yield_higher
                0x00001c9b       0x2f ./core/sched.o
 .debug_line.text.sched_sleep
                0x00001cca       0x30 ./core/sched.o
 .debug_line_end
                0x00001cfa        0x0 ./core/sched.o
 .debug_line    0x00001cfa       0xb0 ./ds/rbtree.o
 .debug_line.text.__rb_inorder_foreach
                0x00001daa       0x5c ./ds/rbtree.o
 .debug_line.text.__rb_delete_rebalance
                0x00001e06      0xeed ./ds/rbtree.o
 .debug_line.text.rb_delete.part.0
                0x00002cf3      0x4c7 ./ds/rbtree.o
 .debug_line.text.rbtree_lcached_init
                0x000031ba       0x58 ./ds/rbtree.o
 .debug_line.text.rbtree_rcached_init
                0x00003212       0x58 ./ds/rbtree.o
 .debug_line.text.rbnode_init
                0x0000326a       0x5e ./ds/rbtree.o
 .debug_line.text.rb_insert
                0x000032c8     0x16f6 ./ds/rbtree.o
 .debug_line.text.rb_lcached_insert
                0x000049be       0x74 ./ds/rbtree.o
 .debug_line.text.rb_rcached_insert
                0x00004a32       0x74 ./ds/rbtree.o
 .debug_line.text.rb_prev
                0x00004aa6       0xce ./ds/rbtree.o
 .debug_line.text.rb_lcached_delete
                0x00004b74      0x162 ./ds/rbtree.o
 .debug_line.text.rb_rcached_delete
                0x00004cd6      0x162 ./ds/rbtree.o
 .debug_line.text.rb_inorder_foreach
                0x00004e38       0x62 ./ds/rbtree.o
 .debug_line_end
                0x00004e9a        0x0 ./ds/rbtree.o
 .debug_line    0x00004e9a      0x229 ./private/sched_impl.o
 .debug_line.text.idle
                0x000050c3       0x42 ./private/sched_impl.o
 .debug_line.text.sched_impl_init
                0x00005105       0x31 ./private/sched_impl.o
 .debug_line.text.sched_impl_add
                0x00005136       0x1f ./private/sched_impl.o
 .debug_line.text.sched_impl_register
                0x00005155       0x1f ./private/sched_impl.o
 .debug_line.text.sched_impl_start
                0x00005174       0x19 ./private/sched_impl.o
 .debug_line.text.sched_impl_run
                0x0000518d       0x43 ./private/sched_impl.o
 .debug_line.text.sched_impl_yield
                0x000051d0       0x3d ./private/sched_impl.o
 .debug_line.text.sched_impl_yield_higher
                0x0000520d       0x3d ./private/sched_impl.o
 .debug_line.text.sched_impl_sleep_until
                0x0000524a       0x2b ./private/sched_impl.o
 .debug_line.text.sched_impl_thread_exit
                0x00005275       0x19 ./private/sched_impl.o
 .debug_line_end
                0x0000528e        0x0 ./private/sched_impl.o
 .debug_line    0x0000528e      0x186 ./private/sleep_queue.o
 .debug_line.text.sleepq_entry_cmp
                0x00005414       0x67 ./private/sleep_queue.o
 .debug_line.text.sleepq_entry_copy
                0x0000547b       0x6f ./private/sleep_queue.o
 .debug_line.text.sleep_queue_init
                0x000054ea       0x23 ./private/sleep_queue.o
 .debug_line.text.sleep_queue_push
                0x0000550d       0x35 ./private/sleep_queue.o
 .debug_line.text.sleep_queue_peek
                0x00005542       0x77 ./private/sleep_queue.o
 .debug_line.text.sleep_queue_pop
                0x000055b9       0x23 ./private/sleep_queue.o
 .debug_line_end
                0x000055dc        0x0 ./private/sleep_queue.o
 .debug_line    0x000055dc      0x1f0 ./private/thread_impl.o
 .debug_line.text.thread_impl_init
                0x000057cc       0x33 ./private/thread_impl.o
 .debug_line_end
                0x000057ff        0x0 ./private/thread_impl.o
 .debug_line    0x000057ff      0x129 ./schedulers/vtrr/vtrr.o
 .debug_line.text.vtrr_client_cmp
                0x00005928       0x50 ./schedulers/vtrr/vtrr.o
 .debug_line.text.vtrr_client_copy
                0x00005978       0x72 ./schedulers/vtrr/vtrr.o
 .debug_line.text.vtrr_client_reset
                0x000059ea       0x42 ./schedulers/vtrr/vtrr.o
 .debug_line.text.vtrr_init
                0x00005a2c       0xa6 ./schedulers/vtrr/vtrr.o
 .debug_line.text.vtrr_start
                0x00005ad2       0x7a ./schedulers/vtrr/vtrr.o
 .debug_line.text.vtrr_add
                0x00005b4c      0x15b ./schedulers/vtrr/vtrr.o
 .debug_line.text.vtrr_register
                0x00005ca7       0xe5 ./schedulers/vtrr/vtrr.o
 .debug_line.text.vtrr_deregister
                0x00005d8c       0x78 ./schedulers/vtrr/vtrr.o
 .debug_line.text.vtrr_run
                0x00005e04      0x29d ./schedulers/vtrr/vtrr.o
 .debug_line.text.vtrr_yield_higher
                0x000060a1      0x2f4 ./schedulers/vtrr/vtrr.o
 .debug_line_end
                0x00006395        0x0 ./schedulers/vtrr/vtrr.o
 .debug_line    0x00006395       0x5e c:/ti/msp430-gcc/bin/../lib/gcc/msp430-elf/9.2.0/../../../../msp430-elf/lib/large/full-memory-range\libnosys.a(sbrk.o)
 .debug_line.text._sbrk
                0x000063f3       0x8d c:/ti/msp430-gcc/bin/../lib/gcc/msp430-elf/9.2.0/../../../../msp430-elf/lib/large/full-memory-range\libnosys.a(sbrk.o)
 .debug_line_end
                0x00006480        0x0 c:/ti/msp430-gcc/bin/../lib/gcc/msp430-elf/9.2.0/../../../../msp430-elf/lib/large/full-memory-range\libnosys.a(sbrk.o)
 .debug_line    0x00006480      0x13f c:/ti/msp430-gcc/bin/../lib/gcc/msp430-elf/9.2.0/../../../../msp430-elf/lib/large/full-memory-range\libnosys.a(write.o)
 .debug_line.text.write
                0x000065bf      0x150 c:/ti/msp430-gcc/bin/../lib/gcc/msp430-elf/9.2.0/../../../../msp430-elf/lib/large/full-memory-range\libnosys.a(write.o)
 .debug_line_end
                0x0000670f        0x0 c:/ti/msp430-gcc/bin/../lib/gcc/msp430-elf/9.2.0/../../../../msp430-elf/lib/large/full-memory-range\libnosys.a(write.o)
 .debug_line    0x0000670f       0x65 c:/ti/msp430-gcc/bin/../lib/gcc/msp430-elf/9.2.0/../../../../msp430-elf/lib/large/full-memory-range\libnosys.a(cio.o)
 .debug_line_end
                0x00006774        0x0 c:/ti/msp430-gcc/bin/../lib/gcc/msp430-elf/9.2.0/../../../../msp430-elf/lib/large/full-memory-range\libnosys.a(cio.o)
 .debug_line    0x00006774       0x57 c:/ti/msp430-gcc/bin/../lib/gcc/msp430-elf/9.2.0/../../../../msp430-elf/lib/large/full-memory-range\libnosys.a(ciosyscalls.o)
 .debug_line.text.getpid
                0x000067cb       0x16 c:/ti/msp430-gcc/bin/../lib/gcc/msp430-elf/9.2.0/../../../../msp430-elf/lib/large/full-memory-range\libnosys.a(ciosyscalls.o)
 .debug_line.text.kill
                0x000067e1       0x11 c:/ti/msp430-gcc/bin/../lib/gcc/msp430-elf/9.2.0/../../../../msp430-elf/lib/large/full-memory-range\libnosys.a(ciosyscalls.o)
 .debug_line_end
                0x000067f2        0x0 c:/ti/msp430-gcc/bin/../lib/gcc/msp430-elf/9.2.0/../../../../msp430-elf/lib/large/full-memory-range\libnosys.a(ciosyscalls.o)
 .debug_line    0x000067f2       0x50 c:/ti/msp430-gcc/bin/../lib/gcc/msp430-elf/9.2.0/../../../../msp430-elf/lib/large/full-memory-range\libnosys.a(exit.o)
 .debug_line.text.exit
                0x00006842       0x34 c:/ti/msp430-gcc/bin/../lib/gcc/msp430-elf/9.2.0/../../../../msp430-elf/lib/large/full-memory-range\libnosys.a(exit.o)
 .debug_line_end
                0x00006876        0x0 c:/ti/msp430-gcc/bin/../lib/gcc/msp430-elf/9.2.0/../../../../msp430-elf/lib/large/full-memory-range\libnosys.a(exit.o)

.debug_frame    0x00000000     0x14ac
 *(.debug_frame)
 .debug_frame   0x00000000      0x16c ./main.o
 .debug_frame   0x0000016c      0x100 ./arch/hal.o
 .debug_frame   0x0000026c       0x74 ./core/irq.o
 .debug_frame   0x000002e0       0x24 ./core/panic.o
 .debug_frame   0x00000304      0x17c ./core/sched.o
 .debug_frame   0x00000480      0x970 ./ds/rbtree.o
 .debug_frame   0x00000df0      0x1c0 ./private/sched_impl.o
 .debug_frame   0x00000fb0       0x98 ./private/sleep_queue.o
 .debug_frame   0x00001048       0x38 ./private/thread_impl.o
 .debug_frame   0x00001080      0x35c ./schedulers/vtrr/vtrr.o
 .debug_frame   0x000013dc       0x44 c:/ti/msp430-gcc/bin/../lib/gcc/msp430-elf/9.2.0/../../../../msp430-elf/lib/large/full-memory-range\libnosys.a(sbrk.o)
 .debug_frame   0x00001420       0x68 c:/ti/msp430-gcc/bin/../lib/gcc/msp430-elf/9.2.0/../../../../msp430-elf/lib/large/full-memory-range\libnosys.a(write.o)
 .debug_frame   0x00001488       0x24 c:/ti/msp430-gcc/bin/../lib/gcc/msp430-elf/9.2.0/../../../../msp430-elf/lib/large/full-memory-range\libnosys.a(exit.o)

.debug_str      0x00000000     0x4e5c
 *(.debug_str)
 .debug_str     0x00000000     0x3ab6 ./main.o
                               0x3b65 (size before relaxing)
 .debug_str     0x00003ab6      0x7e6 ./arch/hal.o
                               0x4311 (size before relaxing)
 .debug_str     0x0000429c       0xaa ./core/irq.o
                               0x3fba (size before relaxing)
 .debug_str     0x00004346       0x10 ./core/panic.o
                               0x3f92 (size before relaxing)
 .debug_str     0x00004356       0xdb ./core/sched.o
                               0x3fef (size before relaxing)
 .debug_str     0x00004431      0x41f ./ds/rbtree.o
                                0x75f (size before relaxing)
 .debug_str     0x00004850      0x103 ./private/sched_impl.o
                               0x407a (size before relaxing)
 .debug_str     0x00004953       0xa8 ./private/sleep_queue.o
                                0x500 (size before relaxing)
 .debug_str     0x000049fb       0x2a ./private/thread_impl.o
                               0x3f07 (size before relaxing)
 .debug_str     0x00004a25      0x1e3 ./schedulers/vtrr/vtrr.o
                                0x56d (size before relaxing)
 .debug_str     0x00004c08       0xaf c:/ti/msp430-gcc/bin/../lib/gcc/msp430-elf/9.2.0/../../../../msp430-elf/lib/large/full-memory-range\libnosys.a(sbrk.o)
                                 0xba (size before relaxing)
 .debug_str     0x00004cb7       0x8a c:/ti/msp430-gcc/bin/../lib/gcc/msp430-elf/9.2.0/../../../../msp430-elf/lib/large/full-memory-range\libnosys.a(write.o)
                                0x5bf (size before relaxing)
 .debug_str     0x00004d41       0xb4 c:/ti/msp430-gcc/bin/../lib/gcc/msp430-elf/9.2.0/../../../../msp430-elf/lib/large/full-memory-range\libnosys.a(cio.o)
 .debug_str     0x00004df5       0x37 c:/ti/msp430-gcc/bin/../lib/gcc/msp430-elf/9.2.0/../../../../msp430-elf/lib/large/full-memory-range\libnosys.a(ciosyscalls.o)
                                 0xbc (size before relaxing)
 .debug_str     0x00004e2c       0x30 c:/ti/msp430-gcc/bin/../lib/gcc/msp430-elf/9.2.0/../../../../msp430-elf/lib/large/full-memory-range\libnosys.a(exit.o)
                                 0xaa (size before relaxing)

.debug_loc      0x00000000     0x4cc7
 *(.debug_loc)
 .debug_loc     0x00000000       0x90 ./main.o
 .debug_loc     0x00000090      0x166 ./arch/hal.o
 .debug_loc     0x000001f6       0x44 ./core/irq.o
 .debug_loc     0x0000023a       0x26 ./core/panic.o
 .debug_loc     0x00000260       0xe1 ./core/sched.o
 .debug_loc     0x00000341     0x3fa5 ./ds/rbtree.o
 .debug_loc     0x000042e6       0xb9 ./private/sched_impl.o
 .debug_loc     0x0000439f      0x179 ./private/sleep_queue.o
 .debug_loc     0x00004518       0x6d ./private/thread_impl.o
 .debug_loc     0x00004585      0x5be ./schedulers/vtrr/vtrr.o
 .debug_loc     0x00004b43       0x6f c:/ti/msp430-gcc/bin/../lib/gcc/msp430-elf/9.2.0/../../../../msp430-elf/lib/large/full-memory-range\libnosys.a(sbrk.o)
 .debug_loc     0x00004bb2      0x115 c:/ti/msp430-gcc/bin/../lib/gcc/msp430-elf/9.2.0/../../../../msp430-elf/lib/large/full-memory-range\libnosys.a(write.o)

.debug_macinfo
 *(.debug_macinfo)

.debug_weaknames
 *(.debug_weaknames)

.debug_funcnames
 *(.debug_funcnames)

.debug_typenames
 *(.debug_typenames)

.debug_varnames
 *(.debug_varnames)

.debug_pubtypes
 *(.debug_pubtypes)

.debug_ranges   0x00000000     0x14c0
 *(.debug_ranges)
 .debug_ranges  0x00000000       0x68 ./main.o
 .debug_ranges  0x00000068       0xd8 ./arch/hal.o
 .debug_ranges  0x00000140       0x50 ./core/irq.o
 .debug_ranges  0x00000190       0x10 ./core/panic.o
 .debug_ranges  0x000001a0       0x70 ./core/sched.o
 .debug_ranges  0x00000210      0xfb0 ./ds/rbtree.o
 .debug_ranges  0x000011c0       0x70 ./private/sched_impl.o
 .debug_ranges  0x00001230       0x40 ./private/sleep_queue.o
 .debug_ranges  0x00001270       0x10 ./private/thread_impl.o
 .debug_ranges  0x00001280      0x178 ./schedulers/vtrr/vtrr.o
 .debug_ranges  0x000013f8       0x10 c:/ti/msp430-gcc/bin/../lib/gcc/msp430-elf/9.2.0/../../../../msp430-elf/lib/large/full-memory-range\libnosys.a(sbrk.o)
 .debug_ranges  0x00001408       0x58 c:/ti/msp430-gcc/bin/../lib/gcc/msp430-elf/9.2.0/../../../../msp430-elf/lib/large/full-memory-range\libnosys.a(write.o)
 .debug_ranges  0x00001460       0x50 c:/ti/msp430-gcc/bin/../lib/gcc/msp430-elf/9.2.0/../../../../msp430-elf/lib/large/full-memory-range\libnosys.a(ciosyscalls.o)
 .debug_ranges  0x000014b0       0x10 c:/ti/msp430-gcc/bin/../lib/gcc/msp430-elf/9.2.0/../../../../msp430-elf/lib/large/full-memory-range\libnosys.a(exit.o)

.debug_macro
 *(.debug_macro)

/DISCARD/
 *(.note.GNU-stack)
                [!provide]                PROVIDE (ADC12CTL0 = 0x800)
                [!provide]                PROVIDE (ADC12CTL0_L = 0x800)
                [!provide]                PROVIDE (ADC12CTL0_H = 0x801)
                [!provide]                PROVIDE (ADC12CTL1 = 0x802)
                [!provide]                PROVIDE (ADC12CTL1_L = 0x802)
                [!provide]                PROVIDE (ADC12CTL1_H = 0x803)
                [!provide]                PROVIDE (ADC12CTL2 = 0x804)
                [!provide]                PROVIDE (ADC12CTL2_L = 0x804)
                [!provide]                PROVIDE (ADC12CTL2_H = 0x805)
                [!provide]                PROVIDE (ADC12CTL3 = 0x806)
                [!provide]                PROVIDE (ADC12CTL3_L = 0x806)
                [!provide]                PROVIDE (ADC12CTL3_H = 0x807)
                [!provide]                PROVIDE (ADC12LO = 0x808)
                [!provide]                PROVIDE (ADC12LO_L = 0x808)
                [!provide]                PROVIDE (ADC12LO_H = 0x809)
                [!provide]                PROVIDE (ADC12HI = 0x80a)
                [!provide]                PROVIDE (ADC12HI_L = 0x80a)
                [!provide]                PROVIDE (ADC12HI_H = 0x80b)
                [!provide]                PROVIDE (ADC12IFGR0 = 0x80c)
                [!provide]                PROVIDE (ADC12IFGR0_L = 0x80c)
                [!provide]                PROVIDE (ADC12IFGR0_H = 0x80d)
                [!provide]                PROVIDE (ADC12IFGR1 = 0x80e)
                [!provide]                PROVIDE (ADC12IFGR1_L = 0x80e)
                [!provide]                PROVIDE (ADC12IFGR1_H = 0x80f)
                [!provide]                PROVIDE (ADC12IFGR2 = 0x810)
                [!provide]                PROVIDE (ADC12IFGR2_L = 0x810)
                [!provide]                PROVIDE (ADC12IFGR2_H = 0x811)
                [!provide]                PROVIDE (ADC12IER0 = 0x812)
                [!provide]                PROVIDE (ADC12IER0_L = 0x812)
                [!provide]                PROVIDE (ADC12IER0_H = 0x813)
                [!provide]                PROVIDE (ADC12IER1 = 0x814)
                [!provide]                PROVIDE (ADC12IER1_L = 0x814)
                [!provide]                PROVIDE (ADC12IER1_H = 0x815)
                [!provide]                PROVIDE (ADC12IER2 = 0x816)
                [!provide]                PROVIDE (ADC12IER2_L = 0x816)
                [!provide]                PROVIDE (ADC12IER2_H = 0x817)
                [!provide]                PROVIDE (ADC12IV = 0x818)
                [!provide]                PROVIDE (ADC12IV_L = 0x818)
                [!provide]                PROVIDE (ADC12IV_H = 0x819)
                [!provide]                PROVIDE (ADC12MCTL0 = 0x820)
                [!provide]                PROVIDE (ADC12MCTL0_L = 0x820)
                [!provide]                PROVIDE (ADC12MCTL0_H = 0x821)
                [!provide]                PROVIDE (ADC12MCTL1 = 0x822)
                [!provide]                PROVIDE (ADC12MCTL1_L = 0x822)
                [!provide]                PROVIDE (ADC12MCTL1_H = 0x823)
                [!provide]                PROVIDE (ADC12MCTL2 = 0x824)
                [!provide]                PROVIDE (ADC12MCTL2_L = 0x824)
                [!provide]                PROVIDE (ADC12MCTL2_H = 0x825)
                [!provide]                PROVIDE (ADC12MCTL3 = 0x826)
                [!provide]                PROVIDE (ADC12MCTL3_L = 0x826)
                [!provide]                PROVIDE (ADC12MCTL3_H = 0x827)
                [!provide]                PROVIDE (ADC12MCTL4 = 0x828)
                [!provide]                PROVIDE (ADC12MCTL4_L = 0x828)
                [!provide]                PROVIDE (ADC12MCTL4_H = 0x829)
                [!provide]                PROVIDE (ADC12MCTL5 = 0x82a)
                [!provide]                PROVIDE (ADC12MCTL5_L = 0x82a)
                [!provide]                PROVIDE (ADC12MCTL5_H = 0x82b)
                [!provide]                PROVIDE (ADC12MCTL6 = 0x82c)
                [!provide]                PROVIDE (ADC12MCTL6_L = 0x82c)
                [!provide]                PROVIDE (ADC12MCTL6_H = 0x82d)
                [!provide]                PROVIDE (ADC12MCTL7 = 0x82e)
                [!provide]                PROVIDE (ADC12MCTL7_L = 0x82e)
                [!provide]                PROVIDE (ADC12MCTL7_H = 0x82f)
                [!provide]                PROVIDE (ADC12MCTL8 = 0x830)
                [!provide]                PROVIDE (ADC12MCTL8_L = 0x830)
                [!provide]                PROVIDE (ADC12MCTL8_H = 0x831)
                [!provide]                PROVIDE (ADC12MCTL9 = 0x832)
                [!provide]                PROVIDE (ADC12MCTL9_L = 0x832)
                [!provide]                PROVIDE (ADC12MCTL9_H = 0x833)
                [!provide]                PROVIDE (ADC12MCTL10 = 0x834)
                [!provide]                PROVIDE (ADC12MCTL10_L = 0x834)
                [!provide]                PROVIDE (ADC12MCTL10_H = 0x835)
                [!provide]                PROVIDE (ADC12MCTL11 = 0x836)
                [!provide]                PROVIDE (ADC12MCTL11_L = 0x836)
                [!provide]                PROVIDE (ADC12MCTL11_H = 0x837)
                [!provide]                PROVIDE (ADC12MCTL12 = 0x838)
                [!provide]                PROVIDE (ADC12MCTL12_L = 0x838)
                [!provide]                PROVIDE (ADC12MCTL12_H = 0x839)
                [!provide]                PROVIDE (ADC12MCTL13 = 0x83a)
                [!provide]                PROVIDE (ADC12MCTL13_L = 0x83a)
                [!provide]                PROVIDE (ADC12MCTL13_H = 0x83b)
                [!provide]                PROVIDE (ADC12MCTL14 = 0x83c)
                [!provide]                PROVIDE (ADC12MCTL14_L = 0x83c)
                [!provide]                PROVIDE (ADC12MCTL14_H = 0x83d)
                [!provide]                PROVIDE (ADC12MCTL15 = 0x83e)
                [!provide]                PROVIDE (ADC12MCTL15_L = 0x83e)
                [!provide]                PROVIDE (ADC12MCTL15_H = 0x83f)
                [!provide]                PROVIDE (ADC12MCTL16 = 0x840)
                [!provide]                PROVIDE (ADC12MCTL16_L = 0x840)
                [!provide]                PROVIDE (ADC12MCTL16_H = 0x841)
                [!provide]                PROVIDE (ADC12MCTL17 = 0x842)
                [!provide]                PROVIDE (ADC12MCTL17_L = 0x842)
                [!provide]                PROVIDE (ADC12MCTL17_H = 0x843)
                [!provide]                PROVIDE (ADC12MCTL18 = 0x844)
                [!provide]                PROVIDE (ADC12MCTL18_L = 0x844)
                [!provide]                PROVIDE (ADC12MCTL18_H = 0x845)
                [!provide]                PROVIDE (ADC12MCTL19 = 0x846)
                [!provide]                PROVIDE (ADC12MCTL19_L = 0x846)
                [!provide]                PROVIDE (ADC12MCTL19_H = 0x847)
                [!provide]                PROVIDE (ADC12MCTL20 = 0x848)
                [!provide]                PROVIDE (ADC12MCTL20_L = 0x848)
                [!provide]                PROVIDE (ADC12MCTL20_H = 0x849)
                [!provide]                PROVIDE (ADC12MCTL21 = 0x84a)
                [!provide]                PROVIDE (ADC12MCTL21_L = 0x84a)
                [!provide]                PROVIDE (ADC12MCTL21_H = 0x84b)
                [!provide]                PROVIDE (ADC12MCTL22 = 0x84c)
                [!provide]                PROVIDE (ADC12MCTL22_L = 0x84c)
                [!provide]                PROVIDE (ADC12MCTL22_H = 0x84d)
                [!provide]                PROVIDE (ADC12MCTL23 = 0x84e)
                [!provide]                PROVIDE (ADC12MCTL23_L = 0x84e)
                [!provide]                PROVIDE (ADC12MCTL23_H = 0x84f)
                [!provide]                PROVIDE (ADC12MCTL24 = 0x850)
                [!provide]                PROVIDE (ADC12MCTL24_L = 0x850)
                [!provide]                PROVIDE (ADC12MCTL24_H = 0x851)
                [!provide]                PROVIDE (ADC12MCTL25 = 0x852)
                [!provide]                PROVIDE (ADC12MCTL25_L = 0x852)
                [!provide]                PROVIDE (ADC12MCTL25_H = 0x853)
                [!provide]                PROVIDE (ADC12MCTL26 = 0x854)
                [!provide]                PROVIDE (ADC12MCTL26_L = 0x854)
                [!provide]                PROVIDE (ADC12MCTL26_H = 0x855)
                [!provide]                PROVIDE (ADC12MCTL27 = 0x856)
                [!provide]                PROVIDE (ADC12MCTL27_L = 0x856)
                [!provide]                PROVIDE (ADC12MCTL27_H = 0x857)
                [!provide]                PROVIDE (ADC12MCTL28 = 0x858)
                [!provide]                PROVIDE (ADC12MCTL28_L = 0x858)
                [!provide]                PROVIDE (ADC12MCTL28_H = 0x859)
                [!provide]                PROVIDE (ADC12MCTL29 = 0x85a)
                [!provide]                PROVIDE (ADC12MCTL29_L = 0x85a)
                [!provide]                PROVIDE (ADC12MCTL29_H = 0x85b)
                [!provide]                PROVIDE (ADC12MCTL30 = 0x85c)
                [!provide]                PROVIDE (ADC12MCTL30_L = 0x85c)
                [!provide]                PROVIDE (ADC12MCTL30_H = 0x85d)
                [!provide]                PROVIDE (ADC12MCTL31 = 0x85e)
                [!provide]                PROVIDE (ADC12MCTL31_L = 0x85e)
                [!provide]                PROVIDE (ADC12MCTL31_H = 0x85f)
                [!provide]                PROVIDE (ADC12MEM0 = 0x860)
                [!provide]                PROVIDE (ADC12MEM0_L = 0x860)
                [!provide]                PROVIDE (ADC12MEM0_H = 0x861)
                [!provide]                PROVIDE (ADC12MEM1 = 0x862)
                [!provide]                PROVIDE (ADC12MEM1_L = 0x862)
                [!provide]                PROVIDE (ADC12MEM1_H = 0x863)
                [!provide]                PROVIDE (ADC12MEM2 = 0x864)
                [!provide]                PROVIDE (ADC12MEM2_L = 0x864)
                [!provide]                PROVIDE (ADC12MEM2_H = 0x865)
                [!provide]                PROVIDE (ADC12MEM3 = 0x866)
                [!provide]                PROVIDE (ADC12MEM3_L = 0x866)
                [!provide]                PROVIDE (ADC12MEM3_H = 0x867)
                [!provide]                PROVIDE (ADC12MEM4 = 0x868)
                [!provide]                PROVIDE (ADC12MEM4_L = 0x868)
                [!provide]                PROVIDE (ADC12MEM4_H = 0x869)
                [!provide]                PROVIDE (ADC12MEM5 = 0x86a)
                [!provide]                PROVIDE (ADC12MEM5_L = 0x86a)
                [!provide]                PROVIDE (ADC12MEM5_H = 0x86b)
                [!provide]                PROVIDE (ADC12MEM6 = 0x86c)
                [!provide]                PROVIDE (ADC12MEM6_L = 0x86c)
                [!provide]                PROVIDE (ADC12MEM6_H = 0x86d)
                [!provide]                PROVIDE (ADC12MEM7 = 0x86e)
                [!provide]                PROVIDE (ADC12MEM7_L = 0x86e)
                [!provide]                PROVIDE (ADC12MEM7_H = 0x86f)
                [!provide]                PROVIDE (ADC12MEM8 = 0x870)
                [!provide]                PROVIDE (ADC12MEM8_L = 0x870)
                [!provide]                PROVIDE (ADC12MEM8_H = 0x871)
                [!provide]                PROVIDE (ADC12MEM9 = 0x872)
                [!provide]                PROVIDE (ADC12MEM9_L = 0x872)
                [!provide]                PROVIDE (ADC12MEM9_H = 0x873)
                [!provide]                PROVIDE (ADC12MEM10 = 0x874)
                [!provide]                PROVIDE (ADC12MEM10_L = 0x874)
                [!provide]                PROVIDE (ADC12MEM10_H = 0x875)
                [!provide]                PROVIDE (ADC12MEM11 = 0x876)
                [!provide]                PROVIDE (ADC12MEM11_L = 0x876)
                [!provide]                PROVIDE (ADC12MEM11_H = 0x877)
                [!provide]                PROVIDE (ADC12MEM12 = 0x878)
                [!provide]                PROVIDE (ADC12MEM12_L = 0x878)
                [!provide]                PROVIDE (ADC12MEM12_H = 0x879)
                [!provide]                PROVIDE (ADC12MEM13 = 0x87a)
                [!provide]                PROVIDE (ADC12MEM13_L = 0x87a)
                [!provide]                PROVIDE (ADC12MEM13_H = 0x87b)
                [!provide]                PROVIDE (ADC12MEM14 = 0x87c)
                [!provide]                PROVIDE (ADC12MEM14_L = 0x87c)
                [!provide]                PROVIDE (ADC12MEM14_H = 0x87d)
                [!provide]                PROVIDE (ADC12MEM15 = 0x87e)
                [!provide]                PROVIDE (ADC12MEM15_L = 0x87e)
                [!provide]                PROVIDE (ADC12MEM15_H = 0x87f)
                [!provide]                PROVIDE (ADC12MEM16 = 0x880)
                [!provide]                PROVIDE (ADC12MEM16_L = 0x880)
                [!provide]                PROVIDE (ADC12MEM16_H = 0x881)
                [!provide]                PROVIDE (ADC12MEM17 = 0x882)
                [!provide]                PROVIDE (ADC12MEM17_L = 0x882)
                [!provide]                PROVIDE (ADC12MEM17_H = 0x883)
                [!provide]                PROVIDE (ADC12MEM18 = 0x884)
                [!provide]                PROVIDE (ADC12MEM18_L = 0x884)
                [!provide]                PROVIDE (ADC12MEM18_H = 0x885)
                [!provide]                PROVIDE (ADC12MEM19 = 0x886)
                [!provide]                PROVIDE (ADC12MEM19_L = 0x886)
                [!provide]                PROVIDE (ADC12MEM19_H = 0x887)
                [!provide]                PROVIDE (ADC12MEM20 = 0x888)
                [!provide]                PROVIDE (ADC12MEM20_L = 0x888)
                [!provide]                PROVIDE (ADC12MEM20_H = 0x889)
                [!provide]                PROVIDE (ADC12MEM21 = 0x88a)
                [!provide]                PROVIDE (ADC12MEM21_L = 0x88a)
                [!provide]                PROVIDE (ADC12MEM21_H = 0x88b)
                [!provide]                PROVIDE (ADC12MEM22 = 0x88c)
                [!provide]                PROVIDE (ADC12MEM22_L = 0x88c)
                [!provide]                PROVIDE (ADC12MEM22_H = 0x88d)
                [!provide]                PROVIDE (ADC12MEM23 = 0x88e)
                [!provide]                PROVIDE (ADC12MEM23_L = 0x88e)
                [!provide]                PROVIDE (ADC12MEM23_H = 0x88f)
                [!provide]                PROVIDE (ADC12MEM24 = 0x890)
                [!provide]                PROVIDE (ADC12MEM24_L = 0x890)
                [!provide]                PROVIDE (ADC12MEM24_H = 0x891)
                [!provide]                PROVIDE (ADC12MEM25 = 0x892)
                [!provide]                PROVIDE (ADC12MEM25_L = 0x892)
                [!provide]                PROVIDE (ADC12MEM25_H = 0x893)
                [!provide]                PROVIDE (ADC12MEM26 = 0x894)
                [!provide]                PROVIDE (ADC12MEM26_L = 0x894)
                [!provide]                PROVIDE (ADC12MEM26_H = 0x895)
                [!provide]                PROVIDE (ADC12MEM27 = 0x896)
                [!provide]                PROVIDE (ADC12MEM27_L = 0x896)
                [!provide]                PROVIDE (ADC12MEM27_H = 0x897)
                [!provide]                PROVIDE (ADC12MEM28 = 0x898)
                [!provide]                PROVIDE (ADC12MEM28_L = 0x898)
                [!provide]                PROVIDE (ADC12MEM28_H = 0x899)
                [!provide]                PROVIDE (ADC12MEM29 = 0x89a)
                [!provide]                PROVIDE (ADC12MEM29_L = 0x89a)
                [!provide]                PROVIDE (ADC12MEM29_H = 0x89b)
                [!provide]                PROVIDE (ADC12MEM30 = 0x89c)
                [!provide]                PROVIDE (ADC12MEM30_L = 0x89c)
                [!provide]                PROVIDE (ADC12MEM30_H = 0x89d)
                [!provide]                PROVIDE (ADC12MEM31 = 0x89e)
                [!provide]                PROVIDE (ADC12MEM31_L = 0x89e)
                [!provide]                PROVIDE (ADC12MEM31_H = 0x89f)
                [!provide]                PROVIDE (AESACTL0 = 0x9c0)
                [!provide]                PROVIDE (AESACTL0_L = 0x9c0)
                [!provide]                PROVIDE (AESACTL0_H = 0x9c1)
                [!provide]                PROVIDE (AESACTL1 = 0x9c2)
                [!provide]                PROVIDE (AESACTL1_L = 0x9c2)
                [!provide]                PROVIDE (AESACTL1_H = 0x9c3)
                [!provide]                PROVIDE (AESASTAT = 0x9c4)
                [!provide]                PROVIDE (AESASTAT_L = 0x9c4)
                [!provide]                PROVIDE (AESASTAT_H = 0x9c5)
                [!provide]                PROVIDE (AESAKEY = 0x9c6)
                [!provide]                PROVIDE (AESAKEY_L = 0x9c6)
                [!provide]                PROVIDE (AESAKEY_H = 0x9c7)
                [!provide]                PROVIDE (AESADIN = 0x9c8)
                [!provide]                PROVIDE (AESADIN_L = 0x9c8)
                [!provide]                PROVIDE (AESADIN_H = 0x9c9)
                [!provide]                PROVIDE (AESADOUT = 0x9ca)
                [!provide]                PROVIDE (AESADOUT_L = 0x9ca)
                [!provide]                PROVIDE (AESADOUT_H = 0x9cb)
                [!provide]                PROVIDE (AESAXDIN = 0x9cc)
                [!provide]                PROVIDE (AESAXDIN_L = 0x9cc)
                [!provide]                PROVIDE (AESAXDIN_H = 0x9cd)
                [!provide]                PROVIDE (AESAXIN = 0x9ce)
                [!provide]                PROVIDE (AESAXIN_L = 0x9ce)
                [!provide]                PROVIDE (AESAXIN_H = 0x9cf)
                [!provide]                PROVIDE (CAPTIO0CTL = 0x43e)
                [!provide]                PROVIDE (CAPTIO0CTL_L = 0x43e)
                [!provide]                PROVIDE (CAPTIO0CTL_H = 0x43f)
                [!provide]                PROVIDE (CAPTIO1CTL = 0x47e)
                [!provide]                PROVIDE (CAPTIO1CTL_L = 0x47e)
                [!provide]                PROVIDE (CAPTIO1CTL_H = 0x47f)
                [!provide]                PROVIDE (CECTL0 = 0x8c0)
                [!provide]                PROVIDE (CECTL0_L = 0x8c0)
                [!provide]                PROVIDE (CECTL0_H = 0x8c1)
                [!provide]                PROVIDE (CECTL1 = 0x8c2)
                [!provide]                PROVIDE (CECTL1_L = 0x8c2)
                [!provide]                PROVIDE (CECTL1_H = 0x8c3)
                [!provide]                PROVIDE (CECTL2 = 0x8c4)
                [!provide]                PROVIDE (CECTL2_L = 0x8c4)
                [!provide]                PROVIDE (CECTL2_H = 0x8c5)
                [!provide]                PROVIDE (CECTL3 = 0x8c6)
                [!provide]                PROVIDE (CECTL3_L = 0x8c6)
                [!provide]                PROVIDE (CECTL3_H = 0x8c7)
                [!provide]                PROVIDE (CEINT = 0x8cc)
                [!provide]                PROVIDE (CEINT_L = 0x8cc)
                [!provide]                PROVIDE (CEINT_H = 0x8cd)
                [!provide]                PROVIDE (CEIV = 0x8ce)
                [!provide]                PROVIDE (CEIV_L = 0x8ce)
                [!provide]                PROVIDE (CEIV_H = 0x8cf)
                [!provide]                PROVIDE (CRCDI = 0x150)
                [!provide]                PROVIDE (CRCDI_L = 0x150)
                [!provide]                PROVIDE (CRCDI_H = 0x151)
                [!provide]                PROVIDE (CRCDIRB = 0x152)
                [!provide]                PROVIDE (CRCDIRB_L = 0x152)
                [!provide]                PROVIDE (CRCDIRB_H = 0x153)
                [!provide]                PROVIDE (CRCINIRES = 0x154)
                [!provide]                PROVIDE (CRCINIRES_L = 0x154)
                [!provide]                PROVIDE (CRCINIRES_H = 0x155)
                [!provide]                PROVIDE (CRCRESR = 0x156)
                [!provide]                PROVIDE (CRCRESR_L = 0x156)
                [!provide]                PROVIDE (CRCRESR_H = 0x157)
                [!provide]                PROVIDE (CRC32DIW0 = 0x980)
                [!provide]                PROVIDE (CRC32DIW0_L = 0x980)
                [!provide]                PROVIDE (CRC32DIW0_H = 0x981)
                [!provide]                PROVIDE (CRC32DIW1 = 0x982)
                [!provide]                PROVIDE (CRC32DIW1_L = 0x982)
                [!provide]                PROVIDE (CRC32DIW1_H = 0x983)
                [!provide]                PROVIDE (CRC32DIRBW1 = 0x984)
                [!provide]                PROVIDE (CRC32DIRBW1_L = 0x984)
                [!provide]                PROVIDE (CRC32DIRBW1_H = 0x985)
                [!provide]                PROVIDE (CRC32DIRBW0 = 0x986)
                [!provide]                PROVIDE (CRC32DIRBW0_L = 0x986)
                [!provide]                PROVIDE (CRC32DIRBW0_H = 0x987)
                [!provide]                PROVIDE (CRC32INIRESW0 = 0x988)
                [!provide]                PROVIDE (CRC32INIRESW0_L = 0x988)
                [!provide]                PROVIDE (CRC32INIRESW0_H = 0x989)
                [!provide]                PROVIDE (CRC32INIRESW1 = 0x98a)
                [!provide]                PROVIDE (CRC32INIRESW1_L = 0x98a)
                [!provide]                PROVIDE (CRC32INIRESW1_H = 0x98b)
                [!provide]                PROVIDE (CRC32RESRW1 = 0x98c)
                [!provide]                PROVIDE (CRC32RESRW1_L = 0x98c)
                [!provide]                PROVIDE (CRC32RESRW1_H = 0x98d)
                [!provide]                PROVIDE (CRC32RESRW0 = 0x98e)
                [!provide]                PROVIDE (CRC32RESRW0_L = 0x98e)
                [!provide]                PROVIDE (CRC32RESRW0_H = 0x98f)
                [!provide]                PROVIDE (CRC16DIW0 = 0x990)
                [!provide]                PROVIDE (CRC16DIW0_L = 0x990)
                [!provide]                PROVIDE (CRC16DIW0_H = 0x991)
                [!provide]                PROVIDE (CRC16DIRBW0 = 0x996)
                [!provide]                PROVIDE (CRC16DIRBW0_L = 0x996)
                [!provide]                PROVIDE (CRC16DIRBW0_H = 0x997)
                [!provide]                PROVIDE (CRC16INIRESW0 = 0x998)
                [!provide]                PROVIDE (CRC16INIRESW0_L = 0x998)
                [!provide]                PROVIDE (CRC16INIRESW0_H = 0x999)
                [!provide]                PROVIDE (CRC16RESRW0 = 0x99e)
                [!provide]                PROVIDE (CRC16RESRW0_L = 0x99e)
                [!provide]                PROVIDE (CRC16RESRW0_H = 0x99f)
                [!provide]                PROVIDE (CSCTL0 = 0x160)
                [!provide]                PROVIDE (CSCTL0_L = 0x160)
                [!provide]                PROVIDE (CSCTL0_H = 0x161)
                [!provide]                PROVIDE (CSCTL1 = 0x162)
                [!provide]                PROVIDE (CSCTL1_L = 0x162)
                [!provide]                PROVIDE (CSCTL1_H = 0x163)
                [!provide]                PROVIDE (CSCTL2 = 0x164)
                [!provide]                PROVIDE (CSCTL2_L = 0x164)
                [!provide]                PROVIDE (CSCTL2_H = 0x165)
                [!provide]                PROVIDE (CSCTL3 = 0x166)
                [!provide]                PROVIDE (CSCTL3_L = 0x166)
                [!provide]                PROVIDE (CSCTL3_H = 0x167)
                [!provide]                PROVIDE (CSCTL4 = 0x168)
                [!provide]                PROVIDE (CSCTL4_L = 0x168)
                [!provide]                PROVIDE (CSCTL4_H = 0x169)
                [!provide]                PROVIDE (CSCTL5 = 0x16a)
                [!provide]                PROVIDE (CSCTL5_L = 0x16a)
                [!provide]                PROVIDE (CSCTL5_H = 0x16b)
                [!provide]                PROVIDE (CSCTL6 = 0x16c)
                [!provide]                PROVIDE (CSCTL6_L = 0x16c)
                [!provide]                PROVIDE (CSCTL6_H = 0x16d)
                [!provide]                PROVIDE (PAIN = 0x200)
                [!provide]                PROVIDE (PAIN_L = 0x200)
                [!provide]                PROVIDE (PAIN_H = 0x201)
                [!provide]                PROVIDE (PAOUT = 0x202)
                [!provide]                PROVIDE (PAOUT_L = 0x202)
                [!provide]                PROVIDE (PAOUT_H = 0x203)
                [!provide]                PROVIDE (PADIR = 0x204)
                [!provide]                PROVIDE (PADIR_L = 0x204)
                [!provide]                PROVIDE (PADIR_H = 0x205)
                [!provide]                PROVIDE (PAREN = 0x206)
                [!provide]                PROVIDE (PAREN_L = 0x206)
                [!provide]                PROVIDE (PAREN_H = 0x207)
                [!provide]                PROVIDE (PASEL0 = 0x20a)
                [!provide]                PROVIDE (PASEL0_L = 0x20a)
                [!provide]                PROVIDE (PASEL0_H = 0x20b)
                [!provide]                PROVIDE (PASEL1 = 0x20c)
                [!provide]                PROVIDE (PASEL1_L = 0x20c)
                [!provide]                PROVIDE (PASEL1_H = 0x20d)
                [!provide]                PROVIDE (P1IV = 0x20e)
                [!provide]                PROVIDE (P1IV_L = 0x20e)
                [!provide]                PROVIDE (P1IV_H = 0x20f)
                [!provide]                PROVIDE (PASELC = 0x216)
                [!provide]                PROVIDE (PASELC_L = 0x216)
                [!provide]                PROVIDE (PASELC_H = 0x217)