Archive member included to satisfy reference by file (symbol)

c:/ti/msp430-gcc/bin/../lib/gcc/msp430-elf/9.2.0\libgcc.a(lib2divHI.o)
                              ./schedulers/vtrr/vtrr.o (__mspabi_divu)
c:/ti/msp430-gcc/bin/../lib/gcc/msp430-elf/9.2.0\libgcc.a(slli.o)
                              ./arch/al.o (__mspabi_slll_12)
c:/ti/msp430-gcc/bin/../lib/gcc/msp430-elf/9.2.0\libgcc.a(srli.o)
                              ./arch/al.o (__mspabi_srll_10)
c:/ti/msp430-gcc/bin/../lib/gcc/msp430-elf/9.2.0/../../../../msp430-elf/lib\libc.a(lib_a-snprintf.o)
                              ./arch/al.o (snprintf)
c:/ti/msp430-gcc/bin/../lib/gcc/msp430-elf/9.2.0/../../../../msp430-elf/lib\libc.a(lib_a-impure.o)
                              c:/ti/msp430-gcc/bin/../lib/gcc/msp430-elf/9.2.0/../../../../msp430-elf/lib\libc.a(lib_a-snprintf.o) (_impure_ptr)
c:/ti/msp430-gcc/bin/../lib/gcc/msp430-elf/9.2.0/../../../../msp430-elf/lib\libc.a(lib_a-nano-svfprintf.o)
                              c:/ti/msp430-gcc/bin/../lib/gcc/msp430-elf/9.2.0/../../../../msp430-elf/lib\libc.a(lib_a-snprintf.o) (_svfprintf_r)
c:/ti/msp430-gcc/bin/../lib/gcc/msp430-elf/9.2.0/../../../../msp430-elf/lib\libc.a(lib_a-nano-vfprintf_i.o)
                              c:/ti/msp430-gcc/bin/../lib/gcc/msp430-elf/9.2.0/../../../../msp430-elf/lib\libc.a(lib_a-nano-svfprintf.o) (_printf_i)
c:/ti/msp430-gcc/bin/../lib/gcc/msp430-elf/9.2.0/../../../../msp430-elf/lib\libc.a(lib_a-memchr.o)
                              c:/ti/msp430-gcc/bin/../lib/gcc/msp430-elf/9.2.0/../../../../msp430-elf/lib\libc.a(lib_a-nano-svfprintf.o) (memchr)
c:/ti/msp430-gcc/bin/../lib/gcc/msp430-elf/9.2.0/../../../../msp430-elf/lib\libc.a(lib_a-memcpy.o)
                              c:/ti/msp430-gcc/bin/../lib/gcc/msp430-elf/9.2.0/../../../../msp430-elf/lib\libc.a(lib_a-nano-svfprintf.o) (memcpy)
c:/ti/msp430-gcc/bin/../lib/gcc/msp430-elf/9.2.0/../../../../msp430-elf/lib\libc.a(lib_a-memmove.o)
                              c:/ti/msp430-gcc/bin/../lib/gcc/msp430-elf/9.2.0/../../../../msp430-elf/lib\libc.a(lib_a-nano-svfprintf.o) (memmove)
c:/ti/msp430-gcc/bin/../lib/gcc/msp430-elf/9.2.0/../../../../msp430-elf/lib\libc.a(lib_a-nano-freer.o)
                              c:/ti/msp430-gcc/bin/../lib/gcc/msp430-elf/9.2.0/../../../../msp430-elf/lib\libc.a(lib_a-nano-svfprintf.o) (_free_r)
c:/ti/msp430-gcc/bin/../lib/gcc/msp430-elf/9.2.0/../../../../msp430-elf/lib\libc.a(lib_a-nano-mallocr.o)
                              c:/ti/msp430-gcc/bin/../lib/gcc/msp430-elf/9.2.0/../../../../msp430-elf/lib\libc.a(lib_a-nano-svfprintf.o) (_malloc_r)
c:/ti/msp430-gcc/bin/../lib/gcc/msp430-elf/9.2.0/../../../../msp430-elf/lib\libc.a(lib_a-nano-reallocr.o)
                              c:/ti/msp430-gcc/bin/../lib/gcc/msp430-elf/9.2.0/../../../../msp430-elf/lib\libc.a(lib_a-nano-svfprintf.o) (_realloc_r)
c:/ti/msp430-gcc/bin/../lib/gcc/msp430-elf/9.2.0/../../../../msp430-elf/lib\libc.a(lib_a-sbrkr.o)
                              c:/ti/msp430-gcc/bin/../lib/gcc/msp430-elf/9.2.0/../../../../msp430-elf/lib\libc.a(lib_a-nano-mallocr.o) (_sbrk_r)
c:/ti/msp430-gcc/bin/../lib/gcc/msp430-elf/9.2.0/../../../../msp430-elf/lib\libc.a(lib_a-nano-msizer.o)
                              c:/ti/msp430-gcc/bin/../lib/gcc/msp430-elf/9.2.0/../../../../msp430-elf/lib\libc.a(lib_a-nano-reallocr.o) (_malloc_usable_size_r)
c:/ti/msp430-gcc/bin/../lib/gcc/msp430-elf/9.2.0/../../../../msp430-elf/lib\libc.a(lib_a-reent.o)
                              c:/ti/msp430-gcc/bin/../lib/gcc/msp430-elf/9.2.0/../../../../msp430-elf/lib\libc.a(lib_a-sbrkr.o) (errno)
c:/ti/msp430-gcc/bin/../lib/gcc/msp430-elf/9.2.0\libgcc.a(lib2divSI.o)
                              c:/ti/msp430-gcc/bin/../lib/gcc/msp430-elf/9.2.0/../../../../msp430-elf/lib\libc.a(lib_a-nano-vfprintf_i.o) (__mspabi_divul)
c:/ti/msp430-gcc/bin/../lib/gcc/msp430-elf/9.2.0\libgcc.a(_udivdi3.o)
                              c:/ti/msp430-gcc/bin/../lib/gcc/msp430-elf/9.2.0\libgcc.a(lib2divSI.o) (__mspabi_divull)
c:/ti/msp430-gcc/bin/../lib/gcc/msp430-elf/9.2.0\libgcc.a(_clzdi2.o)
                              c:/ti/msp430-gcc/bin/../lib/gcc/msp430-elf/9.2.0\libgcc.a(_udivdi3.o) (__clzdi2)
c:/ti/msp430-gcc/bin/../lib/gcc/msp430-elf/9.2.0\libgcc.a(_clz.o)
                              c:/ti/msp430-gcc/bin/../lib/gcc/msp430-elf/9.2.0\libgcc.a(_clzdi2.o) (__clz_tab)
c:/ti/msp430-gcc/bin/../lib/gcc/msp430-elf/9.2.0\libmul_f5.a(lib2hw_mul_f5.o)
                              ./schedulers/vtrr/vtrr.o (__mspabi_mpyul_f5hw)
c:/ti/msp430-gcc/bin/../lib/gcc/msp430-elf/9.2.0\libgcc.a(_muldi3.o)
                              c:/ti/msp430-gcc/bin/../lib/gcc/msp430-elf/9.2.0\libmul_f5.a(lib2hw_mul_f5.o) (__mspabi_mpyll)
c:/ti/msp430-gcc/bin/../lib/gcc/msp430-elf/9.2.0/../../../../msp430-elf/lib\libcrt.a(crt_bss.o)
                              ./main.o (__crt0_init_bss)
c:/ti/msp430-gcc/bin/../lib/gcc/msp430-elf/9.2.0/../../../../msp430-elf/lib\libcrt.a(crt_movedata.o)
[...]
Memory Configuration

Name             Origin             Length             Attributes
TINYRAM          0x0000000a         0x00000016
BSL              0x00001000         0x00000800
RAM              0x00001c00         0x00001000
LEARAM           0x00002c00         0x00000ec8
LEASTACK         0x00003ac8         0x00000138
INFOMEM          0x00001800         0x00000200
INFOD            0x00001800         0x00000080
INFOC            0x00001880         0x00000080
INFOB            0x00001900         0x00000080
INFOA            0x00001980         0x00000080
ROM              0x00004000         0x0000bf80         xr
HIFRAM           0x00010000         0x00033fff         xrw
JTAGSIGNATURE    0x0000ff80         0x00000004
BSLSIGNATURE     0x0000ff84         0x00000004
IPESIGNATURE     0x0000ff88         0x00000008
VECT0            0x0000ff90         0x00000002
VECT1            0x0000ff92         0x00000002
VECT2            0x0000ff94         0x00000002
VECT3            0x0000ff96         0x00000002
VECT4            0x0000ff98         0x00000002
VECT5            0x0000ff9a         0x00000002
VECT6            0x0000ff9c         0x00000002
VECT7            0x0000ff9e         0x00000002
VECT8            0x0000ffa0         0x00000002
VECT9            0x0000ffa2         0x00000002
VECT10           0x0000ffa4         0x00000002
VECT11           0x0000ffa6         0x00000002
VECT12           0x0000ffa8         0x00000002
VECT13           0x0000ffaa         0x00000002
VECT14           0x0000ffac         0x00000002
VECT15           0x0000ffae         0x00000002
VECT16           0x0000ffb0         0x00000002
VECT17           0x0000ffb2         0x00000002
VECT18           0x0000ffb4         0x00000002
VECT19           0x0000ffb6         0x00000002
VECT20           0x0000ffb8         0x00000002
VECT21           0x0000ffba         0x00000002
VECT22           0x0000ffbc         0x00000002
VECT23           0x0000ffbe         0x00000002
VECT24           0x0000ffc0         0x00000002
VECT25           0x0000ffc2         0x00000002
VECT26           0x0000ffc4         0x00000002
VECT27           0x0000ffc6         0x00000002
VECT28           0x0000ffc8         0x00000002
VECT29           0x0000ffca         0x00000002
VECT30           0x0000ffcc         0x00000002
VECT31           0x0000ffce         0x00000002
VECT32           0x0000ffd0         0x00000002
VECT33           0x0000ffd2         0x00000002
VECT34           0x0000ffd4         0x00000002
VECT35           0x0000ffd6         0x00000002
VECT36           0x0000ffd8         0x00000002
VECT37           0x0000ffda         0x00000002
VECT38           0x0000ffdc         0x00000002
VECT39           0x0000ffde         0x00000002
VECT40           0x0000ffe0         0x00000002
VECT41           0x0000ffe2         0x00000002
VECT42           0x0000ffe4         0x00000002
VECT43           0x0000ffe6         0x00000002
VECT44           0x0000ffe8         0x00000002
VECT45           0x0000ffea         0x00000002
VECT46           0x0000ffec         0x00000002
VECT47           0x0000ffee         0x00000002
VECT48           0x0000fff0         0x00000002
VECT49           0x0000fff2         0x00000002
VECT50           0x0000fff4         0x00000002
VECT51           0x0000fff6         0x00000002
VECT52           0x0000fff8         0x00000002
VECT53           0x0000fffa         0x00000002
VECT54           0x0000fffc         0x00000002
RESETVEC         0x0000fffe         0x00000002
*default*        0x00000000         0xffffffff

Linker script and memory map

LOAD c:/ti/msp430-gcc/bin/../lib/gcc/msp430-elf/9.2.0/../../../../msp430-elf/lib/crt0.o
LOAD c:/ti/msp430-gcc/bin/../lib/gcc/msp430-elf/9.2.0/crtbegin_no_eh.o
LOAD ./main.o
LOAD ./arch/al.o
LOAD ./core/irq.o
LOAD ./core/panic.o
LOAD ./core/sched.o
LOAD ./core/thread.o
LOAD ./ds/rbtree.o
LOAD ./ds/rbtree_lcached.o
LOAD ./ds/rbtree_lrcached.o
LOAD ./ds/rbtree_rcached.o
LOAD ./private/sched_impl.o
LOAD ./private/sleep_queue.o
LOAD ./private/thread_impl.o
LOAD ./schedulers/lottery/lottery.o
LOAD ./schedulers/vtrr/vtrr.o
START GROUP
LOAD c:/ti/msp430-gcc/bin/../lib/gcc/msp430-elf/9.2.0\libgcc.a
LOAD c:/ti/msp430-gcc/bin/../lib/gcc/msp430-elf/9.2.0/../../../../msp430-elf/lib\libc.a
END GROUP
LOAD c:/ti/msp430-gcc/bin/../lib/gcc/msp430-elf/9.2.0\libgcc.a
START GROUP
LOAD c:/ti/msp430-gcc/bin/../lib/gcc/msp430-elf/9.2.0\libmul_f5.a
LOAD c:/ti/msp430-gcc/bin/../lib/gcc/msp430-elf/9.2.0/../../../../msp430-elf/lib\libc.a
LOAD c:/ti/msp430-gcc/bin/../lib/gcc/msp430-elf/9.2.0\libgcc.a
LOAD c:/ti/msp430-gcc/bin/../lib/gcc/msp430-elf/9.2.0/../../../../msp430-elf/lib\libcrt.a
LOAD c:/ti/msp430-gcc/bin/../lib/gcc/msp430-elf/9.2.0/../../../../msp430-elf/lib\libnosys.a
END GROUP
LOAD c:/ti/msp430-gcc/bin/../lib/gcc/msp430-elf/9.2.0\libgcc.a
LOAD c:/ti/msp430-gcc/bin/../lib/gcc/msp430-elf/9.2.0/crtend_no_eh.o
LOAD c:/ti/msp430-gcc/bin/../lib/gcc/msp430-elf/9.2.0\libgcc.a

.leaRAM

.jtagsignature

.bslsignature

.ipe
 *(.ipesignature)
 *(.jtagpassword)

__interrupt_vector_0
 *(__interrupt_vector_0)

__interrupt_vector_1
 *(__interrupt_vector_1)

__interrupt_vector_2
 *(__interrupt_vector_2)

__interrupt_vector_3
 *(__interrupt_vector_3)

__interrupt_vector_4
 *(__interrupt_vector_4)

__interrupt_vector_5
 *(__interrupt_vector_5)

__interrupt_vector_6
 *(__interrupt_vector_6)

__interrupt_vector_7
 *(__interrupt_vector_7)

__interrupt_vector_8
 *(__interrupt_vector_8)

__interrupt_vector_9
 *(__interrupt_vector_9)

__interrupt_vector_10
 *(__interrupt_vector_10)

__interrupt_vector_11
 *(__interrupt_vector_11)

__interrupt_vector_12
 *(__interrupt_vector_12)

__interrupt_vector_13
 *(__interrupt_vector_13)

__interrupt_vector_14
 *(__interrupt_vector_14)

__interrupt_vector_15
 *(__interrupt_vector_15)

__interrupt_vector_16
 *(__interrupt_vector_16)

__interrupt_vector_17
 *(__interrupt_vector_17)

__interrupt_vector_18
 *(__interrupt_vector_18)
 *(__interrupt_vector_lea)

__interrupt_vector_19
 *(__interrupt_vector_19)
 *(__interrupt_vector_port8)

__interrupt_vector_20
 *(__interrupt_vector_20)
 *(__interrupt_vector_port7)

__interrupt_vector_21
 *(__interrupt_vector_21)
 *(__interrupt_vector_eusci_b3)

__interrupt_vector_22
 *(__interrupt_vector_22)
 *(__interrupt_vector_eusci_b2)

__interrupt_vector_23
 *(__interrupt_vector_23)
 *(__interrupt_vector_eusci_b1)

__interrupt_vector_24
 *(__interrupt_vector_24)
 *(__interrupt_vector_eusci_a3)

__interrupt_vector_25
 *(__interrupt_vector_25)
 *(__interrupt_vector_eusci_a2)

__interrupt_vector_26
 *(__interrupt_vector_26)
 *(__interrupt_vector_port6)

__interrupt_vector_27
 *(__interrupt_vector_27)
 *(__interrupt_vector_port5)

__interrupt_vector_28
 *(__interrupt_vector_28)
 *(__interrupt_vector_timer4_a1)

__interrupt_vector_29
 *(__interrupt_vector_29)
 *(__interrupt_vector_timer4_a0)

__interrupt_vector_30
 *(__interrupt_vector_30)
 *(__interrupt_vector_aes256)

__interrupt_vector_31
 *(__interrupt_vector_31)
 *(__interrupt_vector_rtc_c)

__interrupt_vector_32
 *(__interrupt_vector_32)
 *(__interrupt_vector_port4)

__interrupt_vector_33
 *(__interrupt_vector_33)
 *(__interrupt_vector_port3)

__interrupt_vector_34
 *(__interrupt_vector_34)
 *(__interrupt_vector_timer3_a1)

__interrupt_vector_35
 *(__interrupt_vector_35)
 *(__interrupt_vector_timer3_a0)

__interrupt_vector_36
 *(__interrupt_vector_36)
 *(__interrupt_vector_port2)

__interrupt_vector_37
 *(__interrupt_vector_37)
 *(__interrupt_vector_timer2_a1)

__interrupt_vector_38
 *(__interrupt_vector_38)
 *(__interrupt_vector_timer2_a0)

__interrupt_vector_39
 *(__interrupt_vector_39)
 *(__interrupt_vector_port1)

__interrupt_vector_40
 *(__interrupt_vector_40)
 *(__interrupt_vector_timer1_a1)

__interrupt_vector_41
 *(__interrupt_vector_41)
 *(__interrupt_vector_timer1_a0)

__interrupt_vector_42
 *(__interrupt_vector_42)
 *(__interrupt_vector_dma)

__interrupt_vector_43
 *(__interrupt_vector_43)
 *(__interrupt_vector_eusci_a1)

__interrupt_vector_44
                0x0000ffe8        0x2
 *(__interrupt_vector_44)
 __interrupt_vector_44
                0x0000ffe8        0x2 ./arch/al.o
 *(__interrupt_vector_timer0_a1)

__interrupt_vector_45
                0x0000ffea        0x2
 *(__interrupt_vector_45)
 __interrupt_vector_45
                0x0000ffea        0x2 ./arch/al.o
 *(__interrupt_vector_timer0_a0)

__interrupt_vector_46
 *(__interrupt_vector_46)
 *(__interrupt_vector_adc12_b)

__interrupt_vector_47
 *(__interrupt_vector_47)
 *(__interrupt_vector_eusci_b0)

__interrupt_vector_48
 *(__interrupt_vector_48)
 *(__interrupt_vector_eusci_a0)

__interrupt_vector_49
 *(__interrupt_vector_49)
 *(__interrupt_vector_wdt)

__interrupt_vector_50
 *(__interrupt_vector_50)
 *(__interrupt_vector_timer0_b1)

__interrupt_vector_51
 *(__interrupt_vector_51)
 *(__interrupt_vector_timer0_b0)

__interrupt_vector_52
 *(__interrupt_vector_52)
 *(__interrupt_vector_comp_e)

__interrupt_vector_53
 *(__interrupt_vector_53)
 *(__interrupt_vector_unmi)

__interrupt_vector_54
 *(__interrupt_vector_54)
 *(__interrupt_vector_sysnmi)

__reset_vector  0x0000fffe        0x2
 *(__interrupt_vector_55)
 *(__interrupt_vector_reset)
 *(.resetvec)
 .resetvec      0x0000fffe        0x2 c:/ti/msp430-gcc/bin/../lib/gcc/msp430-elf/9.2.0/../../../../msp430-elf/lib/crt0.o

.lower.rodata   0x00004000        0x0
                0x00004000                . = ALIGN (0x2)
 *(.lower.rodata.* .lower.rodata)

.rodata         0x00004000      0x11c
                0x00004000                . = ALIGN (0x2)
 *(.plt)
 *(.rodata .rodata.* .gnu.linkonce.r.* .const .const:*)
 .rodata        0x00004000       0xaf ./arch/al.o
 .rodata        0x000040af       0x1e ./schedulers/vtrr/vtrr.o
 .rodata.str1.1
                0x000040cd        0x2 c:/ti/msp430-gcc/bin/../lib/gcc/msp430-elf/9.2.0/../../../../msp430-elf/lib\libc.a(lib_a-impure.o)
 .rodata._svfprintf_r.str1.1
                0x000040cf       0x11 c:/ti/msp430-gcc/bin/../lib/gcc/msp430-elf/9.2.0/../../../../msp430-elf/lib\libc.a(lib_a-nano-svfprintf.o)
 .rodata._printf_i.str1.1
                0x000040e0       0x22 c:/ti/msp430-gcc/bin/../lib/gcc/msp430-elf/9.2.0/../../../../msp430-elf/lib\libc.a(lib_a-nano-vfprintf_i.o)
 .rodata._sbrk.str1.1
                0x00004102       0x1a c:/ti/msp430-gcc/bin/../lib/gcc/msp430-elf/9.2.0/../../../../msp430-elf/lib\libnosys.a(sbrk.o)
 *(.rodata1)
 *(.gcc_except_table)
 *(.gcc_except_table.*)
                [!provide]                PROVIDE (__preinit_array_start = .)
 *(.preinit_array)
                [!provide]                PROVIDE (__preinit_array_end = .)
                [!provide]                PROVIDE (__init_array_start = .)
 *(SORT_BY_NAME(.init_array.*))
 *(.init_array)
                [!provide]                PROVIDE (__init_array_end = .)
                [!provide]                PROVIDE (__fini_array_start = .)
 *(.fini_array)
 *(SORT_BY_NAME(.fini_array.*))
                [!provide]                PROVIDE (__fini_array_end = .)

.rodata2        0x0000411c       0x62
                0x0000411c                . = ALIGN (0x2)
 *(.eh_frame_hdr)
 *(.eh_frame)
 .eh_frame      0x0000411c       0x62 c:/ti/msp430-gcc/bin/../lib/gcc/msp430-elf/9.2.0\libgcc.a(_udivdi3.o)
 *crtbegin*.o(.ctors)
 *(EXCLUDE_FILE(*crtend*.o) .ctors)
 *(SORT_BY_NAME(.ctors.*))
 *(.ctors)
 *crtbegin*.o(.dtors)
 *(EXCLUDE_FILE(*crtend*.o) .dtors)
 *(SORT_BY_NAME(.dtors.*))
 *(.dtors)

.persistent     0x0000417e        0x0
                0x0000417e                . = ALIGN (0x2)
                [!provide]                PROVIDE (__persistent_start = .)
 *(.persistent)
                0x0000417e                . = ALIGN (0x2)
                [!provide]                PROVIDE (__persistent_end = .)

.upper.rodata
 *(.upper.rodata.* .upper.rodata)

.tinyram

.lower.data     0x00001c00        0x0 load address 0x0000417e
                0x00001c00                . = ALIGN (0x2)
                0x00001c00                PROVIDE (__datastart = .)
 *(.lower.data.* .lower.data)

.data           0x00001c00       0xc8 load address 0x0000417e
                0x00001c00                . = ALIGN (0x2)
                [!provide]                PROVIDE (__datastart = .)
 *(.jcr)
 *(.data.rel.ro.local)
 *(.data.rel.ro*)
 *(.dynamic)
 *(.data .data.* .gnu.linkonce.d.*)
 .data._impure_ptr
                0x00001c00        0x2 c:/ti/msp430-gcc/bin/../lib/gcc/msp430-elf/9.2.0/../../../../msp430-elf/lib\libc.a(lib_a-impure.o)
                0x00001c00                _impure_ptr
 .data.impure_data
                0x00001c02       0x78 c:/ti/msp430-gcc/bin/../lib/gcc/msp430-elf/9.2.0/../../../../msp430-elf/lib\libc.a(lib_a-impure.o)
 .data.heap.1412
                0x00001c7a        0x2 c:/ti/msp430-gcc/bin/../lib/gcc/msp430-elf/9.2.0/../../../../msp430-elf/lib\libnosys.a(sbrk.o)
 .data          0x00001c7c       0x4b c:/ti/msp430-gcc/bin/../lib/gcc/msp430-elf/9.2.0/../../../../msp430-elf/lib\libnosys.a(cio.o)
                0x00001c7c                _CIOBUF_
                0x00001c7c                __CIOBUF__
 *(.gnu.linkonce.d.*personality*)
 *(.data1)
 *(.got.plt)
 *(.got)
                0x00001cc8                . = ALIGN (0x2)
 *fill*         0x00001cc7        0x1 
 *(.sdata .sdata.* .gnu.linkonce.s.* D_2 D_1)
                0x00001cc8                . = ALIGN (0x2)
                0x00001cc8                _edata = .
                [!provide]                PROVIDE (edata = .)
                [!provide]                PROVIDE (__dataend = .)
                0x0000417e                PROVIDE (__romdatastart = LOADADDR (.lower.data))
                0x000000c8                PROVIDE (__romdatacopysize = (SIZEOF (.lower.data) + SIZEOF (.data)))

.upper.data     0x00010000        0x2 load address 0x00004246
                0x00004246                __upper_data_init = LOADADDR (.upper.data)
                0x00010000        0x2 SHORT 0x1
                0x00010002                __high_datastart = .
 *(.upper.data.* .upper.data)
                0x00010002                __high_dataend = .
                0x00000000                __rom_highdatacopysize = (SIZEOF (.upper.data) - 0x2)
                0x00004248                __rom_highdatastart = (LOADADDR (.upper.data) + 0x2)

.lower.bss      0x00001cc8        0x0
                0x00001cc8                . = ALIGN (0x2)
                0x00001cc8                PROVIDE (__bssstart = .)
 *(.lower.bss.* .lower.bss)

.bss            0x00001cc8      0xcc4
                0x00001cc8                . = ALIGN (0x2)
                [!provide]                PROVIDE (__bssstart = .)
 *(.dynbss)
 *(.sbss .sbss.*)
 *(.bss .bss.* .gnu.linkonce.b.*)
 .bss.tcbs      0x00001cc8       0x30 ./main.o
                0x00001cc8                tcbs
 .bss.sched_test_stacks
                0x00001cf8      0x900 ./main.o
                0x00001cf8                sched_test_stacks
 .bss.run_counts
                0x000025f8       0x18 ./main.o
                0x000025f8                run_counts
 .bss.fns       0x00002610        0xc ./main.o
                0x00002610                fns
 .bss.panic_log
                0x0000261c       0x80 ./arch/al.o
 .bss.clients   0x0000269c      0x140 ./core/sched.o
                0x0000269c                clients
 .bss.i         0x000027dc        0x2 ./core/sched.o
                0x000027dc                i
 .bss.sched_idle_thread
                0x000027de        0x6 ./private/sched_impl.o
 .bss.idle_stack
                0x000027e4       0x80 ./private/sched_impl.o
                0x000027e4                idle_stack
 .bss.sched_p   0x00002864      0x122 ./private/sched_impl.o
                0x00002864                sched_p
 .bss.__malloc_sbrk_start
                0x00002986        0x2 c:/ti/msp430-gcc/bin/../lib/gcc/msp430-elf/9.2.0/../../../../msp430-elf/lib\libc.a(lib_a-nano-mallocr.o)
                0x00002986                __malloc_sbrk_start
 .bss.__malloc_free_list
                0x00002988        0x2 c:/ti/msp430-gcc/bin/../lib/gcc/msp430-elf/9.2.0/../../../../msp430-elf/lib\libc.a(lib_a-nano-mallocr.o)
                0x00002988                __malloc_free_list
 .bss.errno     0x0000298a        0x2 c:/ti/msp430-gcc/bin/../lib/gcc/msp430-elf/9.2.0/../../../../msp430-elf/lib\libc.a(lib_a-reent.o)
                0x0000298a                errno
                0x0000298c                . = ALIGN (0x2)
 *(COMMON)
                [!provide]                PROVIDE (__bssend = .)
                0x00000cc4                PROVIDE (__bsssize = (SIZEOF (.lower.bss) + SIZEOF (.bss)))

.noinit         0x0000298c        0x0
                0x0000298c                . = ALIGN (0x2)
                [!provide]                PROVIDE (__noinit_start = .)
 *(.noinit)
                0x0000298c                . = ALIGN (0x2)
                [!provide]                PROVIDE (__noinit_end = .)

.upper.bss      0x00010002        0x0
                0x00010002                . = ALIGN (0x2)
                0x00010002                __high_bssstart = .
 *(.upper.bss.* .upper.bss)
                0x00010002                . = ALIGN (0x2)
                0x00010002                __high_bssend = .
                0x00000000                __high_bsssize = SIZEOF (.upper.bss)

.heap           0x0000298c        0x4
                0x0000298c                . = ALIGN (0x2)
                0x0000298c                __heap_start__ = .
                0x0000298c                _end = __heap_start__
                0x0000298c                PROVIDE (end = .)
 *(.heap)
                0x0000298c                _end = .
                [!provide]                PROVIDE (end = .)
                0x0000298c        0x4 LONG 0x0
                0x00002990                __heap_end__ = .
                0x00002990                __HeapLimit = __heap_end__

.stack          0x00002c00        0x0
                0x00002c00                PROVIDE (__stack = .)
 *(.stack)

.lower.text     0x00004248        0x0
                0x00004248                . = ALIGN (0x2)
 *(.lower.text.* .lower.text)

.text           0x00004248     0x2a22
                0x00004248                PROVIDE (_start = .)
                0x00004248                . = ALIGN (0x2)
 *(SORT_BY_NAME(.crt_*))
 .crt_0000start
                0x00004248        0x4 c:/ti/msp430-gcc/bin/../lib/gcc/msp430-elf/9.2.0/../../../../msp430-elf/lib/crt0.o
                0x00004248                __crt0_start
 .crt_0100init_bss
                0x0000424c        0xe c:/ti/msp430-gcc/bin/../lib/gcc/msp430-elf/9.2.0/../../../../msp430-elf/lib\libcrt.a(crt_bss.o)
                0x0000424c                __crt0_init_bss
 .crt_0300movedata
                0x0000425a       0x14 c:/ti/msp430-gcc/bin/../lib/gcc/msp430-elf/9.2.0/../../../../msp430-elf/lib\libcrt.a(crt_movedata.o)
                0x0000425a                __crt0_movedata
 .crt_0800call_main
                0x0000426e        0x6 c:/ti/msp430-gcc/bin/../lib/gcc/msp430-elf/9.2.0/../../../../msp430-elf/lib\libcrt.a(crt_main.o)
                0x0000426e                __crt0_call_main
                0x00004274                . = ALIGN (0x2)
 *(.lower.text.* .lower.text)
                0x00004274                . = ALIGN (0x2)
 *(.text .stub .text.* .gnu.linkonce.t.* .text:*)
 .text.a        0x00004274       0x20 ./main.o
                0x00004274                a
 .text.b        0x00004294       0x20 ./main.o
                0x00004294                b
 .text.c        0x000042b4       0x20 ./main.o
                0x000042b4                c
 .text.d        0x000042d4       0x20 ./main.o
                0x000042d4                d
 .text.e        0x000042f4       0x20 ./main.o
                0x000042f4                e
 .text.f        0x00004314       0x20 ./main.o
                0x00004314                f
 .text.main     0x00004334       0xec ./main.o
                0x00004334                main
 .text.al_disable_interrupts
                0x00004420        0x8 ./arch/al.o
 .text.al_setup_os_timer
                0x00004428       0x20 ./arch/al.o
 .text.al_acknowledge_wakeup_interrupt
                0x00004448        0xe ./arch/al.o
 .text.al_acknowledge_tick_interrupt
                0x00004456        0xe ./arch/al.o
 .text.al_schedule_next_tick
                0x00004464       0x22 ./arch/al.o
 .text.al_suppress_tick_interrupt
                0x00004486       0x10 ./arch/al.o
 .text.al_idle  0x00004496        0xc ./arch/al.o
                0x00004496                al_idle
 .text.al_thread_exit
                0x000044a2       0x24 ./arch/al.o
 .text.al_create_irq_frame
                0x000044c6       0x30 ./arch/al.o
 .text.al_init_stack
                0x000044f6      0x10a ./arch/al.o
                0x000044f6                al_init_stack
 .text.al_sched_start
                0x00004600       0x30 ./arch/al.o
                0x00004600                al_sched_start
 .text.al_panic
                0x00004630       0x76 ./arch/al.o
                0x00004630                al_panic
 .text.al_tick_irq
                0x000046a6       0x56 ./arch/al.o
                0x000046a6                al_tick_irq
 .text.al_time_irq
                0x000046fc       0x7c ./arch/al.o
                0x000046fc                al_time_irq
 .text.al_disable_interrupts
                0x00004778        0x8 ./core/irq.o
 .text.al_enable_interrupts
                0x00004780        0xa ./core/irq.o
 .text.al_get_interrupt_state
                0x0000478a       0x18 ./core/irq.o
 .text.al_interrupts_enabled
                0x000047a2       0x1a ./core/irq.o
 .text.irq_disable
                0x000047bc        0x8 ./core/irq.o
                0x000047bc                irq_disable
 .text.irq_enable
                0x000047c4        0x8 ./core/irq.o
                0x000047c4                irq_enable
 .text.irq_lock
                0x000047cc       0x38 ./core/irq.o
                0x000047cc                irq_lock
 .text.irq_unlock
                0x00004804       0x42 ./core/irq.o
                0x00004804                irq_unlock
 .text.al_disable_interrupts
                0x00004846        0x8 ./core/panic.o
 .text.panic    0x0000484e       0x10 ./core/panic.o
                0x0000484e                panic
 .text.sched_init
                0x0000485e       0x10 ./core/sched.o
                0x0000485e                sched_init
 .text.sched_add
                0x0000486e       0x38 ./core/sched.o
                0x0000486e                sched_add
 .text.sched_start
                0x000048a6       0x10 ./core/sched.o
                0x000048a6                sched_start
 .text.__rb_set_red
                0x000048b6       0x2c ./ds/rbtree.o
 .text.__rb_set_black
                0x000048e2       0x22 ./ds/rbtree.o
 .text.__rb_set_color
                0x00004904       0x30 ./ds/rbtree.o
 .text.__rb_swap_colors
                0x00004934       0x6c ./ds/rbtree.o
 .text.__rb_set_parent
                0x000049a0       0x3c ./ds/rbtree.o
 .text.__rb_replace_child
                0x000049dc       0x68 ./ds/rbtree.o
 .text.__rb_set_parent_and_color
                0x00004a44       0x36 ./ds/rbtree.o
 .text.__rb_left_rotate
                0x00004a7a       0x6e ./ds/rbtree.o
 .text.__rb_right_rotate
                0x00004ae8       0x6e ./ds/rbtree.o
 .text.__rb_node_clear
                0x00004b56       0x28 ./ds/rbtree.o
 .text.__rb_node_init
                0x00004b7e       0x12 ./ds/rbtree.o
 .text.rb_tree_init
                0x00004b90       0x1a ./ds/rbtree.o
                0x00004b90                rb_tree_init
 .text.__rb_sibling
                0x00004baa       0x5e ./ds/rbtree.o
 .text.__rb_insert_basic
                0x00004c08       0xca ./ds/rbtree.o
 .text.__rb_insert_rebalance
                0x00004cd2      0x1d6 ./ds/rbtree.o
 .text.rb_tree_insert
                0x00004ea8       0x9c ./ds/rbtree.o
                0x00004ea8                rb_tree_insert
 .text.__rb_node_predecessor
                0x00004f44       0x64 ./ds/rbtree.o
 .text.__rb_delete_node
                0x00004fa8       0x66 ./ds/rbtree.o
 .text.__rb_move_and_delete
                0x0000500e       0x3c ./ds/rbtree.o
 .text.__rb_delete_basic
                0x0000504a       0x26 ./ds/rbtree.o
 .text.__rb_delete_rebalance
                0x00005070      0x25c ./ds/rbtree.o
 .text.rb_tree_delete_at
                0x000052cc      0x122 ./ds/rbtree.o
                0x000052cc                rb_tree_delete_at
 .text.__rb_first
                0x000053ee       0x34 ./ds/rbtree.o
 .text.__rb_last
                0x00005422       0x34 ./ds/rbtree.o
 .text.rb_last  0x00005456       0x1c ./ds/rbtree.o
                0x00005456                rb_last
 .text.rb_next  0x00005472       0x8e ./ds/rbtree.o
                0x00005472                rb_next
 .text.rb_prev  0x00005500       0x8e ./ds/rbtree.o
                0x00005500                rb_prev
 .text.__rb_inorder_foreach
                0x0000558e       0x46 ./ds/rbtree.o
 .text.rb_inorder_foreach
                0x000055d4       0x2e ./ds/rbtree.o
                0x000055d4                rb_inorder_foreach
 .text.rb_tree_lcached_init
                0x00005602       0x20 ./ds/rbtree_lcached.o
                0x00005602                rb_tree_lcached_init
 .text.rb_tree_rcached_init
                0x00005622       0x20 ./ds/rbtree_rcached.o
                0x00005622                rb_tree_rcached_init
 .text.rb_tree_rcached_insert
                0x00005642       0x76 ./ds/rbtree_rcached.o
                0x00005642                rb_tree_rcached_insert
 .text.rb_tree_rcached_delete_at
                0x000056b8       0x7e ./ds/rbtree_rcached.o
                0x000056b8                rb_tree_rcached_delete_at
 .text.idle     0x00005736        0xc ./private/sched_impl.o
 .text.sched_impl_init
                0x00005742       0x32 ./private/sched_impl.o
                0x00005742                sched_impl_init
 .text.sched_impl_add
                0x00005774       0x40 ./private/sched_impl.o
                0x00005774                sched_impl_add
 .text.sched_impl_start
                0x000057b4        0xc ./private/sched_impl.o
                0x000057b4                sched_impl_start
 .text.sched_impl_run
                0x000057c0       0x4a ./private/sched_impl.o
                0x000057c0                sched_impl_run
 .text.sched_impl_yield_higher
                0x0000580a       0x42 ./private/sched_impl.o
                0x0000580a                sched_impl_yield_higher
 .text.sched_impl_thread_exit
                0x0000584c        0x4 ./private/sched_impl.o
                0x0000584c                sched_impl_thread_exit
 .text.sleep_queue_init
                0x00005850       0x12 ./private/sleep_queue.o
                0x00005850                sleep_queue_init
 .text.thread_impl_init
                0x00005862       0x2e ./private/thread_impl.o
                0x00005862                thread_impl_init
 .text.vtrr_client_init
                0x00005890       0x54 ./schedulers/vtrr/vtrr.o
 .text.vtrr_client_is_runnable
                0x000058e4       0x1e ./schedulers/vtrr/vtrr.o
 .text.vtrr_client_run
                0x00005902       0x3a ./schedulers/vtrr/vtrr.o
 .text.vtrr_client_cmp
                0x0000593c       0x68 ./schedulers/vtrr/vtrr.o
 .text.vtrr_client_copy
                0x000059a4      0x106 ./schedulers/vtrr/vtrr.o
 .text.vtrr_client_reset
                0x00005aaa       0x3c ./schedulers/vtrr/vtrr.o
 .text.vtrr_client_add_to_list
                0x00005ae6       0xe0 ./schedulers/vtrr/vtrr.o
 .text.vtrr_mgr_init
                0x00005bc6       0x38 ./schedulers/vtrr/vtrr.o
 .text.vtrr_mgr_start
                0x00005bfe       0x38 ./schedulers/vtrr/vtrr.o
 .text.vtrr_mgr_task_foreach
                0x00005c36       0x1c ./schedulers/vtrr/vtrr.o
 .text.vtrr_mgr_run
                0x00005c52      0x254 ./schedulers/vtrr/vtrr.o
 .text.vtrr_mgr_yield_higher
                0x00005ea6       0x34 ./schedulers/vtrr/vtrr.o
 .text.vtrr_init
                0x00005eda       0x12 ./schedulers/vtrr/vtrr.o
                0x00005eda                vtrr_init
 .text.vtrr_start
                0x00005eec       0x12 ./schedulers/vtrr/vtrr.o
                0x00005eec                vtrr_start
 .text.vtrr_add
                0x00005efe       0x36 ./schedulers/vtrr/vtrr.o
                0x00005efe                vtrr_add
 .text.vtrr_run
                0x00005f34       0x12 ./schedulers/vtrr/vtrr.o
                0x00005f34                vtrr_run
 .text.vtrr_yield_higher
                0x00005f46       0x12 ./schedulers/vtrr/vtrr.o
                0x00005f46                vtrr_yield_higher
 .text.udivmodhi4
                0x00005f58       0x38 c:/ti/msp430-gcc/bin/../lib/gcc/msp430-elf/9.2.0\libgcc.a(lib2divHI.o)
                0x00005f58                udivmodhi4
 .text.__udivhi3
                0x00005f90        0x8 c:/ti/msp430-gcc/bin/../lib/gcc/msp430-elf/9.2.0\libgcc.a(lib2divHI.o)
                0x00005f90                __mspabi_divu
 .text.__mspabi_slli
                0x00005f98        0xa c:/ti/msp430-gcc/bin/../lib/gcc/msp430-elf/9.2.0\libgcc.a(slli.o)
                0x00005f9c                __mspabi_slli
 .text.snprintf
                0x00005fa2       0x6a c:/ti/msp430-gcc/bin/../lib/gcc/msp430-elf/9.2.0/../../../../msp430-elf/lib\libc.a(lib_a-snprintf.o)
                0x00005fa2                sniprintf
                0x00005fa2                snprintf
 .text.__ssputs_r
                0x0000600c       0xd0 c:/ti/msp430-gcc/bin/../lib/gcc/msp430-elf/9.2.0/../../../../msp430-elf/lib\libc.a(lib_a-nano-svfprintf.o)
                0x0000600c                __ssputs_r
 .text._svfprintf_r
                0x000060dc      0x26c c:/ti/msp430-gcc/bin/../lib/gcc/msp430-elf/9.2.0/../../../../msp430-elf/lib\libc.a(lib_a-nano-svfprintf.o)
                0x000060dc                _svfiprintf_r
                0x000060dc                _svfprintf_r
 .text._printf_common
                0x00006348      0x102 c:/ti/msp430-gcc/bin/../lib/gcc/msp430-elf/9.2.0/../../../../msp430-elf/lib\libc.a(lib_a-nano-vfprintf_i.o)
                0x00006348                _printf_common
 *fill*         0x0000644a        0x2 
 .text._printf_i
                0x0000644c      0x32e c:/ti/msp430-gcc/bin/../lib/gcc/msp430-elf/9.2.0/../../../../msp430-elf/lib\libc.a(lib_a-nano-vfprintf_i.o)
                0x0000644c                _printf_i
 .text.memchr   0x0000677a       0x1c c:/ti/msp430-gcc/bin/../lib/gcc/msp430-elf/9.2.0/../../../../msp430-elf/lib\libc.a(lib_a-memchr.o)
                0x0000677a                memchr
 .text.memcpy   0x00006796       0x1c c:/ti/msp430-gcc/bin/../lib/gcc/msp430-elf/9.2.0/../../../../msp430-elf/lib\libc.a(lib_a-memcpy.o)
                0x00006796                memcpy
 .text.memmove  0x000067b2       0x46 c:/ti/msp430-gcc/bin/../lib/gcc/msp430-elf/9.2.0/../../../../msp430-elf/lib\libc.a(lib_a-memmove.o)
                0x000067b2                memmove
 .text._free_r  0x000067f8       0xe6 c:/ti/msp430-gcc/bin/../lib/gcc/msp430-elf/9.2.0/../../../../msp430-elf/lib\libc.a(lib_a-nano-freer.o)
                0x000067f8                _free_r
 .text._malloc_r
                0x000068de       0xde c:/ti/msp430-gcc/bin/../lib/gcc/msp430-elf/9.2.0/../../../../msp430-elf/lib\libc.a(lib_a-nano-mallocr.o)
                0x000068de                _malloc_r
 .text._realloc_r
                0x000069bc       0x52 c:/ti/msp430-gcc/bin/../lib/gcc/msp430-elf/9.2.0/../../../../msp430-elf/lib\libc.a(lib_a-nano-reallocr.o)
                0x000069bc                _realloc_r
 .text._sbrk_r  0x00006a0e       0x22 c:/ti/msp430-gcc/bin/../lib/gcc/msp430-elf/9.2.0/../../../../msp430-elf/lib\libc.a(lib_a-sbrkr.o)
                0x00006a0e                _sbrk_r
 .text._malloc_usable_size_r
                0x00006a30       0x14 c:/ti/msp430-gcc/bin/../lib/gcc/msp430-elf/9.2.0/../../../../msp430-elf/lib\libc.a(lib_a-nano-msizer.o)
                0x00006a30                _malloc_usable_size_r
 .text.udivmodsi4
                0x00006a44       0x80 c:/ti/msp430-gcc/bin/../lib/gcc/msp430-elf/9.2.0\libgcc.a(lib2divSI.o)
                0x00006a44                udivmodsi4
 .text.__udivsi3
                0x00006ac4        0xe c:/ti/msp430-gcc/bin/../lib/gcc/msp430-elf/9.2.0\libgcc.a(lib2divSI.o)
                0x00006ac4                __mspabi_divlu
                0x00006ac4                __mspabi_divul
 .text.__umodsi3
                0x00006ad2        0xe c:/ti/msp430-gcc/bin/../lib/gcc/msp430-elf/9.2.0\libgcc.a(lib2divSI.o)
                0x00006ad2                __mspabi_remul
 .text.__umulhisi2
                0x00006ae0       0x18 c:/ti/msp430-gcc/bin/../lib/gcc/msp430-elf/9.2.0\libmul_f5.a(lib2hw_mul_f5.o)
                0x00006ae0                __mspabi_mpyul_f5hw
                0x00006ae0                __mspabi_mpyul
                0x00006ae0                __umulhisi2
 .text._sbrk    0x00006af8       0x32 c:/ti/msp430-gcc/bin/../lib/gcc/msp430-elf/9.2.0/../../../../msp430-elf/lib\libnosys.a(sbrk.o)
                0x00006af8                sbrk
                0x00006af8                _sbrk
 .text.write    0x00006b2a       0x6e c:/ti/msp430-gcc/bin/../lib/gcc/msp430-elf/9.2.0/../../../../msp430-elf/lib\libnosys.a(write.o)
                0x00006b2a                write
 .text          0x00006b98        0x4 c:/ti/msp430-gcc/bin/../lib/gcc/msp430-elf/9.2.0/../../../../msp430-elf/lib\libnosys.a(cio.o)
                0x00006b98                _libgloss_cio_hook
                0x00006b98                C$$IO$$
 .text.abort    0x00006b9c        0xe c:/ti/msp430-gcc/bin/../lib/gcc/msp430-elf/9.2.0/../../../../msp430-elf/lib\libc.a(lib_a-abort.o)
                0x00006b9c                abort
 .text.memset   0x00006baa       0x12 c:/ti/msp430-gcc/bin/../lib/gcc/msp430-elf/9.2.0/../../../../msp430-elf/lib\libc.a(lib_a-memset.o)
                0x00006baa                memset
 .text._raise_r
                0x00006bbc       0x5c c:/ti/msp430-gcc/bin/../lib/gcc/msp430-elf/9.2.0/../../../../msp430-elf/lib\libc.a(lib_a-signal.o)
                0x00006bbc                _raise_r
 .text.raise    0x00006c18        0xc c:/ti/msp430-gcc/bin/../lib/gcc/msp430-elf/9.2.0/../../../../msp430-elf/lib\libc.a(lib_a-signal.o)
                0x00006c18                raise
 .text._kill_r  0x00006c24       0x24 c:/ti/msp430-gcc/bin/../lib/gcc/msp430-elf/9.2.0/../../../../msp430-elf/lib\libc.a(lib_a-signalr.o)
                0x00006c24                _kill_r
 .text._getpid_r
                0x00006c48        0x6 c:/ti/msp430-gcc/bin/../lib/gcc/msp430-elf/9.2.0/../../../../msp430-elf/lib\libc.a(lib_a-signalr.o)
                0x00006c48                _getpid_r
 .text.getpid   0x00006c4e        0x6 c:/ti/msp430-gcc/bin/../lib/gcc/msp430-elf/9.2.0/../../../../msp430-elf/lib\libnosys.a(ciosyscalls.o)
                0x00006c4e                getpid
 .text.kill     0x00006c54        0xe c:/ti/msp430-gcc/bin/../lib/gcc/msp430-elf/9.2.0/../../../../msp430-elf/lib\libnosys.a(ciosyscalls.o)
                0x00006c54                kill
 .text.exit     0x00006c62        0x2 c:/ti/msp430-gcc/bin/../lib/gcc/msp430-elf/9.2.0/../../../../msp430-elf/lib\libnosys.a(exit.o)
                0x00006c62                _exit
                0x00006c62                exit
 .text.__errno  0x00006c64        0x6 c:/ti/msp430-gcc/bin/../lib/gcc/msp430-elf/9.2.0/../../../../msp430-elf/lib\libc.a(lib_a-errno.o)
                0x00006c64                __errno
 *(.text.*personality*)
 *(.gnu.warning)
 *(.interp .hash .dynsym .dynstr .gnu.version*)
                [!provide]                PROVIDE (__etext = .)
                [!provide]                PROVIDE (_etext = .)
                [!provide]                PROVIDE (etext = .)
                0x00006c6a                . = ALIGN (0x2)
 *(.init)
 *(.fini)
 *(.tm_clone_table)

.upper.text     0x00010002        0x0
                0x00010002                . = ALIGN (0x2)
 *(.upper.text.* .upper.text)

.infoD

.infoC

.infoB

.infoA

.MSP430.attributes
                0x00000000       0x17
 *(.MSP430.attributes)
 .MSP430.attributes
                0x00000000       0x17 c:/ti/msp430-gcc/bin/../lib/gcc/msp430-elf/9.2.0/../../../../msp430-elf/lib/crt0.o
 .MSP430.attributes
                0x00000017       0x17 c:/ti/msp430-gcc/bin/../lib/gcc/msp430-elf/9.2.0/crtbegin_no_eh.o
 .MSP430.attributes
                0x0000002e       0x17 ./main.o
 .MSP430.attributes
                0x00000045       0x17 ./arch/al.o
 .MSP430.attributes
                0x0000005c       0x17 ./core/irq.o
 .MSP430.attributes
                0x00000073       0x17 ./core/panic.o
 .MSP430.attributes
                0x0000008a       0x17 ./core/sched.o
 .MSP430.attributes
                0x000000a1       0x17 ./core/thread.o
 .MSP430.attributes
                0x000000b8       0x17 ./ds/rbtree.o
 .MSP430.attributes
                0x000000cf       0x17 ./ds/rbtree_lcached.o
 .MSP430.attributes
                0x000000e6       0x17 ./ds/rbtree_lrcached.o
 .MSP430.attributes
                0x000000fd       0x17 ./ds/rbtree_rcached.o
 .MSP430.attributes
                0x00000114       0x17 ./private/sched_impl.o
 .MSP430.attributes
                0x0000012b       0x17 ./private/sleep_queue.o
 .MSP430.attributes
                0x00000142       0x17 ./private/thread_impl.o
 .MSP430.attributes
                0x00000159       0x17 ./schedulers/lottery/lottery.o
 .MSP430.attributes
                0x00000170       0x17 ./schedulers/vtrr/vtrr.o
 .MSP430.attributes
                0x00000187       0x17 c:/ti/msp430-gcc/bin/../lib/gcc/msp430-elf/9.2.0\libgcc.a(lib2divHI.o)
 .MSP430.attributes
                0x0000019e       0x17 c:/ti/msp430-gcc/bin/../lib/gcc/msp430-elf/9.2.0\libgcc.a(slli.o)
 .MSP430.attributes
                0x000001b5       0x17 c:/ti/msp430-gcc/bin/../lib/gcc/msp430-elf/9.2.0\libgcc.a(srli.o)
 .MSP430.attributes
                0x000001cc       0x17 c:/ti/msp430-gcc/bin/../lib/gcc/msp430-elf/9.2.0/../../../../msp430-elf/lib\libc.a(lib_a-snprintf.o)
 .MSP430.attributes
                0x000001e3       0x17 c:/ti/msp430-gcc/bin/../lib/gcc/msp430-elf/9.2.0/../../../../msp430-elf/lib\libc.a(lib_a-impure.o)
 .MSP430.attributes
                0x000001fa       0x17 c:/ti/msp430-gcc/bin/../lib/gcc/msp430-elf/9.2.0/../../../../msp430-elf/lib\libc.a(lib_a-nano-svfprintf.o)
 .MSP430.attributes
                0x00000211       0x17 c:/ti/msp430-gcc/bin/../lib/gcc/msp430-elf/9.2.0/../../../../msp430-elf/lib\libc.a(lib_a-nano-vfprintf_i.o)
 .MSP430.attributes
                0x00000228       0x17 c:/ti/msp430-gcc/bin/../lib/gcc/msp430-elf/9.2.0/../../../../msp430-elf/lib\libc.a(lib_a-memchr.o)
 .MSP430.attributes
                0x0000023f       0x17 c:/ti/msp430-gcc/bin/../lib/gcc/msp430-elf/9.2.0/../../../../msp430-elf/lib\libc.a(lib_a-memcpy.o)
 .MSP430.attributes
                0x00000256       0x17 c:/ti/msp430-gcc/bin/../lib/gcc/msp430-elf/9.2.0/../../../../msp430-elf/lib\libc.a(lib_a-memmove.o)
 .MSP430.attributes
                0x0000026d       0x17 c:/ti/msp430-gcc/bin/../lib/gcc/msp430-elf/9.2.0/../../../../msp430-elf/lib\libc.a(lib_a-nano-freer.o)
 .MSP430.attributes
                0x00000284       0x17 c:/ti/msp430-gcc/bin/../lib/gcc/msp430-elf/9.2.0/../../../../msp430-elf/lib\libc.a(lib_a-nano-mallocr.o)
 .MSP430.attributes
                0x0000029b       0x17 c:/ti/msp430-gcc/bin/../lib/gcc/msp430-elf/9.2.0/../../../../msp430-elf/lib\libc.a(lib_a-nano-reallocr.o)
 .MSP430.attributes
                0x000002b2       0x17 c:/ti/msp430-gcc/bin/../lib/gcc/msp430-elf/9.2.0/../../../../msp430-elf/lib\libc.a(lib_a-sbrkr.o)
 .MSP430.attributes
                0x000002c9       0x17 c:/ti/msp430-gcc/bin/../lib/gcc/msp430-elf/9.2.0/../../../../msp430-elf/lib\libc.a(lib_a-nano-msizer.o)
 .MSP430.attributes
                0x000002e0       0x17 c:/ti/msp430-gcc/bin/../lib/gcc/msp430-elf/9.2.0/../../../../msp430-elf/lib\libc.a(lib_a-reent.o)
 .MSP430.attributes
                0x000002f7       0x17 c:/ti/msp430-gcc/bin/../lib/gcc/msp430-elf/9.2.0\libgcc.a(lib2divSI.o)
 .MSP430.attributes
                0x0000030e       0x17 c:/ti/msp430-gcc/bin/../lib/gcc/msp430-elf/9.2.0\libgcc.a(_udivdi3.o)
 .MSP430.attributes
                0x00000325       0x17 c:/ti/msp430-gcc/bin/../lib/gcc/msp430-elf/9.2.0\libgcc.a(_clzdi2.o)
 .MSP430.attributes
                0x0000033c       0x17 c:/ti/msp430-gcc/bin/../lib/gcc/msp430-elf/9.2.0\libgcc.a(_clz.o)
 .MSP430.attributes
                0x00000353       0x17 c:/ti/msp430-gcc/bin/../lib/gcc/msp430-elf/9.2.0\libmul_f5.a(lib2hw_mul_f5.o)
 .MSP430.attributes
                0x0000036a       0x17 c:/ti/msp430-gcc/bin/../lib/gcc/msp430-elf/9.2.0\libgcc.a(_muldi3.o)
 .MSP430.attributes
                0x00000381       0x17 c:/ti/msp430-gcc/bin/../lib/gcc/msp430-elf/9.2.0/../../../../msp430-elf/lib\libcrt.a(crt_bss.o)
 .MSP430.attributes
                0x00000398       0x17 c:/ti/msp430-gcc/bin/../lib/gcc/msp430-elf/9.2.0/../../../../msp430-elf/lib\libcrt.a(crt_movedata.o)
 .MSP430.attributes
                0x000003af       0x17 c:/ti/msp430-gcc/bin/../lib/gcc/msp430-elf/9.2.0/../../../../msp430-elf/lib\libcrt.a(crt_main.o)
 .MSP430.attributes
                0x000003c6       0x17 c:/ti/msp430-gcc/bin/../lib/gcc/msp430-elf/9.2.0/../../../../msp430-elf/lib\libnosys.a(sbrk.o)
 .MSP430.attributes
                0x000003dd       0x17 c:/ti/msp430-gcc/bin/../lib/gcc/msp430-elf/9.2.0/../../../../msp430-elf/lib\libnosys.a(write.o)
 .MSP430.attributes
                0x000003f4       0x17 c:/ti/msp430-gcc/bin/../lib/gcc/msp430-elf/9.2.0/../../../../msp430-elf/lib\libnosys.a(cio.o)
 .MSP430.attributes
                0x0000040b       0x17 c:/ti/msp430-gcc/bin/../lib/gcc/msp430-elf/9.2.0/../../../../msp430-elf/lib\libc.a(lib_a-abort.o)
 .MSP430.attributes
                0x00000422       0x17 c:/ti/msp430-gcc/bin/../lib/gcc/msp430-elf/9.2.0/../../../../msp430-elf/lib\libc.a(lib_a-memset.o)
 .MSP430.attributes
                0x00000439       0x17 c:/ti/msp430-gcc/bin/../lib/gcc/msp430-elf/9.2.0/../../../../msp430-elf/lib\libc.a(lib_a-signal.o)
 .MSP430.attributes
                0x00000450       0x17 c:/ti/msp430-gcc/bin/../lib/gcc/msp430-elf/9.2.0/../../../../msp430-elf/lib\libc.a(lib_a-signalr.o)
 .MSP430.attributes
                0x00000467       0x17 c:/ti/msp430-gcc/bin/../lib/gcc/msp430-elf/9.2.0/../../../../msp430-elf/lib\libnosys.a(ciosyscalls.o)
 .MSP430.attributes
                0x0000047e       0x17 c:/ti/msp430-gcc/bin/../lib/gcc/msp430-elf/9.2.0/../../../../msp430-elf/lib\libnosys.a(exit.o)
 .MSP430.attributes
                0x00000495       0x17 c:/ti/msp430-gcc/bin/../lib/gcc/msp430-elf/9.2.0/../../../../msp430-elf/lib\libc.a(lib_a-errno.o)
 .MSP430.attributes
                0x000004ac       0x17 c:/ti/msp430-gcc/bin/../lib/gcc/msp430-elf/9.2.0/crtend_no_eh.o
 *(.gnu.attributes)
 *(__TI_build_attributes)

.stab
 *(.stab)

.stabstr
 *(.stabstr)

.stab.excl
 *(.stab.excl)

.stab.exclstr
 *(.stab.exclstr)

.stab.index
 *(.stab.index)

.stab.indexstr
 *(.stab.indexstr)

.comment        0x00000000       0x39
 *(.comment)
 .comment       0x00000000       0x39 ./main.o
                                 0x3a (size before relaxing)
 .comment       0x00000039       0x3a ./arch/al.o
 .comment       0x00000039       0x3a ./core/irq.o
 .comment       0x00000039       0x3a ./core/panic.o
 .comment       0x00000039       0x3a ./core/sched.o
 .comment       0x00000039       0x3a ./ds/rbtree.o
 .comment       0x00000039       0x3a ./ds/rbtree_lcached.o
 .comment       0x00000039       0x3a ./ds/rbtree_rcached.o
 .comment       0x00000039       0x3a ./private/sched_impl.o
 .comment       0x00000039       0x3a ./private/sleep_queue.o
 .comment       0x00000039       0x3a ./private/thread_impl.o
 .comment       0x00000039       0x3a ./schedulers/vtrr/vtrr.o
 .comment       0x00000039       0x3a c:/ti/msp430-gcc/bin/../lib/gcc/msp430-elf/9.2.0\libgcc.a(lib2divHI.o)
 .comment       0x00000039       0x3a c:/ti/msp430-gcc/bin/../lib/gcc/msp430-elf/9.2.0/../../../../msp430-elf/lib\libc.a(lib_a-snprintf.o)
 .comment       0x00000039       0x3a c:/ti/msp430-gcc/bin/../lib/gcc/msp430-elf/9.2.0/../../../../msp430-elf/lib\libc.a(lib_a-impure.o)
 .comment       0x00000039       0x3a c:/ti/msp430-gcc/bin/../lib/gcc/msp430-elf/9.2.0/../../../../msp430-elf/lib\libc.a(lib_a-nano-svfprintf.o)
 .comment       0x00000039       0x3a c:/ti/msp430-gcc/bin/../lib/gcc/msp430-elf/9.2.0/../../../../msp430-elf/lib\libc.a(lib_a-nano-vfprintf_i.o)
 .comment       0x00000039       0x3a c:/ti/msp430-gcc/bin/../lib/gcc/msp430-elf/9.2.0/../../../../msp430-elf/lib\libc.a(lib_a-memchr.o)
 .comment       0x00000039       0x3a c:/ti/msp430-gcc/bin/../lib/gcc/msp430-elf/9.2.0/../../../../msp430-elf/lib\libc.a(lib_a-memcpy.o)
 .comment       0x00000039       0x3a c:/ti/msp430-gcc/bin/../lib/gcc/msp430-elf/9.2.0/../../../../msp430-elf/lib\libc.a(lib_a-memmove.o)
 .comment       0x00000039       0x3a c:/ti/msp430-gcc/bin/../lib/gcc/msp430-elf/9.2.0/../../../../msp430-elf/lib\libc.a(lib_a-nano-freer.o)
 .comment       0x00000039       0x3a c:/ti/msp430-gcc/bin/../lib/gcc/msp430-elf/9.2.0/../../../../msp430-elf/lib\libc.a(lib_a-nano-mallocr.o)
 .comment       0x00000039       0x3a c:/ti/msp430-gcc/bin/../lib/gcc/msp430-elf/9.2.0/../../../../msp430-elf/lib\libc.a(lib_a-nano-reallocr.o)
 .comment       0x00000039       0x3a c:/ti/msp430-gcc/bin/../lib/gcc/msp430-elf/9.2.0/../../../../msp430-elf/lib\libc.a(lib_a-sbrkr.o)
 .comment       0x00000039       0x3a c:/ti/msp430-gcc/bin/../lib/gcc/msp430-elf/9.2.0/../../../../msp430-elf/lib\libc.a(lib_a-nano-msizer.o)
 .comment       0x00000039       0x3a c:/ti/msp430-gcc/bin/../lib/gcc/msp430-elf/9.2.0/../../../../msp430-elf/lib\libc.a(lib_a-reent.o)
 .comment       0x00000039       0x3a c:/ti/msp430-gcc/bin/../lib/gcc/msp430-elf/9.2.0\libgcc.a(lib2divSI.o)
 .comment       0x00000039       0x3a c:/ti/msp430-gcc/bin/../lib/gcc/msp430-elf/9.2.0\libgcc.a(_udivdi3.o)
 .comment       0x00000039       0x3a c:/ti/msp430-gcc/bin/../lib/gcc/msp430-elf/9.2.0/../../../../msp430-elf/lib\libnosys.a(sbrk.o)
 .comment       0x00000039       0x3a c:/ti/msp430-gcc/bin/../lib/gcc/msp430-elf/9.2.0/../../../../msp430-elf/lib\libnosys.a(write.o)
 .comment       0x00000039       0x3a c:/ti/msp430-gcc/bin/../lib/gcc/msp430-elf/9.2.0/../../../../msp430-elf/lib\libc.a(lib_a-abort.o)
 .comment       0x00000039       0x3a c:/ti/msp430-gcc/bin/../lib/gcc/msp430-elf/9.2.0/../../../../msp430-elf/lib\libc.a(lib_a-memset.o)
 .comment       0x00000039       0x3a c:/ti/msp430-gcc/bin/../lib/gcc/msp430-elf/9.2.0/../../../../msp430-elf/lib\libc.a(lib_a-signal.o)
 .comment       0x00000039       0x3a c:/ti/msp430-gcc/bin/../lib/gcc/msp430-elf/9.2.0/../../../../msp430-elf/lib\libc.a(lib_a-signalr.o)
 .comment       0x00000039       0x3a c:/ti/msp430-gcc/bin/../lib/gcc/msp430-elf/9.2.0/../../../../msp430-elf/lib\libnosys.a(exit.o)
 .comment       0x00000039       0x3a c:/ti/msp430-gcc/bin/../lib/gcc/msp430-elf/9.2.0/../../../../msp430-elf/lib\libc.a(lib_a-errno.o)

.debug
 *(.debug)

.line
 *(.line)

.debug_srcinfo
 *(.debug_srcinfo)

.debug_sfnames
 *(.debug_sfnames)

.debug_aranges  0x00000000      0x6b8
 *(.debug_aranges)
 .debug_aranges
                0x00000000       0x60 ./main.o
 .debug_aranges
                0x00000060       0xc0 ./arch/al.o
 .debug_aranges
                0x00000120       0x68 ./core/irq.o
 .debug_aranges
                0x00000188       0x28 ./core/panic.o
 .debug_aranges
                0x000001b0       0x90 ./core/sched.o
 .debug_aranges
                0x00000240      0x148 ./ds/rbtree.o
 .debug_aranges
                0x00000388       0x40 ./ds/rbtree_lcached.o
 .debug_aranges
                0x000003c8       0x40 ./ds/rbtree_rcached.o
 .debug_aranges
                0x00000408       0x80 ./private/sched_impl.o
 .debug_aranges
                0x00000488       0x50 ./private/sleep_queue.o
 .debug_aranges
                0x000004d8       0x20 ./private/thread_impl.o
 .debug_aranges
                0x000004f8       0xe8 ./schedulers/vtrr/vtrr.o
 .debug_aranges
                0x000005e0       0x20 c:/ti/msp430-gcc/bin/../lib/gcc/msp430-elf/9.2.0/../../../../msp430-elf/lib\libnosys.a(sbrk.o)
 .debug_aranges
                0x00000600       0x20 c:/ti/msp430-gcc/bin/../lib/gcc/msp430-elf/9.2.0/../../../../msp430-elf/lib\libnosys.a(write.o)
 .debug_aranges
                0x00000620       0x20 c:/ti/msp430-gcc/bin/../lib/gcc/msp430-elf/9.2.0/../../../../msp430-elf/lib\libnosys.a(cio.o)
 .debug_aranges
                0x00000640       0x58 c:/ti/msp430-gcc/bin/../lib/gcc/msp430-elf/9.2.0/../../../../msp430-elf/lib\libnosys.a(ciosyscalls.o)
 .debug_aranges
                0x00000698       0x20 c:/ti/msp430-gcc/bin/../lib/gcc/msp430-elf/9.2.0/../../../../msp430-elf/lib\libnosys.a(exit.o)

.debug_pubnames
 *(.debug_pubnames)

.debug_info     0x00000000    0x2e4d1
 *(.debug_info .gnu.linkonce.wi.*)
 .debug_info    0x00000000     0x5b09 ./main.o
 .debug_info    0x00005b09     0x6852 ./arch/al.o
 .debug_info    0x0000c35b     0x62ce ./core/irq.o
 .debug_info    0x00012629     0x6163 ./core/panic.o
 .debug_info    0x0001878c     0x6365 ./core/sched.o
 .debug_info    0x0001eaf1      0xcd3 ./ds/rbtree.o
 .debug_info    0x0001f7c4      0x34b ./ds/rbtree_lcached.o
 .debug_info    0x0001fb0f      0x34b ./ds/rbtree_rcached.o
 .debug_info    0x0001fe5a     0x63e5 ./private/sched_impl.o
 .debug_info    0x0002623f      0x78e ./private/sleep_queue.o
 .debug_info    0x000269cd     0x6143 ./private/thread_impl.o
 .debug_info    0x0002cb10      0xd2b ./schedulers/vtrr/vtrr.o
 .debug_info    0x0002d83b      0x155 c:/ti/msp430-gcc/bin/../lib/gcc/msp430-elf/9.2.0/../../../../msp430-elf/lib\libnosys.a(sbrk.o)
 .debug_info    0x0002d990      0xaaa c:/ti/msp430-gcc/bin/../lib/gcc/msp430-elf/9.2.0/../../../../msp430-elf/lib\libnosys.a(write.o)
 .debug_info    0x0002e43a       0x26 c:/ti/msp430-gcc/bin/../lib/gcc/msp430-elf/9.2.0/../../../../msp430-elf/lib\libnosys.a(cio.o)
 .debug_info    0x0002e460       0x22 c:/ti/msp430-gcc/bin/../lib/gcc/msp430-elf/9.2.0/../../../../msp430-elf/lib\libnosys.a(ciosyscalls.o)
 .debug_info    0x0002e482       0x4f c:/ti/msp430-gcc/bin/../lib/gcc/msp430-elf/9.2.0/../../../../msp430-elf/lib\libnosys.a(exit.o)

.debug_abbrev   0x00000000     0x1bc9
 *(.debug_abbrev)
 .debug_abbrev  0x00000000      0x1b0 ./main.o
 .debug_abbrev  0x000001b0      0x3ae ./arch/al.o
 .debug_abbrev  0x0000055e      0x267 ./core/irq.o
 .debug_abbrev  0x000007c5      0x1e3 ./core/panic.o
 .debug_abbrev  0x000009a8      0x219 ./core/sched.o
 .debug_abbrev  0x00000bc1      0x1e5 ./ds/rbtree.o
 .debug_abbrev  0x00000da6      0x115 ./ds/rbtree_lcached.o
 .debug_abbrev  0x00000ebb      0x115 ./ds/rbtree_rcached.o
 .debug_abbrev  0x00000fd0      0x249 ./private/sched_impl.o
 .debug_abbrev  0x00001219      0x1b9 ./private/sleep_queue.o
 .debug_abbrev  0x000013d2      0x1c1 ./private/thread_impl.o
 .debug_abbrev  0x00001593      0x21a ./schedulers/vtrr/vtrr.o
 .debug_abbrev  0x000017ad      0x16e c:/ti/msp430-gcc/bin/../lib/gcc/msp430-elf/9.2.0/../../../../msp430-elf/lib\libnosys.a(sbrk.o)
 .debug_abbrev  0x0000191b      0x239 c:/ti/msp430-gcc/bin/../lib/gcc/msp430-elf/9.2.0/../../../../msp430-elf/lib\libnosys.a(write.o)
 .debug_abbrev  0x00001b54       0x14 c:/ti/msp430-gcc/bin/../lib/gcc/msp430-elf/9.2.0/../../../../msp430-elf/lib\libnosys.a(cio.o)
 .debug_abbrev  0x00001b68       0x12 c:/ti/msp430-gcc/bin/../lib/gcc/msp430-elf/9.2.0/../../../../msp430-elf/lib\libnosys.a(ciosyscalls.o)
 .debug_abbrev  0x00001b7a       0x4f c:/ti/msp430-gcc/bin/../lib/gcc/msp430-elf/9.2.0/../../../../msp430-elf/lib\libnosys.a(exit.o)

.debug_line     0x00000000     0x3f17
 *(.debug_line .debug_line.* .debug_line_end)
 .debug_line    0x00000000      0x21d ./main.o
 .debug_line.text.a
                0x0000021d       0x22 ./main.o
 .debug_line.text.b
                0x0000023f       0x22 ./main.o
 .debug_line.text.c
                0x00000261       0x22 ./main.o
 .debug_line.text.d
                0x00000283       0x23 ./main.o
 .debug_line.text.e
                0x000002a6       0x23 ./main.o
 .debug_line.text.f
                0x000002c9       0x23 ./main.o
 .debug_line.text.main
                0x000002ec       0xe3 ./main.o
 .debug_line_end
                0x000003cf        0x0 ./main.o
 .debug_line    0x000003cf      0x2a9 ./arch/al.o
 .debug_line.text.al_disable_interrupts
                0x00000678       0x23 ./arch/al.o
 .debug_line.text.al_setup_os_timer
                0x0000069b       0x3c ./arch/al.o
 .debug_line.text.al_acknowledge_wakeup_interrupt
                0x000006d7       0x25 ./arch/al.o
 .debug_line.text.al_acknowledge_tick_interrupt
                0x000006fc       0x25 ./arch/al.o
 .debug_line.text.al_schedule_next_tick
                0x00000721       0x35 ./arch/al.o
 .debug_line.text.al_suppress_tick_interrupt
                0x00000756       0x25 ./arch/al.o
 .debug_line.text.al_idle
                0x0000077b       0x25 ./arch/al.o
 .debug_line.text.al_thread_exit
                0x000007a0       0x5b ./arch/al.o
 .debug_line.text.al_create_irq_frame
                0x000007fb       0x3d ./arch/al.o
 .debug_line.text.al_init_stack
                0x00000838      0x11d ./arch/al.o
 .debug_line.text.al_sched_start
                0x00000955       0x81 ./arch/al.o
 .debug_line.text.al_panic
                0x000009d6       0x45 ./arch/al.o
 .debug_line.text.al_tick_irq
                0x00000a1b       0xc1 ./arch/al.o
 .debug_line.text.al_time_irq
                0x00000adc       0xe5 ./arch/al.o
 .debug_line_end
                0x00000bc1        0x0 ./arch/al.o
 .debug_line    0x00000bc1      0x2b4 ./core/irq.o
 .debug_line.text.al_disable_interrupts
                0x00000e75       0x23 ./core/irq.o
 .debug_line.text.al_enable_interrupts
                0x00000e98       0x23 ./core/irq.o
 .debug_line.text.al_get_interrupt_state
                0x00000ebb       0x2b ./core/irq.o
 .debug_line.text.al_interrupts_enabled
                0x00000ee6       0x2b ./core/irq.o
 .debug_line.text.irq_disable
                0x00000f11       0x24 ./core/irq.o
 .debug_line.text.irq_enable
                0x00000f35       0x24 ./core/irq.o
 .debug_line.text.irq_lock
                0x00000f59       0x5a ./core/irq.o
 .debug_line.text.irq_unlock
                0x00000fb3       0x64 ./core/irq.o
 .debug_line_end
                0x00001017        0x0 ./core/irq.o
 .debug_line    0x00001017      0x2ac ./core/panic.o
 .debug_line.text.al_disable_interrupts
                0x000012c3       0x23 ./core/panic.o
 .debug_line.text.panic
                0x000012e6       0x22 ./core/panic.o
 .debug_line_end
                0x00001308        0x0 ./core/panic.o
 .debug_line    0x00001308      0x28d ./core/sched.o
 .debug_line.text.sched_init
                0x00001595       0x2e ./core/sched.o
 .debug_line.text.sched_add
                0x000015c3       0x4a ./core/sched.o
 .debug_line.text.sched_start
                0x0000160d       0x2e ./core/sched.o
 .debug_line_end
                0x0000163b        0x0 ./core/sched.o
 .debug_line    0x0000163b       0xb0 ./ds/rbtree.o
 .debug_line.text.__rb_set_red
                0x000016eb       0x3a ./ds/rbtree.o
 .debug_line.text.__rb_set_black
                0x00001725       0x32 ./ds/rbtree.o
 .debug_line.text.__rb_set_color
                0x00001757       0x40 ./ds/rbtree.o
 .debug_line.text.__rb_swap_colors
                0x00001797       0x84 ./ds/rbtree.o
 .debug_line.text.__rb_set_parent
                0x0000181b       0x5c ./ds/rbtree.o
 .debug_line.text.__rb_replace_child
                0x00001877       0x74 ./ds/rbtree.o
 .debug_line.text.__rb_set_parent_and_color
                0x000018eb       0x39 ./ds/rbtree.o
 .debug_line.text.__rb_left_rotate
                0x00001924       0x77 ./ds/rbtree.o
 .debug_line.text.__rb_right_rotate
                0x0000199b       0x75 ./ds/rbtree.o
 .debug_line.text.__rb_node_clear
                0x00001a10       0x2f ./ds/rbtree.o
 .debug_line.text.__rb_node_init
                0x00001a3f       0x23 ./ds/rbtree.o
 .debug_line.text.rb_tree_init
                0x00001a62       0x33 ./ds/rbtree.o
 .debug_line.text.__rb_sibling
                0x00001a95       0x83 ./ds/rbtree.o
 .debug_line.text.__rb_insert_basic
                0x00001b18       0xe4 ./ds/rbtree.o
 .debug_line.text.__rb_insert_rebalance
                0x00001bfc      0x231 ./ds/rbtree.o
 .debug_line.text.rb_tree_insert
                0x00001e2d       0xa7 ./ds/rbtree.o
 .debug_line.text.__rb_node_predecessor
                0x00001ed4       0x99 ./ds/rbtree.o
 .debug_line.text.__rb_delete_node
                0x00001f6d       0x8b ./ds/rbtree.o
 .debug_line.text.__rb_move_and_delete
                0x00001ff8       0x43 ./ds/rbtree.o
 .debug_line.text.__rb_delete_basic
                0x0000203b       0x24 ./ds/rbtree.o
 .debug_line.text.__rb_delete_rebalance
                0x0000205f      0x2b5 ./ds/rbtree.o
 .debug_line.text.rb_tree_delete_at
                0x00002314      0x118 ./ds/rbtree.o
 .debug_line.text.__rb_first
                0x0000242c       0x5b ./ds/rbtree.o
 .debug_line.text.__rb_last
                0x00002487       0x5b ./ds/rbtree.o
 .debug_line.text.rb_last
                0x000024e2       0x3b ./ds/rbtree.o
 .debug_line.text.rb_next
                0x0000251d       0xcb ./ds/rbtree.o
 .debug_line.text.rb_prev
                0x000025e8       0xcb ./ds/rbtree.o
 .debug_line.text.__rb_inorder_foreach
                0x000026b3       0x61 ./ds/rbtree.o
 .debug_line.text.rb_inorder_foreach
                0x00002714       0x3f ./ds/rbtree.o
 .debug_line_end
                0x00002753        0x0 ./ds/rbtree.o
 .debug_line    0x00002753       0xcc ./ds/rbtree_lcached.o
 .debug_line.text.rb_tree_lcached_init
                0x0000281f       0x38 ./ds/rbtree_lcached.o
 .debug_line_end
                0x00002857        0x0 ./ds/rbtree_lcached.o
 .debug_line    0x00002857       0xcc ./ds/rbtree_rcached.o
 .debug_line.text.rb_tree_rcached_init
                0x00002923       0x38 ./ds/rbtree_rcached.o
 .debug_line.text.rb_tree_rcached_insert
                0x0000295b       0x83 ./ds/rbtree_rcached.o
 .debug_line.text.rb_tree_rcached_delete_at
                0x000029de       0x84 ./ds/rbtree_rcached.o
 .debug_line_end
                0x00002a62        0x0 ./ds/rbtree_rcached.o
 .debug_line    0x00002a62      0x280 ./private/sched_impl.o
 .debug_line.text.idle
                0x00002ce2       0x1a ./private/sched_impl.o
 .debug_line.text.sched_impl_init
                0x00002cfc       0x19 ./private/sched_impl.o
 .debug_line.text.sched_impl_add
                0x00002d15       0x19 ./private/sched_impl.o
 .debug_line.text.sched_impl_start
                0x00002d2e       0x19 ./private/sched_impl.o
 .debug_line.text.sched_impl_run
                0x00002d47       0x3e ./private/sched_impl.o
 .debug_line.text.sched_impl_yield_higher
                0x00002d85       0x38 ./private/sched_impl.o
 .debug_line.text.sched_impl_thread_exit
                0x00002dbd       0x19 ./private/sched_impl.o
 .debug_line_end
                0x00002dd6        0x0 ./private/sched_impl.o
 .debug_line    0x00002dd6      0x1ae ./private/sleep_queue.o
 .debug_line.text.sleep_queue_init
                0x00002f84       0x22 ./private/sleep_queue.o
 .debug_line_end
                0x00002fa6        0x0 ./private/sleep_queue.o
 .debug_line    0x00002fa6      0x247 ./private/thread_impl.o
 .debug_line.text.thread_impl_init
                0x000031ed       0x2a ./private/thread_impl.o
 .debug_line_end
                0x00003217        0x0 ./private/thread_impl.o
 .debug_line    0x00003217      0x1bd ./schedulers/vtrr/vtrr.o
 .debug_line.text.vtrr_client_init
                0x000033d4       0x48 ./schedulers/vtrr/vtrr.o
 .debug_line.text.vtrr_client_is_runnable
                0x0000341c       0x2a ./schedulers/vtrr/vtrr.o
 .debug_line.text.vtrr_client_run
                0x00003446       0x50 ./schedulers/vtrr/vtrr.o
 .debug_line.text.vtrr_client_cmp
                0x00003496       0x6f ./schedulers/vtrr/vtrr.o
 .debug_line.text.vtrr_client_copy
                0x00003505       0x77 ./schedulers/vtrr/vtrr.o
 .debug_line.text.vtrr_client_reset
                0x0000357c       0x49 ./schedulers/vtrr/vtrr.o
 .debug_line.text.vtrr_client_add_to_list
                0x000035c5       0xc3 ./schedulers/vtrr/vtrr.o
 .debug_line.text.vtrr_mgr_init
                0x00003688       0x51 ./schedulers/vtrr/vtrr.o
 .debug_line.text.vtrr_mgr_start
                0x000036d9       0x4b ./schedulers/vtrr/vtrr.o
 .debug_line.text.vtrr_mgr_task_foreach
                0x00003724       0x2b ./schedulers/vtrr/vtrr.o
 .debug_line.text.vtrr_mgr_run
                0x0000374f      0x20f ./schedulers/vtrr/vtrr.o
 .debug_line.text.vtrr_mgr_yield_higher
                0x0000395e       0x53 ./schedulers/vtrr/vtrr.o
 .debug_line.text.vtrr_init
                0x000039b1       0x23 ./schedulers/vtrr/vtrr.o
 .debug_line.text.vtrr_start
                0x000039d4       0x23 ./schedulers/vtrr/vtrr.o
 .debug_line.text.vtrr_add
                0x000039f7       0x29 ./schedulers/vtrr/vtrr.o
 .debug_line.text.vtrr_run
                0x00003a20       0x23 ./schedulers/vtrr/vtrr.o
 .debug_line.text.vtrr_yield_higher
                0x00003a43       0x23 ./schedulers/vtrr/vtrr.o
 .debug_line_end
                0x00003a66        0x0 ./schedulers/vtrr/vtrr.o
 .debug_line    0x00003a66       0x58 c:/ti/msp430-gcc/bin/../lib/gcc/msp430-elf/9.2.0/../../../../msp430-elf/lib\libnosys.a(sbrk.o)
 .debug_line.text._sbrk
                0x00003abe       0x8d c:/ti/msp430-gcc/bin/../lib/gcc/msp430-elf/9.2.0/../../../../msp430-elf/lib\libnosys.a(sbrk.o)
 .debug_line_end
                0x00003b4b        0x0 c:/ti/msp430-gcc/bin/../lib/gcc/msp430-elf/9.2.0/../../../../msp430-elf/lib\libnosys.a(sbrk.o)
 .debug_line    0x00003b4b      0x139 c:/ti/msp430-gcc/bin/../lib/gcc/msp430-elf/9.2.0/../../../../msp430-elf/lib\libnosys.a(write.o)
 .debug_line.text.write
                0x00003c84      0x13e c:/ti/msp430-gcc/bin/../lib/gcc/msp430-elf/9.2.0/../../../../msp430-elf/lib\libnosys.a(write.o)
 .debug_line_end
                0x00003dc2        0x0 c:/ti/msp430-gcc/bin/../lib/gcc/msp430-elf/9.2.0/../../../../msp430-elf/lib\libnosys.a(write.o)
 .debug_line    0x00003dc2       0x5f c:/ti/msp430-gcc/bin/../lib/gcc/msp430-elf/9.2.0/../../../../msp430-elf/lib\libnosys.a(cio.o)
 .debug_line_end
                0x00003e21        0x0 c:/ti/msp430-gcc/bin/../lib/gcc/msp430-elf/9.2.0/../../../../msp430-elf/lib\libnosys.a(cio.o)
 .debug_line    0x00003e21       0x51 c:/ti/msp430-gcc/bin/../lib/gcc/msp430-elf/9.2.0/../../../../msp430-elf/lib\libnosys.a(ciosyscalls.o)
 .debug_line.text.getpid
                0x00003e72       0x16 c:/ti/msp430-gcc/bin/../lib/gcc/msp430-elf/9.2.0/../../../../msp430-elf/lib\libnosys.a(ciosyscalls.o)
 .debug_line.text.kill
                0x00003e88       0x11 c:/ti/msp430-gcc/bin/../lib/gcc/msp430-elf/9.2.0/../../../../msp430-elf/lib\libnosys.a(ciosyscalls.o)
 .debug_line_end
                0x00003e99        0x0 c:/ti/msp430-gcc/bin/../lib/gcc/msp430-elf/9.2.0/../../../../msp430-elf/lib\libnosys.a(ciosyscalls.o)
 .debug_line    0x00003e99       0x4a c:/ti/msp430-gcc/bin/../lib/gcc/msp430-elf/9.2.0/../../../../msp430-elf/lib\libnosys.a(exit.o)
 .debug_line.text.exit
                0x00003ee3       0x34 c:/ti/msp430-gcc/bin/../lib/gcc/msp430-elf/9.2.0/../../../../msp430-elf/lib\libnosys.a(exit.o)
 .debug_line_end
                0x00003f17        0x0 c:/ti/msp430-gcc/bin/../lib/gcc/msp430-elf/9.2.0/../../../../msp430-elf/lib\libnosys.a(exit.o)

.debug_frame    0x00000000     0x125c
 *(.debug_frame)
 .debug_frame   0x00000000       0xfc ./main.o
 .debug_frame   0x000000fc      0x1e0 ./arch/al.o
 .debug_frame   0x000002dc       0xf4 ./core/irq.o
 .debug_frame   0x000003d0       0x34 ./core/panic.o
 .debug_frame   0x00000404      0x174 ./core/sched.o
 .debug_frame   0x00000578      0x4d4 ./ds/rbtree.o
 .debug_frame   0x00000a4c       0xb4 ./ds/rbtree_lcached.o
 .debug_frame   0x00000b00       0xb4 ./ds/rbtree_rcached.o
 .debug_frame   0x00000bb4      0x16c ./private/sched_impl.o
 .debug_frame   0x00000d20       0xf4 ./private/sleep_queue.o
 .debug_frame   0x00000e14       0x34 ./private/thread_impl.o
 .debug_frame   0x00000e48      0x354 ./schedulers/vtrr/vtrr.o
 .debug_frame   0x0000119c       0x34 c:/ti/msp430-gcc/bin/../lib/gcc/msp430-elf/9.2.0/../../../../msp430-elf/lib\libnosys.a(sbrk.o)
 .debug_frame   0x000011d0       0x68 c:/ti/msp430-gcc/bin/../lib/gcc/msp430-elf/9.2.0/../../../../msp430-elf/lib\libnosys.a(write.o)
 .debug_frame   0x00001238       0x24 c:/ti/msp430-gcc/bin/../lib/gcc/msp430-elf/9.2.0/../../../../msp430-elf/lib\libnosys.a(exit.o)

.debug_str      0x00000000     0x4de7
 *(.debug_str)
 .debug_str     0x00000000     0x3a98 ./main.o
                               0x3b18 (size before relaxing)
 .debug_str     0x00003a98      0x72b ./arch/al.o
                               0x4216 (size before relaxing)
 .debug_str     0x000041c3       0xa4 ./core/irq.o
                               0x3f6f (size before relaxing)
 .debug_str     0x00004267       0x10 ./core/panic.o
                               0x3f56 (size before relaxing)
 .debug_str     0x00004277       0xfa ./core/sched.o
                               0x3fc1 (size before relaxing)
 .debug_str     0x00004371      0x373 ./ds/rbtree.o
                                0x5f8 (size before relaxing)
 .debug_str     0x000046e4       0x9a ./ds/rbtree_lcached.o
                                0x2f0 (size before relaxing)
 .debug_str     0x0000477e       0x9a ./ds/rbtree_rcached.o
                                0x2f0 (size before relaxing)
 .debug_str     0x00004818      0x113 ./private/sched_impl.o
                               0x4049 (size before relaxing)
 .debug_str     0x0000492b       0xa0 ./private/sleep_queue.o
                                0x4ce (size before relaxing)
 .debug_str     0x000049cb       0x2a ./private/thread_impl.o
                               0x3ecd (size before relaxing)
 .debug_str     0x000049f5      0x1ef ./schedulers/vtrr/vtrr.o
                                0x6ca (size before relaxing)
 .debug_str     0x00004be4       0x8e c:/ti/msp430-gcc/bin/../lib/gcc/msp430-elf/9.2.0/../../../../msp430-elf/lib\libnosys.a(sbrk.o)
                                 0x99 (size before relaxing)
 .debug_str     0x00004c72       0x84 c:/ti/msp430-gcc/bin/../lib/gcc/msp430-elf/9.2.0/../../../../msp430-elf/lib\libnosys.a(write.o)
                                0x585 (size before relaxing)
 .debug_str     0x00004cf6       0x96 c:/ti/msp430-gcc/bin/../lib/gcc/msp430-elf/9.2.0/../../../../msp430-elf/lib\libnosys.a(cio.o)
 .debug_str     0x00004d8c       0x31 c:/ti/msp430-gcc/bin/../lib/gcc/msp430-elf/9.2.0/../../../../msp430-elf/lib\libnosys.a(ciosyscalls.o)
                                 0x9e (size before relaxing)
 .debug_str     0x00004dbd       0x2a c:/ti/msp430-gcc/bin/../lib/gcc/msp430-elf/9.2.0/../../../../msp430-elf/lib\libnosys.a(exit.o)
                                 0x89 (size before relaxing)

.debug_loc      0x00000000      0x19e
 *(.debug_loc)
 .debug_loc     0x00000000       0x6f c:/ti/msp430-gcc/bin/../lib/gcc/msp430-elf/9.2.0/../../../../msp430-elf/lib\libnosys.a(sbrk.o)
 .debug_loc     0x0000006f      0x12f c:/ti/msp430-gcc/bin/../lib/gcc/msp430-elf/9.2.0/../../../../msp430-elf/lib\libnosys.a(write.o)

.debug_macinfo
 *(.debug_macinfo)

.debug_weaknames
 *(.debug_weaknames)

.debug_funcnames
 *(.debug_funcnames)

.debug_typenames
 *(.debug_typenames)

.debug_varnames
 *(.debug_varnames)

.debug_pubtypes
 *(.debug_pubtypes)

.debug_ranges   0x00000000      0x610
 *(.debug_ranges)
 .debug_ranges  0x00000000       0x50 ./main.o
 .debug_ranges  0x00000050       0xc8 ./arch/al.o
 .debug_ranges  0x00000118       0x58 ./core/irq.o
 .debug_ranges  0x00000170       0x18 ./core/panic.o
 .debug_ranges  0x00000188       0x80 ./core/sched.o
 .debug_ranges  0x00000208      0x150 ./ds/rbtree.o
 .debug_ranges  0x00000358       0x30 ./ds/rbtree_lcached.o
 .debug_ranges  0x00000388       0x30 ./ds/rbtree_rcached.o
 .debug_ranges  0x000003b8       0x70 ./private/sched_impl.o
 .debug_ranges  0x00000428       0x40 ./private/sleep_queue.o
 .debug_ranges  0x00000468       0x10 ./private/thread_impl.o
 .debug_ranges  0x00000478       0xd8 ./schedulers/vtrr/vtrr.o
 .debug_ranges  0x00000550       0x10 c:/ti/msp430-gcc/bin/../lib/gcc/msp430-elf/9.2.0/../../../../msp430-elf/lib\libnosys.a(sbrk.o)
 .debug_ranges  0x00000560       0x50 c:/ti/msp430-gcc/bin/../lib/gcc/msp430-elf/9.2.0/../../../../msp430-elf/lib\libnosys.a(write.o)
 .debug_ranges  0x000005b0       0x50 c:/ti/msp430-gcc/bin/../lib/gcc/msp430-elf/9.2.0/../../../../msp430-elf/lib\libnosys.a(ciosyscalls.o)
 .debug_ranges  0x00000600       0x10 c:/ti/msp430-gcc/bin/../lib/gcc/msp430-elf/9.2.0/../../../../msp430-elf/lib\libnosys.a(exit.o)

.debug_macro
 *(.debug_macro)

/DISCARD/
 *(.note.GNU-stack)
                [!provide]                PROVIDE (ADC12CTL0 = 0x800)
                [!provide]                PROVIDE (ADC12CTL0_L = 0x800)
                [!provide]                PROVIDE (ADC12CTL0_H = 0x801)
                [!provide]                PROVIDE (ADC12CTL1 = 0x802)
                [!provide]                PROVIDE (ADC12CTL1_L = 0x802)
                [!provide]                PROVIDE (ADC12CTL1_H = 0x803)
                [!provide]                PROVIDE (ADC12CTL2 = 0x804)
                [!provide]                PROVIDE (ADC12CTL2_L = 0x804)
                [!provide]                PROVIDE (ADC12CTL2_H = 0x805)
                [!provide]                PROVIDE (ADC12CTL3 = 0x806)
                [!provide]                PROVIDE (ADC12CTL3_L = 0x806)
                [!provide]                PROVIDE (ADC12CTL3_H = 0x807)
                [!provide]                PROVIDE (ADC12LO = 0x808)
                [!provide]                PROVIDE (ADC12LO_L = 0x808)
                [!provide]                PROVIDE (ADC12LO_H = 0x809)
                [!provide]                PROVIDE (ADC12HI = 0x80a)
                [!provide]                PROVIDE (ADC12HI_L = 0x80a)
                [!provide]                PROVIDE (ADC12HI_H = 0x80b)
                [!provide]                PROVIDE (ADC12IFGR0 = 0x80c)
                [!provide]                PROVIDE (ADC12IFGR0_L = 0x80c)
                [!provide]                PROVIDE (ADC12IFGR0_H = 0x80d)
                [!provide]                PROVIDE (ADC12IFGR1 = 0x80e)
                [!provide]                PROVIDE (ADC12IFGR1_L = 0x80e)
                [!provide]                PROVIDE (ADC12IFGR1_H = 0x80f)
                [!provide]                PROVIDE (ADC12IFGR2 = 0x810)
                [!provide]                PROVIDE (ADC12IFGR2_L = 0x810)
                [!provide]                PROVIDE (ADC12IFGR2_H = 0x811)
                [!provide]                PROVIDE (ADC12IER0 = 0x812)
                [!provide]                PROVIDE (ADC12IER0_L = 0x812)
                [!provide]                PROVIDE (ADC12IER0_H = 0x813)
                [!provide]                PROVIDE (ADC12IER1 = 0x814)
                [!provide]                PROVIDE (ADC12IER1_L = 0x814)
                [!provide]                PROVIDE (ADC12IER1_H = 0x815)
                [!provide]                PROVIDE (ADC12IER2 = 0x816)
                [!provide]                PROVIDE (ADC12IER2_L = 0x816)
                [!provide]                PROVIDE (ADC12IER2_H = 0x817)
                [!provide]                PROVIDE (ADC12IV = 0x818)
                [!provide]                PROVIDE (ADC12IV_L = 0x818)
                [!provide]                PROVIDE (ADC12IV_H = 0x819)
                [!provide]                PROVIDE (ADC12MCTL0 = 0x820)
                [!provide]                PROVIDE (ADC12MCTL0_L = 0x820)
                [!provide]                PROVIDE (ADC12MCTL0_H = 0x821)
                [!provide]                PROVIDE (ADC12MCTL1 = 0x822)
                [!provide]                PROVIDE (ADC12MCTL1_L = 0x822)
                [!provide]                PROVIDE (ADC12MCTL1_H = 0x823)
                [!provide]                PROVIDE (ADC12MCTL2 = 0x824)
                [!provide]                PROVIDE (ADC12MCTL2_L = 0x824)
                [!provide]                PROVIDE (ADC12MCTL2_H = 0x825)
                [!provide]                PROVIDE (ADC12MCTL3 = 0x826)
                [!provide]                PROVIDE (ADC12MCTL3_L = 0x826)
                [!provide]                PROVIDE (ADC12MCTL3_H = 0x827)
                [!provide]                PROVIDE (ADC12MCTL4 = 0x828)
                [!provide]                PROVIDE (ADC12MCTL4_L = 0x828)
                [!provide]                PROVIDE (ADC12MCTL4_H = 0x829)
                [!provide]                PROVIDE (ADC12MCTL5 = 0x82a)
                [!provide]                PROVIDE (ADC12MCTL5_L = 0x82a)
                [!provide]                PROVIDE (ADC12MCTL5_H = 0x82b)
                [!provide]                PROVIDE (ADC12MCTL6 = 0x82c)
                [!provide]                PROVIDE (ADC12MCTL6_L = 0x82c)
                [!provide]                PROVIDE (ADC12MCTL6_H = 0x82d)
                [!provide]                PROVIDE (ADC12MCTL7 = 0x82e)
                [!provide]                PROVIDE (ADC12MCTL7_L = 0x82e)
                [!provide]                PROVIDE (ADC12MCTL7_H = 0x82f)
                [!provide]                PROVIDE (ADC12MCTL8 = 0x830)
                [!provide]                PROVIDE (ADC12MCTL8_L = 0x830)
                [!provide]                PROVIDE (ADC12MCTL8_H = 0x831)
                [!provide]                PROVIDE (ADC12MCTL9 = 0x832)
                [!provide]                PROVIDE (ADC12MCTL9_L = 0x832)
                [!provide]                PROVIDE (ADC12MCTL9_H = 0x833)
                [!provide]                PROVIDE (ADC12MCTL10 = 0x834)
                [!provide]                PROVIDE (ADC12MCTL10_L = 0x834)
                [!provide]                PROVIDE (ADC12MCTL10_H = 0x835)
                [!provide]                PROVIDE (ADC12MCTL11 = 0x836)
                [!provide]                PROVIDE (ADC12MCTL11_L = 0x836)
                [!provide]                PROVIDE (ADC12MCTL11_H = 0x837)
                [!provide]                PROVIDE (ADC12MCTL12 = 0x838)
                [!provide]                PROVIDE (ADC12MCTL12_L = 0x838)
                [!provide]                PROVIDE (ADC12MCTL12_H = 0x839)
                [!provide]                PROVIDE (ADC12MCTL13 = 0x83a)
                [!provide]                PROVIDE (ADC12MCTL13_L = 0x83a)
                [!provide]                PROVIDE (ADC12MCTL13_H = 0x83b)
                [!provide]                PROVIDE (ADC12MCTL14 = 0x83c)
                [!provide]                PROVIDE (ADC12MCTL14_L = 0x83c)
                [!provide]                PROVIDE (ADC12MCTL14_H = 0x83d)
                [!provide]                PROVIDE (ADC12MCTL15 = 0x83e)
                [!provide]                PROVIDE (ADC12MCTL15_L = 0x83e)
                [!provide]                PROVIDE (ADC12MCTL15_H = 0x83f)
                [!provide]                PROVIDE (ADC12MCTL16 = 0x840)
                [!provide]                PROVIDE (ADC12MCTL16_L = 0x840)
                [!provide]                PROVIDE (ADC12MCTL16_H = 0x841)
                [!provide]                PROVIDE (ADC12MCTL17 = 0x842)
                [!provide]                PROVIDE (ADC12MCTL17_L = 0x842)
                [!provide]                PROVIDE (ADC12MCTL17_H = 0x843)
                [!provide]                PROVIDE (ADC12MCTL18 = 0x844)
                [!provide]                PROVIDE (ADC12MCTL18_L = 0x844)
                [!provide]                PROVIDE (ADC12MCTL18_H = 0x845)
                [!provide]                PROVIDE (ADC12MCTL19 = 0x846)
                [!provide]                PROVIDE (ADC12MCTL19_L = 0x846)
                [!provide]                PROVIDE (ADC12MCTL19_H = 0x847)
                [!provide]                PROVIDE (ADC12MCTL20 = 0x848)
                [!provide]                PROVIDE (ADC12MCTL20_L = 0x848)
                [!provide]                PROVIDE (ADC12MCTL20_H = 0x849)
                [!provide]                PROVIDE (ADC12MCTL21 = 0x84a)
                [!provide]                PROVIDE (ADC12MCTL21_L = 0x84a)
                [!provide]                PROVIDE (ADC12MCTL21_H = 0x84b)
                [!provide]                PROVIDE (ADC12MCTL22 = 0x84c)
                [!provide]                PROVIDE (ADC12MCTL22_L = 0x84c)
                [!provide]                PROVIDE (ADC12MCTL22_H = 0x84d)
                [!provide]                PROVIDE (ADC12MCTL23 = 0x84e)
                [!provide]                PROVIDE (ADC12MCTL23_L = 0x84e)
                [!provide]                PROVIDE (ADC12MCTL23_H = 0x84f)
                [!provide]                PROVIDE (ADC12MCTL24 = 0x850)
                [!provide]                PROVIDE (ADC12MCTL24_L = 0x850)
                [!provide]                PROVIDE (ADC12MCTL24_H = 0x851)
                [!provide]                PROVIDE (ADC12MCTL25 = 0x852)
                [!provide]                PROVIDE (ADC12MCTL25_L = 0x852)
                [!provide]                PROVIDE (ADC12MCTL25_H = 0x853)
                [!provide]                PROVIDE (ADC12MCTL26 = 0x854)
                [!provide]                PROVIDE (ADC12MCTL26_L = 0x854)
                [!provide]                PROVIDE (ADC12MCTL26_H = 0x855)
                [!provide]                PROVIDE (ADC12MCTL27 = 0x856)
                [!provide]                PROVIDE (ADC12MCTL27_L = 0x856)
                [!provide]                PROVIDE (ADC12MCTL27_H = 0x857)
                [!provide]                PROVIDE (ADC12MCTL28 = 0x858)
                [!provide]                PROVIDE (ADC12MCTL28_L = 0x858)
                [!provide]                PROVIDE (ADC12MCTL28_H = 0x859)
                [!provide]                PROVIDE (ADC12MCTL29 = 0x85a)
                [!provide]                PROVIDE (ADC12MCTL29_L = 0x85a)
                [!provide]                PROVIDE (ADC12MCTL29_H = 0x85b)
                [!provide]                PROVIDE (ADC12MCTL30 = 0x85c)
                [!provide]                PROVIDE (ADC12MCTL30_L = 0x85c)
                [!provide]                PROVIDE (ADC12MCTL30_H = 0x85d)
                [!provide]                PROVIDE (ADC12MCTL31 = 0x85e)
                [!provide]                PROVIDE (ADC12MCTL31_L = 0x85e)
                [!provide]                PROVIDE (ADC12MCTL31_H = 0x85f)
                [!provide]                PROVIDE (ADC12MEM0 = 0x860)
                [!provide]                PROVIDE (ADC12MEM0_L = 0x860)
                [!provide]                PROVIDE (ADC12MEM0_H = 0x861)
                [!provide]                PROVIDE (ADC12MEM1 = 0x862)
                [!provide]                PROVIDE (ADC12MEM1_L = 0x862)
                [!provide]                PROVIDE (ADC12MEM1_H = 0x863)
                [!provide]                PROVIDE (ADC12MEM2 = 0x864)
                [!provide]                PROVIDE (ADC12MEM2_L = 0x864)
                [!provide]                PROVIDE (ADC12MEM2_H = 0x865)
                [!provide]                PROVIDE (ADC12MEM3 = 0x866)
                [!provide]                PROVIDE (ADC12MEM3_L = 0x866)
                [!provide]                PROVIDE (ADC12MEM3_H = 0x867)
                [!provide]                PROVIDE (ADC12MEM4 = 0x868)
                [!provide]                PROVIDE (ADC12MEM4_L = 0x868)
                [!provide]                PROVIDE (ADC12MEM4_H = 0x869)
                [!provide]                PROVIDE (ADC12MEM5 = 0x86a)
                [!provide]                PROVIDE (ADC12MEM5_L = 0x86a)
                [!provide]                PROVIDE (ADC12MEM5_H = 0x86b)
                [!provide]                PROVIDE (ADC12MEM6 = 0x86c)
                [!provide]                PROVIDE (ADC12MEM6_L = 0x86c)
                [!provide]                PROVIDE (ADC12MEM6_H = 0x86d)
                [!provide]                PROVIDE (ADC12MEM7 = 0x86e)
                [!provide]                PROVIDE (ADC12MEM7_L = 0x86e)
                [!provide]                PROVIDE (ADC12MEM7_H = 0x86f)
                [!provide]                PROVIDE (ADC12MEM8 = 0x870)
                [!provide]                PROVIDE (ADC12MEM8_L = 0x870)
                [!provide]                PROVIDE (ADC12MEM8_H = 0x871)
                [!provide]                PROVIDE (ADC12MEM9 = 0x872)
                [!provide]                PROVIDE (ADC12MEM9_L = 0x872)
                [!provide]                PROVIDE (ADC12MEM9_H = 0x873)
                [!provide]                PROVIDE (ADC12MEM10 = 0x874)
                [!provide]                PROVIDE (ADC12MEM10_L = 0x874)
                [!provide]                PROVIDE (ADC12MEM10_H = 0x875)
                [!provide]                PROVIDE (ADC12MEM11 = 0x876)
                [!provide]                PROVIDE (ADC12MEM11_L = 0x876)
                [!provide]                PROVIDE (ADC12MEM11_H = 0x877)
                [!provide]                PROVIDE (ADC12MEM12 = 0x878)
                [!provide]                PROVIDE (ADC12MEM12_L = 0x878)
                [!provide]                PROVIDE (ADC12MEM12_H = 0x879)
                [!provide]                PROVIDE (ADC12MEM13 = 0x87a)
                [!provide]                PROVIDE (ADC12MEM13_L = 0x87a)
                [!provide]                PROVIDE (ADC12MEM13_H = 0x87b)
                [!provide]                PROVIDE (ADC12MEM14 = 0x87c)
                [!provide]                PROVIDE (ADC12MEM14_L = 0x87c)
                [!provide]                PROVIDE (ADC12MEM14_H = 0x87d)
                [!provide]                PROVIDE (ADC12MEM15 = 0x87e)
                [!provide]                PROVIDE (ADC12MEM15_L = 0x87e)
                [!provide]                PROVIDE (ADC12MEM15_H = 0x87f)
                [!provide]                PROVIDE (ADC12MEM16 = 0x880)
                [!provide]                PROVIDE (ADC12MEM16_L = 0x880)
                [!provide]                PROVIDE (ADC12MEM16_H = 0x881)
                [!provide]                PROVIDE (ADC12MEM17 = 0x882)
                [!provide]                PROVIDE (ADC12MEM17_L = 0x882)
                [!provide]                PROVIDE (ADC12MEM17_H = 0x883)
                [!provide]                PROVIDE (ADC12MEM18 = 0x884)
                [!provide]                PROVIDE (ADC12MEM18_L = 0x884)
                [!provide]                PROVIDE (ADC12MEM18_H = 0x885)
                [!provide]                PROVIDE (ADC12MEM19 = 0x886)
                [!provide]                PROVIDE (ADC12MEM19_L = 0x886)
                [!provide]                PROVIDE (ADC12MEM19_H = 0x887)
                [!provide]                PROVIDE (ADC12MEM20 = 0x888)
                [!provide]                PROVIDE (ADC12MEM20_L = 0x888)
                [!provide]                PROVIDE (ADC12MEM20_H = 0x889)
                [!provide]                PROVIDE (ADC12MEM21 = 0x88a)
                [!provide]                PROVIDE (ADC12MEM21_L = 0x88a)
                [!provide]                PROVIDE (ADC12MEM21_H = 0x88b)
                [!provide]                PROVIDE (ADC12MEM22 = 0x88c)
                [!provide]                PROVIDE (ADC12MEM22_L = 0x88c)
                [!provide]                PROVIDE (ADC12MEM22_H = 0x88d)
                [!provide]                PROVIDE (ADC12MEM23 = 0x88e)
                [!provide]                PROVIDE (ADC12MEM23_L = 0x88e)
                [!provide]                PROVIDE (ADC12MEM23_H = 0x88f)
                [!provide]                PROVIDE (ADC12MEM24 = 0x890)
                [!provide]                PROVIDE (ADC12MEM24_L = 0x890)
                [!provide]                PROVIDE (ADC12MEM24_H = 0x891)
                [!provide]                PROVIDE (ADC12MEM25 = 0x892)
                [!provide]                PROVIDE (ADC12MEM25_L = 0x892)
                [!provide]                PROVIDE (ADC12MEM25_H = 0x893)
                [!provide]                PROVIDE (ADC12MEM26 = 0x894)
                [!provide]                PROVIDE (ADC12MEM26_L = 0x894)
                [!provide]                PROVIDE (ADC12MEM26_H = 0x895)
                [!provide]                PROVIDE (ADC12MEM27 = 0x896)
                [!provide]                PROVIDE (ADC12MEM27_L = 0x896)
                [!provide]                PROVIDE (ADC12MEM27_H = 0x897)
                [!provide]                PROVIDE (ADC12MEM28 = 0x898)
                [!provide]                PROVIDE (ADC12MEM28_L = 0x898)
                [!provide]                PROVIDE (ADC12MEM28_H = 0x899)
                [!provide]                PROVIDE (ADC12MEM29 = 0x89a)
                [!provide]                PROVIDE (ADC12MEM29_L = 0x89a)
                [!provide]                PROVIDE (ADC12MEM29_H = 0x89b)
                [!provide]                PROVIDE (ADC12MEM30 = 0x89c)
                [!provide]                PROVIDE (ADC12MEM30_L = 0x89c)
                [!provide]                PROVIDE (ADC12MEM30_H = 0x89d)
                [!provide]                PROVIDE (ADC12MEM31 = 0x89e)
                [!provide]                PROVIDE (ADC12MEM31_L = 0x89e)
                [!provide]                PROVIDE (ADC12MEM31_H = 0x89f)
                [!provide]                PROVIDE (AESACTL0 = 0x9c0)
                [!provide]                PROVIDE (AESACTL0_L = 0x9c0)
                [!provide]                PROVIDE (AESACTL0_H = 0x9c1)
                [!provide]                PROVIDE (AESACTL1 = 0x9c2)
                [!provide]                PROVIDE (AESACTL1_L = 0x9c2)
                [!provide]                PROVIDE (AESACTL1_H = 0x9c3)
                [!provide]                PROVIDE (AESASTAT = 0x9c4)
                [!provide]                PROVIDE (AESASTAT_L = 0x9c4)
                [!provide]                PROVIDE (AESASTAT_H = 0x9c5)
                [!provide]                PROVIDE (AESAKEY = 0x9c6)
                [!provide]                PROVIDE (AESAKEY_L = 0x9c6)
                [!provide]                PROVIDE (AESAKEY_H = 0x9c7)
                [!provide]                PROVIDE (AESADIN = 0x9c8)
                [!provide]                PROVIDE (AESADIN_L = 0x9c8)
                [!provide]                PROVIDE (AESADIN_H = 0x9c9)
                [!provide]                PROVIDE (AESADOUT = 0x9ca)
                [!provide]                PROVIDE (AESADOUT_L = 0x9ca)
                [!provide]                PROVIDE (AESADOUT_H = 0x9cb)
                [!provide]                PROVIDE (AESAXDIN = 0x9cc)
                [!provide]                PROVIDE (AESAXDIN_L = 0x9cc)
                [!provide]                PROVIDE (AESAXDIN_H = 0x9cd)
                [!provide]                PROVIDE (AESAXIN = 0x9ce)
                [!provide]                PROVIDE (AESAXIN_L = 0x9ce)
                [!provide]                PROVIDE (AESAXIN_H = 0x9cf)
                [!provide]                PROVIDE (CAPTIO0CTL = 0x43e)
                [!provide]                PROVIDE (CAPTIO0CTL_L = 0x43e)
                [!provide]                PROVIDE (CAPTIO0CTL_H = 0x43f)
                [!provide]                PROVIDE (CAPTIO1CTL = 0x47e)
                [!provide]                PROVIDE (CAPTIO1CTL_L = 0x47e)
                [!provide]                PROVIDE (CAPTIO1CTL_H = 0x47f)
                [!provide]                PROVIDE (CECTL0 = 0x8c0)
                [!provide]                PROVIDE (CECTL0_L = 0x8c0)
                [!provide]                PROVIDE (CECTL0_H = 0x8c1)
                [!provide]                PROVIDE (CECTL1 = 0x8c2)
                [!provide]                PROVIDE (CECTL1_L = 0x8c2)
                [!provide]                PROVIDE (CECTL1_H = 0x8c3)
                [!provide]                PROVIDE (CECTL2 = 0x8c4)
                [!provide]                PROVIDE (CECTL2_L = 0x8c4)
                [!provide]                PROVIDE (CECTL2_H = 0x8c5)
                [!provide]                PROVIDE (CECTL3 = 0x8c6)
                [!provide]                PROVIDE (CECTL3_L = 0x8c6)
                [!provide]                PROVIDE (CECTL3_H = 0x8c7)
                [!provide]                PROVIDE (CEINT = 0x8cc)
                [!provide]                PROVIDE (CEINT_L = 0x8cc)
                [!provide]                PROVIDE (CEINT_H = 0x8cd)
                [!provide]                PROVIDE (CEIV = 0x8ce)
                [!provide]                PROVIDE (CEIV_L = 0x8ce)
                [!provide]                PROVIDE (CEIV_H = 0x8cf)
                [!provide]                PROVIDE (CRCDI = 0x150)
                [!provide]                PROVIDE (CRCDI_L = 0x150)
                [!provide]                PROVIDE (CRCDI_H = 0x151)
                [!provide]                PROVIDE (CRCDIRB = 0x152)
                [!provide]                PROVIDE (CRCDIRB_L = 0x152)
                [!provide]                PROVIDE (CRCDIRB_H = 0x153)
                [!provide]                PROVIDE (CRCINIRES = 0x154)
                [!provide]                PROVIDE (CRCINIRES_L = 0x154)
                [!provide]                PROVIDE (CRCINIRES_H = 0x155)
                [!provide]                PROVIDE (CRCRESR = 0x156)
                [!provide]                PROVIDE (CRCRESR_L = 0x156)
                [!provide]                PROVIDE (CRCRESR_H = 0x157)
                [!provide]                PROVIDE (CRC32DIW0 = 0x980)
                [!provide]                PROVIDE (CRC32DIW0_L = 0x980)
                [!provide]                PROVIDE (CRC32DIW0_H = 0x981)
                [!provide]                PROVIDE (CRC32DIW1 = 0x982)
                [!provide]                PROVIDE (CRC32DIW1_L = 0x982)
                [!provide]                PROVIDE (CRC32DIW1_H = 0x983)
                [!provide]                PROVIDE (CRC32DIRBW1 = 0x984)
                [!provide]                PROVIDE (CRC32DIRBW1_L = 0x984)
                [!provide]                PROVIDE (CRC32DIRBW1_H = 0x985)
                [!provide]                PROVIDE (CRC32DIRBW0 = 0x986)
                [!provide]                PROVIDE (CRC32DIRBW0_L = 0x986)
                [!provide]                PROVIDE (CRC32DIRBW0_H = 0x987)
                [!provide]                PROVIDE (CRC32INIRESW0 = 0x988)
                [!provide]                PROVIDE (CRC32INIRESW0_L = 0x988)
                [!provide]                PROVIDE (CRC32INIRESW0_H = 0x989)
                [!provide]                PROVIDE (CRC32INIRESW1 = 0x98a)
                [!provide]                PROVIDE (CRC32INIRESW1_L = 0x98a)
                [!provide]                PROVIDE (CRC32INIRESW1_H = 0x98b)
                [!provide]                PROVIDE (CRC32RESRW1 = 0x98c)
                [!provide]                PROVIDE (CRC32RESRW1_L = 0x98c)
                [!provide]                PROVIDE (CRC32RESRW1_H = 0x98d)
                [!provide]                PROVIDE (CRC32RESRW0 = 0x98e)
                [!provide]                PROVIDE (CRC32RESRW0_L = 0x98e)
                [!provide]                PROVIDE (CRC32RESRW0_H = 0x98f)
                [!provide]                PROVIDE (CRC16DIW0 = 0x990)
                [!provide]                PROVIDE (CRC16DIW0_L = 0x990)
                [!provide]                PROVIDE (CRC16DIW0_H = 0x991)
                [!provide]                PROVIDE (CRC16DIRBW0 = 0x996)
                [!provide]                PROVIDE (CRC16DIRBW0_L = 0x996)
                [!provide]                PROVIDE (CRC16DIRBW0_H = 0x997)
                [!provide]                PROVIDE (CRC16INIRESW0 = 0x998)
                [!provide]                PROVIDE (CRC16INIRESW0_L = 0x998)
                [!provide]                PROVIDE (CRC16INIRESW0_H = 0x999)
                [!provide]                PROVIDE (CRC16RESRW0 = 0x99e)
                [!provide]                PROVIDE (CRC16RESRW0_L = 0x99e)
                [!provide]                PROVIDE (CRC16RESRW0_H = 0x99f)
                [!provide]                PROVIDE (CSCTL0 = 0x160)
                [!provide]                PROVIDE (CSCTL0_L = 0x160)
                [!provide]                PROVIDE (CSCTL0_H = 0x161)
                [!provide]                PROVIDE (CSCTL1 = 0x162)
                [!provide]                PROVIDE (CSCTL1_L = 0x162)
                [!provide]                PROVIDE (CSCTL1_H = 0x163)
                [!provide]                PROVIDE (CSCTL2 = 0x164)
                [!provide]                PROVIDE (CSCTL2_L = 0x164)
                [!provide]                PROVIDE (CSCTL2_H = 0x165)
                [!provide]                PROVIDE (CSCTL3 = 0x166)
                [!provide]                PROVIDE (CSCTL3_L = 0x166)
                [!provide]                PROVIDE (CSCTL3_H = 0x167)
                [!provide]                PROVIDE (CSCTL4 = 0x168)
                [!provide]                PROVIDE (CSCTL4_L = 0x168)
                [!provide]                PROVIDE (CSCTL4_H = 0x169)
                [!provide]                PROVIDE (CSCTL5 = 0x16a)
                [!provide]                PROVIDE (CSCTL5_L = 0x16a)
                [!provide]                PROVIDE (CSCTL5_H = 0x16b)
                [!provide]                PROVIDE (CSCTL6 = 0x16c)
                [!provide]                PROVIDE (CSCTL6_L = 0x16c)
                [!provide]                PROVIDE (CSCTL6_H = 0x16d)
                [!provide]                PROVIDE (PAIN = 0x200)
                [!provide]                PROVIDE (PAIN_L = 0x200)
                [!provide]                PROVIDE (PAIN_H = 0x201)
                [!provide]                PROVIDE (PAOUT = 0x202)
                [!provide]                PROVIDE (PAOUT_L = 0x202)
                [!provide]                PROVIDE (PAOUT_H = 0x203)
                [!provide]                PROVIDE (PADIR = 0x204)
                [!provide]                PROVIDE (PADIR_L = 0x204)
                [!provide]                PROVIDE (PADIR_H = 0x205)
                [!provide]                PROVIDE (PAREN = 0x206)
                [!provide]                PROVIDE (PAREN_L = 0x206)